[0.572s] Invoking command in '/home/olympusforge/ros2_frost/build/tortoisebot_gazebo': CMAKE_PREFIX_PATH=${CMAKE_PREFIX_PATH}:/home/olympusforge/ros2_frost/install/tortoisebot_control:/opt/ros/humble /usr/bin/cmake /home/olympusforge/ros2_frost/src/tortoisebot/tortoisebot_gazebo -DCMAKE_INSTALL_PREFIX=/home/olympusforge/ros2_frost/install/tortoisebot_gazebo
[0.610s] -- Found ament_cmake: 1.3.11 (/opt/ros/humble/share/ament_cmake/cmake)
[0.735s] -- Override CMake install command with custom implementation using symlinks instead of copying resources
[0.769s] -- Found ament_lint_auto: 0.12.11 (/opt/ros/humble/share/ament_lint_auto/cmake)
[0.877s] -- Added test 'copyright' to check source files copyright and LICENSE
[0.877s] -- Added test 'flake8' to check Python code syntax and style conventions
[0.877s] -- Added test 'lint_cmake' to check CMake code style
[0.877s] -- Added test 'pep257' to check Python code against some of the docstring style conventions in PEP 257
[0.877s] -- Added test 'xmllint' to check XML markup files
[0.877s] -- Configuring done
[0.877s] -- Generating done
[0.877s] -- Build files have been written to: /home/olympusforge/ros2_frost/build/tortoisebot_gazebo
[0.896s] Invoked command in '/home/olympusforge/ros2_frost/build/tortoisebot_gazebo' returned '0': CMAKE_PREFIX_PATH=${CMAKE_PREFIX_PATH}:/home/olympusforge/ros2_frost/install/tortoisebot_control:/opt/ros/humble /usr/bin/cmake /home/olympusforge/ros2_frost/src/tortoisebot/tortoisebot_gazebo -DCMAKE_INSTALL_PREFIX=/home/olympusforge/ros2_frost/install/tortoisebot_gazebo
[0.897s] Invoking command in '/home/olympusforge/ros2_frost/build/tortoisebot_gazebo': CMAKE_PREFIX_PATH=${CMAKE_PREFIX_PATH}:/home/olympusforge/ros2_frost/install/tortoisebot_control:/opt/ros/humble /usr/bin/cmake --build /home/olympusforge/ros2_frost/build/tortoisebot_gazebo -- -j8 -l8
[1.028s] Invoked command in '/home/olympusforge/ros2_frost/build/tortoisebot_gazebo' returned '0': CMAKE_PREFIX_PATH=${CMAKE_PREFIX_PATH}:/home/olympusforge/ros2_frost/install/tortoisebot_control:/opt/ros/humble /usr/bin/cmake --build /home/olympusforge/ros2_frost/build/tortoisebot_gazebo -- -j8 -l8
[1.029s] Invoking command in '/home/olympusforge/ros2_frost/build/tortoisebot_gazebo': CMAKE_PREFIX_PATH=${CMAKE_PREFIX_PATH}:/home/olympusforge/ros2_frost/install/tortoisebot_control:/opt/ros/humble /usr/bin/cmake --install /home/olympusforge/ros2_frost/build/tortoisebot_gazebo
[1.042s] -- Install configuration: ""
[1.045s] -- Execute custom install script
[1.049s] -- Up-to-date symlink: /home/olympusforge/ros2_frost/install/tortoisebot_gazebo/share/tortoisebot_gazebo/gazebo/tortoisebot_materials.gazebo
[1.049s] -- Up-to-date symlink: /home/olympusforge/ros2_frost/install/tortoisebot_gazebo/share/tortoisebot_gazebo/gazebo/tortoisebot_physics.gazebo
[1.049s] -- Up-to-date symlink: /home/olympusforge/ros2_frost/install/tortoisebot_gazebo/share/tortoisebot_gazebo/gazebo/tortoisebot_plugins.gazebo
[1.049s] -- Up-to-date symlink: /home/olympusforge/ros2_frost/install/tortoisebot_gazebo/share/tortoisebot_gazebo/launch/gazebo.launch.py
[1.049s] -- Up-to-date symlink: /home/olympusforge/ros2_frost/install/tortoisebot_gazebo/share/tortoisebot_gazebo/worlds/room2.sdf
[1.050s] -- Up-to-date symlink: /home/olympusforge/ros2_frost/install/tortoisebot_gazebo/share/ament_index/resource_index/package_run_dependencies/tortoisebot_gazebo
[1.050s] -- Up-to-date symlink: /home/olympusforge/ros2_frost/install/tortoisebot_gazebo/share/ament_index/resource_index/parent_prefix_path/tortoisebot_gazebo
[1.050s] -- Up-to-date symlink: /home/olympusforge/ros2_frost/install/tortoisebot_gazebo/share/tortoisebot_gazebo/environment/ament_prefix_path.sh
[1.050s] -- Up-to-date symlink: /home/olympusforge/ros2_frost/install/tortoisebot_gazebo/share/tortoisebot_gazebo/environment/ament_prefix_path.dsv
[1.050s] -- Up-to-date symlink: /home/olympusforge/ros2_frost/install/tortoisebot_gazebo/share/tortoisebot_gazebo/environment/path.sh
[1.050s] -- Up-to-date symlink: /home/olympusforge/ros2_frost/install/tortoisebot_gazebo/share/tortoisebot_gazebo/environment/path.dsv
[1.050s] -- Up-to-date symlink: /home/olympusforge/ros2_frost/install/tortoisebot_gazebo/share/tortoisebot_gazebo/local_setup.bash
[1.050s] -- Up-to-date symlink: /home/olympusforge/ros2_frost/install/tortoisebot_gazebo/share/tortoisebot_gazebo/local_setup.sh
[1.050s] -- Up-to-date symlink: /home/olympusforge/ros2_frost/install/tortoisebot_gazebo/share/tortoisebot_gazebo/local_setup.zsh
[1.050s] -- Up-to-date symlink: /home/olympusforge/ros2_frost/install/tortoisebot_gazebo/share/tortoisebot_gazebo/local_setup.dsv
[1.050s] -- Symlinking: /home/olympusforge/ros2_frost/install/tortoisebot_gazebo/share/tortoisebot_gazebo/package.dsv
[1.064s] -- Up-to-date symlink: /home/olympusforge/ros2_frost/install/tortoisebot_gazebo/share/ament_index/resource_index/packages/tortoisebot_gazebo
[1.064s] -- Up-to-date symlink: /home/olympusforge/ros2_frost/install/tortoisebot_gazebo/share/tortoisebot_gazebo/cmake/tortoisebot_gazeboConfig.cmake
[1.066s] -- Up-to-date symlink: /home/olympusforge/ros2_frost/install/tortoisebot_gazebo/share/tortoisebot_gazebo/cmake/tortoisebot_gazeboConfig-version.cmake
[1.066s] -- Up-to-date symlink: /home/olympusforge/ros2_frost/install/tortoisebot_gazebo/share/tortoisebot_gazebo/package.xml
[1.082s] Invoked command in '/home/olympusforge/ros2_frost/build/tortoisebot_gazebo' returned '0': CMAKE_PREFIX_PATH=${CMAKE_PREFIX_PATH}:/home/olympusforge/ros2_frost/install/tortoisebot_control:/opt/ros/humble /usr/bin/cmake --install /home/olympusforge/ros2_frost/build/tortoisebot_gazebo
