[0.477s] Invoking command in '/home/olympusforge/ros2_frost/build/v4l2_camera': CMAKE_PREFIX_PATH=${CMAKE_PREFIX_PATH}:/home/olympusforge/ros2_frost/install/tortoisebot_control:/home/olympusforge/ros2_frost/install/nav2_loopback_sim:/opt/ros/humble /usr/bin/cmake --build /home/olympusforge/ros2_frost/build/v4l2_camera -- -j8 -l8
[1.634s] [ 50%] Built target v4l2_camera
[1.858s] [ 75%] Built target v4l2_camera_node
[1.858s] [100%] Built target v4l2_camera_compose_test
[2.230s] Invoked command in '/home/olympusforge/ros2_frost/build/v4l2_camera' returned '0': CMAKE_PREFIX_PATH=${CMAKE_PREFIX_PATH}:/home/olympusforge/ros2_frost/install/tortoisebot_control:/home/olympusforge/ros2_frost/install/nav2_loopback_sim:/opt/ros/humble /usr/bin/cmake --build /home/olympusforge/ros2_frost/build/v4l2_camera -- -j8 -l8
[2.230s] Invoking command in '/home/olympusforge/ros2_frost/build/v4l2_camera': CMAKE_PREFIX_PATH=${CMAKE_PREFIX_PATH}:/home/olympusforge/ros2_frost/install/tortoisebot_control:/home/olympusforge/ros2_frost/install/nav2_loopback_sim:/opt/ros/humble /usr/bin/cmake --install /home/olympusforge/ros2_frost/build/v4l2_camera
[2.233s] -- Install configuration: ""
[2.234s] -- Execute custom install script
[2.235s] -- Up-to-date symlink: /home/olympusforge/ros2_frost/install/v4l2_camera/include/v4l2_camera/control.hpp
[2.235s] -- Up-to-date symlink: /home/olympusforge/ros2_frost/install/v4l2_camera/include/v4l2_camera/fourcc.hpp
[2.235s] -- Up-to-date symlink: /home/olympusforge/ros2_frost/install/v4l2_camera/include/v4l2_camera/image_format.hpp
[2.235s] -- Up-to-date symlink: /home/olympusforge/ros2_frost/install/v4l2_camera/include/v4l2_camera/parameters.hpp
[2.235s] -- Up-to-date symlink: /home/olympusforge/ros2_frost/install/v4l2_camera/include/v4l2_camera/pixel_format.hpp
[2.235s] -- Up-to-date symlink: /home/olympusforge/ros2_frost/install/v4l2_camera/include/v4l2_camera/v4l2_camera.hpp
[2.235s] -- Up-to-date symlink: /home/olympusforge/ros2_frost/install/v4l2_camera/include/v4l2_camera/v4l2_camera_device.hpp
[2.235s] -- Up-to-date symlink: /home/olympusforge/ros2_frost/install/v4l2_camera/include/v4l2_camera/visibility_control.h
[2.235s] -- Up-to-date symlink: /home/olympusforge/ros2_frost/install/v4l2_camera/share/v4l2_camera/environment/library_path.sh
[2.235s] -- Up-to-date symlink: /home/olympusforge/ros2_frost/install/v4l2_camera/share/v4l2_camera/environment/library_path.dsv
[2.235s] -- Up-to-date symlink: /home/olympusforge/ros2_frost/install/v4l2_camera/share/ament_index/resource_index/package_run_dependencies/v4l2_camera
[2.235s] -- Up-to-date symlink: /home/olympusforge/ros2_frost/install/v4l2_camera/share/ament_index/resource_index/parent_prefix_path/v4l2_camera
[2.235s] -- Up-to-date symlink: /home/olympusforge/ros2_frost/install/v4l2_camera/share/v4l2_camera/environment/ament_prefix_path.sh
[2.235s] -- Up-to-date symlink: /home/olympusforge/ros2_frost/install/v4l2_camera/share/v4l2_camera/environment/ament_prefix_path.dsv
[2.235s] -- Up-to-date symlink: /home/olympusforge/ros2_frost/install/v4l2_camera/share/v4l2_camera/environment/path.sh
[2.235s] -- Up-to-date symlink: /home/olympusforge/ros2_frost/install/v4l2_camera/share/v4l2_camera/environment/path.dsv
[2.235s] -- Up-to-date symlink: /home/olympusforge/ros2_frost/install/v4l2_camera/share/v4l2_camera/local_setup.bash
[2.235s] -- Up-to-date symlink: /home/olympusforge/ros2_frost/install/v4l2_camera/share/v4l2_camera/local_setup.sh
[2.235s] -- Up-to-date symlink: /home/olympusforge/ros2_frost/install/v4l2_camera/share/v4l2_camera/local_setup.zsh
[2.235s] -- Up-to-date symlink: /home/olympusforge/ros2_frost/install/v4l2_camera/share/v4l2_camera/local_setup.dsv
[2.235s] -- Symlinking: /home/olympusforge/ros2_frost/install/v4l2_camera/share/v4l2_camera/package.dsv
[2.240s] -- Up-to-date symlink: /home/olympusforge/ros2_frost/install/v4l2_camera/share/ament_index/resource_index/packages/v4l2_camera
[2.240s] -- Up-to-date symlink: /home/olympusforge/ros2_frost/install/v4l2_camera/share/ament_index/resource_index/rclcpp_components/v4l2_camera
[2.240s] -- Up-to-date symlink: /home/olympusforge/ros2_frost/install/v4l2_camera/share/v4l2_camera/cmake/ament_cmake_export_include_directories-extras.cmake
[2.240s] -- Up-to-date symlink: /home/olympusforge/ros2_frost/install/v4l2_camera/share/v4l2_camera/cmake/ament_cmake_export_targets-extras.cmake
[2.240s] -- Up-to-date symlink: /home/olympusforge/ros2_frost/install/v4l2_camera/share/v4l2_camera/cmake/ament_cmake_export_libraries-extras.cmake
[2.240s] -- Up-to-date symlink: /home/olympusforge/ros2_frost/install/v4l2_camera/share/v4l2_camera/cmake/ament_cmake_export_dependencies-extras.cmake
[2.240s] -- Up-to-date symlink: /home/olympusforge/ros2_frost/install/v4l2_camera/share/v4l2_camera/cmake/v4l2_cameraConfig.cmake
[2.240s] -- Up-to-date symlink: /home/olympusforge/ros2_frost/install/v4l2_camera/share/v4l2_camera/cmake/v4l2_cameraConfig-version.cmake
[2.240s] -- Up-to-date symlink: /home/olympusforge/ros2_frost/install/v4l2_camera/share/v4l2_camera/package.xml
[2.256s] -- Up-to-date: /home/olympusforge/ros2_frost/install/v4l2_camera/lib/libv4l2_camera.so
[2.282s] -- Up-to-date: /home/olympusforge/ros2_frost/install/v4l2_camera/lib/v4l2_camera/v4l2_camera_node
[2.297s] -- Up-to-date: /home/olympusforge/ros2_frost/install/v4l2_camera/lib/v4l2_camera/v4l2_camera_compose_test
[2.298s] -- Up-to-date: /home/olympusforge/ros2_frost/install/v4l2_camera/share/v4l2_camera/cmake/export_v4l2_cameraExport.cmake
[2.298s] -- Up-to-date: /home/olympusforge/ros2_frost/install/v4l2_camera/share/v4l2_camera/cmake/export_v4l2_cameraExport-noconfig.cmake
[2.590s] Invoked command in '/home/olympusforge/ros2_frost/build/v4l2_camera' returned '0': CMAKE_PREFIX_PATH=${CMAKE_PREFIX_PATH}:/home/olympusforge/ros2_frost/install/tortoisebot_control:/home/olympusforge/ros2_frost/install/nav2_loopback_sim:/opt/ros/humble /usr/bin/cmake --install /home/olympusforge/ros2_frost/build/v4l2_camera
