[0.575s] Invoking command in '/home/olympusforge/ros2_frost/build/tortoisebot_description': CMAKE_PREFIX_PATH=${CMAKE_PREFIX_PATH}:/home/olympusforge/ros2_frost/install/tortoisebot_control:/opt/ros/humble /usr/bin/cmake /home/olympusforge/ros2_frost/src/tortoisebot/tortoisebot_description -DCMAKE_INSTALL_PREFIX=/home/olympusforge/ros2_frost/install/tortoisebot_description
[0.592s] -- Found ament_cmake: 1.3.11 (/opt/ros/humble/share/ament_cmake/cmake)
[0.764s] -- Override CMake install command with custom implementation using symlinks instead of copying resources
[0.807s] -- Found ament_lint_auto: 0.12.11 (/opt/ros/humble/share/ament_lint_auto/cmake)
[0.882s] -- Added test 'copyright' to check source files copyright and LICENSE
[0.904s] -- Added test 'flake8' to check Python code syntax and style conventions
[0.904s] -- Added test 'lint_cmake' to check CMake code style
[0.904s] -- Added test 'pep257' to check Python code against some of the docstring style conventions in PEP 257
[0.904s] -- Added test 'xmllint' to check XML markup files
[0.904s] -- Configuring done
[0.904s] -- Generating done
[0.904s] -- Build files have been written to: /home/olympusforge/ros2_frost/build/tortoisebot_description
[0.951s] Invoked command in '/home/olympusforge/ros2_frost/build/tortoisebot_description' returned '0': CMAKE_PREFIX_PATH=${CMAKE_PREFIX_PATH}:/home/olympusforge/ros2_frost/install/tortoisebot_control:/opt/ros/humble /usr/bin/cmake /home/olympusforge/ros2_frost/src/tortoisebot/tortoisebot_description -DCMAKE_INSTALL_PREFIX=/home/olympusforge/ros2_frost/install/tortoisebot_description
[0.952s] Invoking command in '/home/olympusforge/ros2_frost/build/tortoisebot_description': CMAKE_PREFIX_PATH=${CMAKE_PREFIX_PATH}:/home/olympusforge/ros2_frost/install/tortoisebot_control:/opt/ros/humble /usr/bin/cmake --build /home/olympusforge/ros2_frost/build/tortoisebot_description -- -j8 -l8
[1.069s] Invoked command in '/home/olympusforge/ros2_frost/build/tortoisebot_description' returned '0': CMAKE_PREFIX_PATH=${CMAKE_PREFIX_PATH}:/home/olympusforge/ros2_frost/install/tortoisebot_control:/opt/ros/humble /usr/bin/cmake --build /home/olympusforge/ros2_frost/build/tortoisebot_description -- -j8 -l8
[1.071s] Invoking command in '/home/olympusforge/ros2_frost/build/tortoisebot_description': CMAKE_PREFIX_PATH=${CMAKE_PREFIX_PATH}:/home/olympusforge/ros2_frost/install/tortoisebot_control:/opt/ros/humble /usr/bin/cmake --install /home/olympusforge/ros2_frost/build/tortoisebot_description
[1.096s] -- Install configuration: ""
[1.096s] -- Execute custom install script
[1.096s] -- Up-to-date symlink: /home/olympusforge/ros2_frost/install/tortoisebot_description/share/tortoisebot_description/launch/display.launch.py
[1.096s] -- Up-to-date symlink: /home/olympusforge/ros2_frost/install/tortoisebot_description/share/tortoisebot_description/launch/rviz.launch.py
[1.096s] -- Up-to-date symlink: /home/olympusforge/ros2_frost/install/tortoisebot_description/share/tortoisebot_description/launch/state_publisher.launch.py
[1.096s] -- Up-to-date symlink: /home/olympusforge/ros2_frost/install/tortoisebot_description/share/tortoisebot_description/models/meshes/base_link.stl
[1.096s] -- Up-to-date symlink: /home/olympusforge/ros2_frost/install/tortoisebot_description/share/tortoisebot_description/models/meshes/camera.stl
[1.096s] -- Up-to-date symlink: /home/olympusforge/ros2_frost/install/tortoisebot_description/share/tortoisebot_description/models/meshes/caster.stl
[1.096s] -- Up-to-date symlink: /home/olympusforge/ros2_frost/install/tortoisebot_description/share/tortoisebot_description/models/meshes/imu.stl
[1.096s] -- Up-to-date symlink: /home/olympusforge/ros2_frost/install/tortoisebot_description/share/tortoisebot_description/models/meshes/lidar_body.stl
[1.096s] -- Up-to-date symlink: /home/olympusforge/ros2_frost/install/tortoisebot_description/share/tortoisebot_description/models/meshes/lidar_bottom.stl
[1.096s] -- Up-to-date symlink: /home/olympusforge/ros2_frost/install/tortoisebot_description/share/tortoisebot_description/models/meshes/lidar_motorend.stl
[1.096s] -- Up-to-date symlink: /home/olympusforge/ros2_frost/install/tortoisebot_description/share/tortoisebot_description/models/meshes/lidar_top.stl
[1.096s] -- Up-to-date symlink: /home/olympusforge/ros2_frost/install/tortoisebot_description/share/tortoisebot_description/models/meshes/wheel_left.stl
[1.096s] -- Up-to-date symlink: /home/olympusforge/ros2_frost/install/tortoisebot_description/share/tortoisebot_description/models/meshes/wheel_right.stl
[1.096s] -- Up-to-date symlink: /home/olympusforge/ros2_frost/install/tortoisebot_description/share/tortoisebot_description/models/urdf/materials.xacro
[1.096s] -- Up-to-date symlink: /home/olympusforge/ros2_frost/install/tortoisebot_description/share/tortoisebot_description/models/urdf/tortoisebot.xacro
[1.096s] -- Up-to-date symlink: /home/olympusforge/ros2_frost/install/tortoisebot_description/share/tortoisebot_description/rviz/sensors.rviz
[1.096s] -- Up-to-date symlink: /home/olympusforge/ros2_frost/install/tortoisebot_description/share/tortoisebot_description/rviz/tortoisebot_navigation.rviz
[1.096s] -- Up-to-date symlink: /home/olympusforge/ros2_frost/install/tortoisebot_description/share/ament_index/resource_index/package_run_dependencies/tortoisebot_description
[1.096s] -- Up-to-date symlink: /home/olympusforge/ros2_frost/install/tortoisebot_description/share/ament_index/resource_index/parent_prefix_path/tortoisebot_description
[1.096s] -- Up-to-date symlink: /home/olympusforge/ros2_frost/install/tortoisebot_description/share/tortoisebot_description/environment/ament_prefix_path.sh
[1.096s] -- Up-to-date symlink: /home/olympusforge/ros2_frost/install/tortoisebot_description/share/tortoisebot_description/environment/ament_prefix_path.dsv
[1.096s] -- Up-to-date symlink: /home/olympusforge/ros2_frost/install/tortoisebot_description/share/tortoisebot_description/environment/path.sh
[1.096s] -- Up-to-date symlink: /home/olympusforge/ros2_frost/install/tortoisebot_description/share/tortoisebot_description/environment/path.dsv
[1.097s] -- Up-to-date symlink: /home/olympusforge/ros2_frost/install/tortoisebot_description/share/tortoisebot_description/local_setup.bash
[1.097s] -- Up-to-date symlink: /home/olympusforge/ros2_frost/install/tortoisebot_description/share/tortoisebot_description/local_setup.sh
[1.099s] -- Up-to-date symlink: /home/olympusforge/ros2_frost/install/tortoisebot_description/share/tortoisebot_description/local_setup.zsh
[1.108s] -- Up-to-date symlink: /home/olympusforge/ros2_frost/install/tortoisebot_description/share/tortoisebot_description/local_setup.dsv
[1.109s] -- Symlinking: /home/olympusforge/ros2_frost/install/tortoisebot_description/share/tortoisebot_description/package.dsv
[1.115s] -- Up-to-date symlink: /home/olympusforge/ros2_frost/install/tortoisebot_description/share/ament_index/resource_index/packages/tortoisebot_description
[1.115s] -- Up-to-date symlink: /home/olympusforge/ros2_frost/install/tortoisebot_description/share/tortoisebot_description/cmake/tortoisebot_descriptionConfig.cmake
[1.115s] -- Up-to-date symlink: /home/olympusforge/ros2_frost/install/tortoisebot_description/share/tortoisebot_description/cmake/tortoisebot_descriptionConfig-version.cmake
[1.115s] -- Up-to-date symlink: /home/olympusforge/ros2_frost/install/tortoisebot_description/share/tortoisebot_description/package.xml
[1.213s] Invoked command in '/home/olympusforge/ros2_frost/build/tortoisebot_description' returned '0': CMAKE_PREFIX_PATH=${CMAKE_PREFIX_PATH}:/home/olympusforge/ros2_frost/install/tortoisebot_control:/opt/ros/humble /usr/bin/cmake --install /home/olympusforge/ros2_frost/build/tortoisebot_description
