[0.426s] Invoking command in '/home/olympusforge/ros2_frost/build/tortoisebot_slam': CMAKE_PREFIX_PATH=${CMAKE_PREFIX_PATH}:/home/olympusforge/ros2_frost/install/tortoisebot_control:/opt/ros/humble /usr/bin/cmake /home/olympusforge/ros2_frost/src/tortoisebot/tortoisebot_slam -DAMENT_CMAKE_SYMLINK_INSTALL=1 -DCMAKE_INSTALL_PREFIX=/home/olympusforge/ros2_frost/install/tortoisebot_slam
[0.479s] -- Found ament_cmake: 1.3.11 (/opt/ros/humble/share/ament_cmake/cmake)
[0.894s] -- Override CMake install command with custom implementation using symlinks instead of copying resources
[0.960s] -- Found ament_lint_auto: 0.12.11 (/opt/ros/humble/share/ament_lint_auto/cmake)
[1.253s] -- Added test 'copyright' to check source files copyright and LICENSE
[1.265s] -- Added test 'flake8' to check Python code syntax and style conventions
[1.279s] -- Added test 'lint_cmake' to check CMake code style
[1.279s] -- Added test 'pep257' to check Python code against some of the docstring style conventions in PEP 257
[1.292s] -- Added test 'xmllint' to check XML markup files
[1.345s] -- Configuring done
[1.491s] -- Generating done
[1.718s] -- Build files have been written to: /home/olympusforge/ros2_frost/build/tortoisebot_slam
[1.851s] Invoked command in '/home/olympusforge/ros2_frost/build/tortoisebot_slam' returned '0': CMAKE_PREFIX_PATH=${CMAKE_PREFIX_PATH}:/home/olympusforge/ros2_frost/install/tortoisebot_control:/opt/ros/humble /usr/bin/cmake /home/olympusforge/ros2_frost/src/tortoisebot/tortoisebot_slam -DAMENT_CMAKE_SYMLINK_INSTALL=1 -DCMAKE_INSTALL_PREFIX=/home/olympusforge/ros2_frost/install/tortoisebot_slam
[1.852s] Invoking command in '/home/olympusforge/ros2_frost/build/tortoisebot_slam': CMAKE_PREFIX_PATH=${CMAKE_PREFIX_PATH}:/home/olympusforge/ros2_frost/install/tortoisebot_control:/opt/ros/humble /usr/bin/cmake --build /home/olympusforge/ros2_frost/build/tortoisebot_slam -- -j8 -l8
[2.197s] Invoked command in '/home/olympusforge/ros2_frost/build/tortoisebot_slam' returned '0': CMAKE_PREFIX_PATH=${CMAKE_PREFIX_PATH}:/home/olympusforge/ros2_frost/install/tortoisebot_control:/opt/ros/humble /usr/bin/cmake --build /home/olympusforge/ros2_frost/build/tortoisebot_slam -- -j8 -l8
[2.219s] Invoking command in '/home/olympusforge/ros2_frost/build/tortoisebot_slam': CMAKE_PREFIX_PATH=${CMAKE_PREFIX_PATH}:/home/olympusforge/ros2_frost/install/tortoisebot_control:/opt/ros/humble /usr/bin/cmake --install /home/olympusforge/ros2_frost/build/tortoisebot_slam
[2.263s] -- Install configuration: ""
[2.265s] -- Execute custom install script
[2.266s] -- Up-to-date symlink: /home/olympusforge/ros2_frost/install/tortoisebot_slam/share/tortoisebot_slam/launch/cartographer.launch.py
[2.266s] -- Up-to-date symlink: /home/olympusforge/ros2_frost/install/tortoisebot_slam/share/tortoisebot_slam/config/ekf.yaml
[2.266s] -- Up-to-date symlink: /home/olympusforge/ros2_frost/install/tortoisebot_slam/share/tortoisebot_slam/config/slam.lua
[2.266s] -- Up-to-date symlink: /home/olympusforge/ros2_frost/install/tortoisebot_slam/share/ament_index/resource_index/package_run_dependencies/tortoisebot_slam
[2.266s] -- Up-to-date symlink: /home/olympusforge/ros2_frost/install/tortoisebot_slam/share/ament_index/resource_index/parent_prefix_path/tortoisebot_slam
[2.266s] -- Up-to-date symlink: /home/olympusforge/ros2_frost/install/tortoisebot_slam/share/tortoisebot_slam/environment/ament_prefix_path.sh
[2.266s] -- Up-to-date symlink: /home/olympusforge/ros2_frost/install/tortoisebot_slam/share/tortoisebot_slam/environment/ament_prefix_path.dsv
[2.266s] -- Up-to-date symlink: /home/olympusforge/ros2_frost/install/tortoisebot_slam/share/tortoisebot_slam/environment/path.sh
[2.266s] -- Up-to-date symlink: /home/olympusforge/ros2_frost/install/tortoisebot_slam/share/tortoisebot_slam/environment/path.dsv
[2.269s] -- Up-to-date symlink: /home/olympusforge/ros2_frost/install/tortoisebot_slam/share/tortoisebot_slam/local_setup.bash
[2.269s] -- Up-to-date symlink: /home/olympusforge/ros2_frost/install/tortoisebot_slam/share/tortoisebot_slam/local_setup.sh
[2.269s] -- Up-to-date symlink: /home/olympusforge/ros2_frost/install/tortoisebot_slam/share/tortoisebot_slam/local_setup.zsh
[2.269s] -- Up-to-date symlink: /home/olympusforge/ros2_frost/install/tortoisebot_slam/share/tortoisebot_slam/local_setup.dsv
[2.269s] -- Symlinking: /home/olympusforge/ros2_frost/install/tortoisebot_slam/share/tortoisebot_slam/package.dsv
[2.397s] -- Up-to-date symlink: /home/olympusforge/ros2_frost/install/tortoisebot_slam/share/ament_index/resource_index/packages/tortoisebot_slam
[2.442s] -- Up-to-date symlink: /home/olympusforge/ros2_frost/install/tortoisebot_slam/share/tortoisebot_slam/cmake/tortoisebot_slamConfig.cmake
[2.442s] -- Up-to-date symlink: /home/olympusforge/ros2_frost/install/tortoisebot_slam/share/tortoisebot_slam/cmake/tortoisebot_slamConfig-version.cmake
[2.442s] -- Up-to-date symlink: /home/olympusforge/ros2_frost/install/tortoisebot_slam/share/tortoisebot_slam/package.xml
[2.800s] Invoked command in '/home/olympusforge/ros2_frost/build/tortoisebot_slam' returned '0': CMAKE_PREFIX_PATH=${CMAKE_PREFIX_PATH}:/home/olympusforge/ros2_frost/install/tortoisebot_control:/opt/ros/humble /usr/bin/cmake --install /home/olympusforge/ros2_frost/build/tortoisebot_slam
