[0.218s] Invoking command in '/home/olympusforge/ros2_frost/build/tortoisebot_navigation': CMAKE_PREFIX_PATH=${CMAKE_PREFIX_PATH}:/home/olympusforge/ros2_frost/install/tortoisebot_control:/opt/ros/humble /usr/bin/cmake /home/olympusforge/ros2_frost/src/tortoisebot/tortoisebot_navigation -DCMAKE_INSTALL_PREFIX=/home/olympusforge/ros2_frost/install/tortoisebot_navigation
[0.226s] -- Found ament_cmake: 1.3.11 (/opt/ros/humble/share/ament_cmake/cmake)
[0.336s] -- Override CMake install command with custom implementation using symlinks instead of copying resources
[0.357s] -- Found ament_lint_auto: 0.12.11 (/opt/ros/humble/share/ament_lint_auto/cmake)
[0.406s] -- Added test 'copyright' to check source files copyright and LICENSE
[0.406s] -- Added test 'flake8' to check Python code syntax and style conventions
[0.408s] -- Added test 'lint_cmake' to check CMake code style
[0.408s] -- Added test 'pep257' to check Python code against some of the docstring style conventions in PEP 257
[0.413s] -- Added test 'xmllint' to check XML markup files
[0.413s] -- Configuring done
[0.414s] -- Generating done
[0.418s] -- Build files have been written to: /home/olympusforge/ros2_frost/build/tortoisebot_navigation
[0.455s] Invoked command in '/home/olympusforge/ros2_frost/build/tortoisebot_navigation' returned '0': CMAKE_PREFIX_PATH=${CMAKE_PREFIX_PATH}:/home/olympusforge/ros2_frost/install/tortoisebot_control:/opt/ros/humble /usr/bin/cmake /home/olympusforge/ros2_frost/src/tortoisebot/tortoisebot_navigation -DCMAKE_INSTALL_PREFIX=/home/olympusforge/ros2_frost/install/tortoisebot_navigation
[0.457s] Invoking command in '/home/olympusforge/ros2_frost/build/tortoisebot_navigation': CMAKE_PREFIX_PATH=${CMAKE_PREFIX_PATH}:/home/olympusforge/ros2_frost/install/tortoisebot_control:/opt/ros/humble /usr/bin/cmake --build /home/olympusforge/ros2_frost/build/tortoisebot_navigation -- -j8 -l8
[0.500s] Invoked command in '/home/olympusforge/ros2_frost/build/tortoisebot_navigation' returned '0': CMAKE_PREFIX_PATH=${CMAKE_PREFIX_PATH}:/home/olympusforge/ros2_frost/install/tortoisebot_control:/opt/ros/humble /usr/bin/cmake --build /home/olympusforge/ros2_frost/build/tortoisebot_navigation -- -j8 -l8
[0.505s] Invoking command in '/home/olympusforge/ros2_frost/build/tortoisebot_navigation': CMAKE_PREFIX_PATH=${CMAKE_PREFIX_PATH}:/home/olympusforge/ros2_frost/install/tortoisebot_control:/opt/ros/humble /usr/bin/cmake --install /home/olympusforge/ros2_frost/build/tortoisebot_navigation
[0.524s] -- Install configuration: ""
[0.524s] -- Execute custom install script
[0.524s] -- Up-to-date symlink: /home/olympusforge/ros2_frost/install/tortoisebot_navigation/share/tortoisebot_navigation/launch/navigation.launch.py
[0.524s] -- Up-to-date symlink: /home/olympusforge/ros2_frost/install/tortoisebot_navigation/share/tortoisebot_navigation/config/nav2_params_robot.yaml
[0.524s] -- Up-to-date symlink: /home/olympusforge/ros2_frost/install/tortoisebot_navigation/share/tortoisebot_navigation/config/nav2_params_simulation.yaml
[0.524s] -- Up-to-date symlink: /home/olympusforge/ros2_frost/install/tortoisebot_navigation/share/ament_index/resource_index/package_run_dependencies/tortoisebot_navigation
[0.524s] -- Up-to-date symlink: /home/olympusforge/ros2_frost/install/tortoisebot_navigation/share/ament_index/resource_index/parent_prefix_path/tortoisebot_navigation
[0.525s] -- Up-to-date symlink: /home/olympusforge/ros2_frost/install/tortoisebot_navigation/share/tortoisebot_navigation/environment/ament_prefix_path.sh
[0.525s] -- Up-to-date symlink: /home/olympusforge/ros2_frost/install/tortoisebot_navigation/share/tortoisebot_navigation/environment/ament_prefix_path.dsv
[0.525s] -- Up-to-date symlink: /home/olympusforge/ros2_frost/install/tortoisebot_navigation/share/tortoisebot_navigation/environment/path.sh
[0.525s] -- Up-to-date symlink: /home/olympusforge/ros2_frost/install/tortoisebot_navigation/share/tortoisebot_navigation/environment/path.dsv
[0.525s] -- Up-to-date symlink: /home/olympusforge/ros2_frost/install/tortoisebot_navigation/share/tortoisebot_navigation/local_setup.bash
[0.525s] -- Up-to-date symlink: /home/olympusforge/ros2_frost/install/tortoisebot_navigation/share/tortoisebot_navigation/local_setup.sh
[0.525s] -- Up-to-date symlink: /home/olympusforge/ros2_frost/install/tortoisebot_navigation/share/tortoisebot_navigation/local_setup.zsh
[0.525s] -- Up-to-date symlink: /home/olympusforge/ros2_frost/install/tortoisebot_navigation/share/tortoisebot_navigation/local_setup.dsv
[0.525s] -- Symlinking: /home/olympusforge/ros2_frost/install/tortoisebot_navigation/share/tortoisebot_navigation/package.dsv
[0.533s] -- Up-to-date symlink: /home/olympusforge/ros2_frost/install/tortoisebot_navigation/share/ament_index/resource_index/packages/tortoisebot_navigation
[0.533s] -- Up-to-date symlink: /home/olympusforge/ros2_frost/install/tortoisebot_navigation/share/tortoisebot_navigation/cmake/tortoisebot_navigationConfig.cmake
[0.534s] -- Up-to-date symlink: /home/olympusforge/ros2_frost/install/tortoisebot_navigation/share/tortoisebot_navigation/cmake/tortoisebot_navigationConfig-version.cmake
[0.535s] -- Up-to-date symlink: /home/olympusforge/ros2_frost/install/tortoisebot_navigation/share/tortoisebot_navigation/package.xml
[0.568s] Invoked command in '/home/olympusforge/ros2_frost/build/tortoisebot_navigation' returned '0': CMAKE_PREFIX_PATH=${CMAKE_PREFIX_PATH}:/home/olympusforge/ros2_frost/install/tortoisebot_control:/opt/ros/humble /usr/bin/cmake --install /home/olympusforge/ros2_frost/build/tortoisebot_navigation
