[0.259s] Invoking command in '/home/olympusforge/ros2_frost/build/tortoisebot_firmware': CMAKE_PREFIX_PATH=${CMAKE_PREFIX_PATH}:/home/olympusforge/ros2_frost/install/tortoisebot_control:/opt/ros/humble /usr/bin/cmake --build /home/olympusforge/ros2_frost/build/tortoisebot_firmware -- -j8 -l8
[0.466s] Built target ament_cmake_python_symlink_tortoisebot_firmware
[0.948s] running egg_info
[0.948s] writing tortoisebot_firmware.egg-info/PKG-INFO
[0.948s] writing dependency_links to tortoisebot_firmware.egg-info/dependency_links.txt
[0.948s] writing top-level names to tortoisebot_firmware.egg-info/top_level.txt
[0.951s] reading manifest file 'tortoisebot_firmware.egg-info/SOURCES.txt'
[0.951s] writing manifest file 'tortoisebot_firmware.egg-info/SOURCES.txt'
[1.001s] Built target ament_cmake_python_build_tortoisebot_firmware_egg
[1.035s] Invoked command in '/home/olympusforge/ros2_frost/build/tortoisebot_firmware' returned '0': CMAKE_PREFIX_PATH=${CMAKE_PREFIX_PATH}:/home/olympusforge/ros2_frost/install/tortoisebot_control:/opt/ros/humble /usr/bin/cmake --build /home/olympusforge/ros2_frost/build/tortoisebot_firmware -- -j8 -l8
[1.039s] Invoking command in '/home/olympusforge/ros2_frost/build/tortoisebot_firmware': CMAKE_PREFIX_PATH=${CMAKE_PREFIX_PATH}:/home/olympusforge/ros2_frost/install/tortoisebot_control:/opt/ros/humble /usr/bin/cmake --install /home/olympusforge/ros2_frost/build/tortoisebot_firmware
[1.057s] -- Install configuration: ""
[1.057s] -- Execute custom install script
[1.057s] -- Up-to-date symlink: /home/olympusforge/ros2_frost/install/tortoisebot_firmware/share/tortoisebot_firmware/environment/pythonpath.sh
[1.057s] -- Up-to-date symlink: /home/olympusforge/ros2_frost/install/tortoisebot_firmware/share/tortoisebot_firmware/environment/pythonpath.dsv
[1.057s] -- Up-to-date symlink: /home/olympusforge/ros2_frost/install/tortoisebot_firmware/local/lib/python3.10/dist-packages/tortoisebot_firmware-0.0.0-py3.10.egg-info/PKG-INFO
[1.057s] -- Up-to-date symlink: /home/olympusforge/ros2_frost/install/tortoisebot_firmware/local/lib/python3.10/dist-packages/tortoisebot_firmware-0.0.0-py3.10.egg-info/SOURCES.txt
[1.057s] -- Up-to-date symlink: /home/olympusforge/ros2_frost/install/tortoisebot_firmware/local/lib/python3.10/dist-packages/tortoisebot_firmware-0.0.0-py3.10.egg-info/dependency_links.txt
[1.057s] -- Up-to-date symlink: /home/olympusforge/ros2_frost/install/tortoisebot_firmware/local/lib/python3.10/dist-packages/tortoisebot_firmware-0.0.0-py3.10.egg-info/top_level.txt
[1.057s] -- Up-to-date symlink: /home/olympusforge/ros2_frost/install/tortoisebot_firmware/local/lib/python3.10/dist-packages/tortoisebot_firmware/__init__.py
[1.057s] -- Up-to-date symlink: /home/olympusforge/ros2_frost/install/tortoisebot_firmware/lib/tortoisebot_firmware/differential.py
[1.057s] -- Up-to-date symlink: /home/olympusforge/ros2_frost/install/tortoisebot_firmware/share/ament_index/resource_index/package_run_dependencies/tortoisebot_firmware
[1.057s] -- Up-to-date symlink: /home/olympusforge/ros2_frost/install/tortoisebot_firmware/share/ament_index/resource_index/parent_prefix_path/tortoisebot_firmware
[1.057s] -- Up-to-date symlink: /home/olympusforge/ros2_frost/install/tortoisebot_firmware/share/tortoisebot_firmware/environment/ament_prefix_path.sh
[1.057s] -- Up-to-date symlink: /home/olympusforge/ros2_frost/install/tortoisebot_firmware/share/tortoisebot_firmware/environment/ament_prefix_path.dsv
[1.057s] -- Up-to-date symlink: /home/olympusforge/ros2_frost/install/tortoisebot_firmware/share/tortoisebot_firmware/environment/path.sh
[1.057s] -- Up-to-date symlink: /home/olympusforge/ros2_frost/install/tortoisebot_firmware/share/tortoisebot_firmware/environment/path.dsv
[1.057s] -- Up-to-date symlink: /home/olympusforge/ros2_frost/install/tortoisebot_firmware/share/tortoisebot_firmware/local_setup.bash
[1.057s] -- Up-to-date symlink: /home/olympusforge/ros2_frost/install/tortoisebot_firmware/share/tortoisebot_firmware/local_setup.sh
[1.058s] -- Up-to-date symlink: /home/olympusforge/ros2_frost/install/tortoisebot_firmware/share/tortoisebot_firmware/local_setup.zsh
[1.058s] -- Up-to-date symlink: /home/olympusforge/ros2_frost/install/tortoisebot_firmware/share/tortoisebot_firmware/local_setup.dsv
[1.058s] -- Symlinking: /home/olympusforge/ros2_frost/install/tortoisebot_firmware/share/tortoisebot_firmware/package.dsv
[1.094s] -- Up-to-date symlink: /home/olympusforge/ros2_frost/install/tortoisebot_firmware/share/ament_index/resource_index/packages/tortoisebot_firmware
[1.094s] -- Up-to-date symlink: /home/olympusforge/ros2_frost/install/tortoisebot_firmware/share/tortoisebot_firmware/cmake/tortoisebot_firmwareConfig.cmake
[1.094s] -- Up-to-date symlink: /home/olympusforge/ros2_frost/install/tortoisebot_firmware/share/tortoisebot_firmware/cmake/tortoisebot_firmwareConfig-version.cmake
[1.094s] -- Up-to-date symlink: /home/olympusforge/ros2_frost/install/tortoisebot_firmware/share/tortoisebot_firmware/package.xml
[1.174s] Listing '/home/olympusforge/ros2_frost/install/tortoisebot_firmware/local/lib/python3.10/dist-packages/tortoisebot_firmware'...
[1.201s] Invoked command in '/home/olympusforge/ros2_frost/build/tortoisebot_firmware' returned '0': CMAKE_PREFIX_PATH=${CMAKE_PREFIX_PATH}:/home/olympusforge/ros2_frost/install/tortoisebot_control:/opt/ros/humble /usr/bin/cmake --install /home/olympusforge/ros2_frost/build/tortoisebot_firmware
