[0.062s] Invoking command in '/home/olympusforge/ros2_frost/build/tortoisebot_bringup': CMAKE_PREFIX_PATH=${CMAKE_PREFIX_PATH}:/home/olympusforge/ros2_frost/install/tortoisebot_control:/opt/ros/humble /usr/bin/cmake /home/olympusforge/ros2_frost/src/tortoisebot/tortoisebot_bringup -DAMENT_CMAKE_SYMLINK_INSTALL=1 -DCMAKE_INSTALL_PREFIX=/home/olympusforge/ros2_frost/install/tortoisebot_bringup
[0.307s] -- Found ament_cmake: 1.3.11 (/opt/ros/humble/share/ament_cmake/cmake)
[0.307s] -- Override CMake install command with custom implementation using symlinks instead of copying resources
[0.307s] -- Found ament_lint_auto: 0.12.11 (/opt/ros/humble/share/ament_lint_auto/cmake)
[0.307s] -- Added test 'copyright' to check source files copyright and LICENSE
[0.307s] -- Added test 'flake8' to check Python code syntax and style conventions
[0.307s] -- Added test 'lint_cmake' to check CMake code style
[0.307s] -- Added test 'pep257' to check Python code against some of the docstring style conventions in PEP 257
[0.307s] -- Added test 'xmllint' to check XML markup files
[0.307s] -- Configuring done
[0.307s] -- Generating done
[0.307s] -- Build files have been written to: /home/olympusforge/ros2_frost/build/tortoisebot_bringup
[0.336s] Invoked command in '/home/olympusforge/ros2_frost/build/tortoisebot_bringup' returned '0': CMAKE_PREFIX_PATH=${CMAKE_PREFIX_PATH}:/home/olympusforge/ros2_frost/install/tortoisebot_control:/opt/ros/humble /usr/bin/cmake /home/olympusforge/ros2_frost/src/tortoisebot/tortoisebot_bringup -DAMENT_CMAKE_SYMLINK_INSTALL=1 -DCMAKE_INSTALL_PREFIX=/home/olympusforge/ros2_frost/install/tortoisebot_bringup
[0.348s] Invoking command in '/home/olympusforge/ros2_frost/build/tortoisebot_bringup': CMAKE_PREFIX_PATH=${CMAKE_PREFIX_PATH}:/home/olympusforge/ros2_frost/install/tortoisebot_control:/opt/ros/humble /usr/bin/cmake --build /home/olympusforge/ros2_frost/build/tortoisebot_bringup -- -j8 -l8
[0.541s] Invoked command in '/home/olympusforge/ros2_frost/build/tortoisebot_bringup' returned '0': CMAKE_PREFIX_PATH=${CMAKE_PREFIX_PATH}:/home/olympusforge/ros2_frost/install/tortoisebot_control:/opt/ros/humble /usr/bin/cmake --build /home/olympusforge/ros2_frost/build/tortoisebot_bringup -- -j8 -l8
[0.562s] Invoking command in '/home/olympusforge/ros2_frost/build/tortoisebot_bringup': CMAKE_PREFIX_PATH=${CMAKE_PREFIX_PATH}:/home/olympusforge/ros2_frost/install/tortoisebot_control:/opt/ros/humble /usr/bin/cmake --install /home/olympusforge/ros2_frost/build/tortoisebot_bringup
[0.585s] -- Install configuration: ""
[0.586s] -- Execute custom install script
[0.586s] -- Up-to-date symlink: /home/olympusforge/ros2_frost/install/tortoisebot_bringup/share/tortoisebot_bringup/launch/autobringup.launch.py
[0.586s] -- Up-to-date symlink: /home/olympusforge/ros2_frost/install/tortoisebot_bringup/share/tortoisebot_bringup/launch/bringup.launch.py
[0.586s] -- Up-to-date symlink: /home/olympusforge/ros2_frost/install/tortoisebot_bringup/share/tortoisebot_bringup/maps/room2.pgm
[0.586s] -- Up-to-date symlink: /home/olympusforge/ros2_frost/install/tortoisebot_bringup/share/tortoisebot_bringup/maps/room2.yaml
[0.586s] -- Up-to-date symlink: /home/olympusforge/ros2_frost/install/tortoisebot_bringup/share/ament_index/resource_index/package_run_dependencies/tortoisebot_bringup
[0.586s] -- Up-to-date symlink: /home/olympusforge/ros2_frost/install/tortoisebot_bringup/share/ament_index/resource_index/parent_prefix_path/tortoisebot_bringup
[0.586s] -- Up-to-date symlink: /home/olympusforge/ros2_frost/install/tortoisebot_bringup/share/tortoisebot_bringup/environment/ament_prefix_path.sh
[0.587s] -- Up-to-date symlink: /home/olympusforge/ros2_frost/install/tortoisebot_bringup/share/tortoisebot_bringup/environment/ament_prefix_path.dsv
[0.587s] -- Up-to-date symlink: /home/olympusforge/ros2_frost/install/tortoisebot_bringup/share/tortoisebot_bringup/environment/path.sh
[0.587s] -- Up-to-date symlink: /home/olympusforge/ros2_frost/install/tortoisebot_bringup/share/tortoisebot_bringup/environment/path.dsv
[0.589s] -- Up-to-date symlink: /home/olympusforge/ros2_frost/install/tortoisebot_bringup/share/tortoisebot_bringup/local_setup.bash
[0.589s] -- Up-to-date symlink: /home/olympusforge/ros2_frost/install/tortoisebot_bringup/share/tortoisebot_bringup/local_setup.sh
[0.589s] -- Up-to-date symlink: /home/olympusforge/ros2_frost/install/tortoisebot_bringup/share/tortoisebot_bringup/local_setup.zsh
[0.589s] -- Up-to-date symlink: /home/olympusforge/ros2_frost/install/tortoisebot_bringup/share/tortoisebot_bringup/local_setup.dsv
[0.589s] -- Symlinking: /home/olympusforge/ros2_frost/install/tortoisebot_bringup/share/tortoisebot_bringup/package.dsv
[0.589s] -- Up-to-date symlink: /home/olympusforge/ros2_frost/install/tortoisebot_bringup/share/ament_index/resource_index/packages/tortoisebot_bringup
[0.589s] -- Up-to-date symlink: /home/olympusforge/ros2_frost/install/tortoisebot_bringup/share/tortoisebot_bringup/cmake/tortoisebot_bringupConfig.cmake
[0.589s] -- Up-to-date symlink: /home/olympusforge/ros2_frost/install/tortoisebot_bringup/share/tortoisebot_bringup/cmake/tortoisebot_bringupConfig-version.cmake
[0.589s] -- Up-to-date symlink: /home/olympusforge/ros2_frost/install/tortoisebot_bringup/share/tortoisebot_bringup/package.xml
[0.609s] Invoked command in '/home/olympusforge/ros2_frost/build/tortoisebot_bringup' returned '0': CMAKE_PREFIX_PATH=${CMAKE_PREFIX_PATH}:/home/olympusforge/ros2_frost/install/tortoisebot_control:/opt/ros/humble /usr/bin/cmake --install /home/olympusforge/ros2_frost/build/tortoisebot_bringup
