[0.342s] Invoking command in '/home/olympusforge/ros2_frost/build/tortoisebot_navigation': CMAKE_PREFIX_PATH=${CMAKE_PREFIX_PATH}:/home/olympusforge/ros2_frost/install/tortoisebot_control:/home/olympusforge/ros2_frost/install/nav2_loopback_sim:/opt/ros/humble /usr/bin/cmake /home/olympusforge/ros2_frost/src/tortoisebot/tortoisebot_navigation -DAMENT_CMAKE_SYMLINK_INSTALL=1 -DCMAKE_INSTALL_PREFIX=/home/olympusforge/ros2_frost/install/tortoisebot_navigation
[0.398s] -- Found ament_cmake: 1.3.11 (/opt/ros/humble/share/ament_cmake/cmake)
[0.759s] -- Override CMake install command with custom implementation using symlinks instead of copying resources
[0.830s] -- Found ament_lint_auto: 0.12.11 (/opt/ros/humble/share/ament_lint_auto/cmake)
[1.676s] -- Added test 'copyright' to check source files copyright and LICENSE
[1.681s] -- Added test 'flake8' to check Python code syntax and style conventions
[1.681s] -- Added test 'lint_cmake' to check CMake code style
[1.681s] -- Added test 'pep257' to check Python code against some of the docstring style conventions in PEP 257
[1.681s] -- Added test 'xmllint' to check XML markup files
[1.688s] -- Configuring done
[1.742s] -- Generating done
[1.754s] -- Build files have been written to: /home/olympusforge/ros2_frost/build/tortoisebot_navigation
[2.209s] Invoked command in '/home/olympusforge/ros2_frost/build/tortoisebot_navigation' returned '0': CMAKE_PREFIX_PATH=${CMAKE_PREFIX_PATH}:/home/olympusforge/ros2_frost/install/tortoisebot_control:/home/olympusforge/ros2_frost/install/nav2_loopback_sim:/opt/ros/humble /usr/bin/cmake /home/olympusforge/ros2_frost/src/tortoisebot/tortoisebot_navigation -DAMENT_CMAKE_SYMLINK_INSTALL=1 -DCMAKE_INSTALL_PREFIX=/home/olympusforge/ros2_frost/install/tortoisebot_navigation
[2.252s] Invoking command in '/home/olympusforge/ros2_frost/build/tortoisebot_navigation': CMAKE_PREFIX_PATH=${CMAKE_PREFIX_PATH}:/home/olympusforge/ros2_frost/install/tortoisebot_control:/home/olympusforge/ros2_frost/install/nav2_loopback_sim:/opt/ros/humble /usr/bin/cmake --build /home/olympusforge/ros2_frost/build/tortoisebot_navigation -- -j8 -l8
[2.571s] Invoked command in '/home/olympusforge/ros2_frost/build/tortoisebot_navigation' returned '0': CMAKE_PREFIX_PATH=${CMAKE_PREFIX_PATH}:/home/olympusforge/ros2_frost/install/tortoisebot_control:/home/olympusforge/ros2_frost/install/nav2_loopback_sim:/opt/ros/humble /usr/bin/cmake --build /home/olympusforge/ros2_frost/build/tortoisebot_navigation -- -j8 -l8
[2.590s] Invoking command in '/home/olympusforge/ros2_frost/build/tortoisebot_navigation': CMAKE_PREFIX_PATH=${CMAKE_PREFIX_PATH}:/home/olympusforge/ros2_frost/install/tortoisebot_control:/home/olympusforge/ros2_frost/install/nav2_loopback_sim:/opt/ros/humble /usr/bin/cmake --install /home/olympusforge/ros2_frost/build/tortoisebot_navigation
[2.796s] -- Install configuration: ""
[2.796s] -- Execute custom install script
[2.797s] -- Up-to-date symlink: /home/olympusforge/ros2_frost/install/tortoisebot_navigation/share/tortoisebot_navigation/launch/navigation.launch.py
[2.797s] -- Up-to-date symlink: /home/olympusforge/ros2_frost/install/tortoisebot_navigation/share/tortoisebot_navigation/config/nav2_params.yaml
[2.797s] -- Up-to-date symlink: /home/olympusforge/ros2_frost/install/tortoisebot_navigation/share/tortoisebot_navigation/config/nav2_params_robot.yaml
[2.797s] -- Up-to-date symlink: /home/olympusforge/ros2_frost/install/tortoisebot_navigation/share/tortoisebot_navigation/config/nav2_params_simulation.yaml
[2.797s] -- Up-to-date symlink: /home/olympusforge/ros2_frost/install/tortoisebot_navigation/share/ament_index/resource_index/package_run_dependencies/tortoisebot_navigation
[2.797s] -- Up-to-date symlink: /home/olympusforge/ros2_frost/install/tortoisebot_navigation/share/ament_index/resource_index/parent_prefix_path/tortoisebot_navigation
[2.797s] -- Up-to-date symlink: /home/olympusforge/ros2_frost/install/tortoisebot_navigation/share/tortoisebot_navigation/environment/ament_prefix_path.sh
[2.797s] -- Up-to-date symlink: /home/olympusforge/ros2_frost/install/tortoisebot_navigation/share/tortoisebot_navigation/environment/ament_prefix_path.dsv
[2.797s] -- Up-to-date symlink: /home/olympusforge/ros2_frost/install/tortoisebot_navigation/share/tortoisebot_navigation/environment/path.sh
[2.797s] -- Up-to-date symlink: /home/olympusforge/ros2_frost/install/tortoisebot_navigation/share/tortoisebot_navigation/environment/path.dsv
[2.797s] -- Up-to-date symlink: /home/olympusforge/ros2_frost/install/tortoisebot_navigation/share/tortoisebot_navigation/local_setup.bash
[2.797s] -- Up-to-date symlink: /home/olympusforge/ros2_frost/install/tortoisebot_navigation/share/tortoisebot_navigation/local_setup.sh
[2.797s] -- Up-to-date symlink: /home/olympusforge/ros2_frost/install/tortoisebot_navigation/share/tortoisebot_navigation/local_setup.zsh
[2.797s] -- Up-to-date symlink: /home/olympusforge/ros2_frost/install/tortoisebot_navigation/share/tortoisebot_navigation/local_setup.dsv
[2.798s] -- Symlinking: /home/olympusforge/ros2_frost/install/tortoisebot_navigation/share/tortoisebot_navigation/package.dsv
[2.798s] -- Up-to-date symlink: /home/olympusforge/ros2_frost/install/tortoisebot_navigation/share/ament_index/resource_index/packages/tortoisebot_navigation
[2.798s] -- Up-to-date symlink: /home/olympusforge/ros2_frost/install/tortoisebot_navigation/share/tortoisebot_navigation/cmake/tortoisebot_navigationConfig.cmake
[2.798s] -- Up-to-date symlink: /home/olympusforge/ros2_frost/install/tortoisebot_navigation/share/tortoisebot_navigation/cmake/tortoisebot_navigationConfig-version.cmake
[2.798s] -- Up-to-date symlink: /home/olympusforge/ros2_frost/install/tortoisebot_navigation/share/tortoisebot_navigation/package.xml
[2.944s] Invoked command in '/home/olympusforge/ros2_frost/build/tortoisebot_navigation' returned '0': CMAKE_PREFIX_PATH=${CMAKE_PREFIX_PATH}:/home/olympusforge/ros2_frost/install/tortoisebot_control:/home/olympusforge/ros2_frost/install/nav2_loopback_sim:/opt/ros/humble /usr/bin/cmake --install /home/olympusforge/ros2_frost/build/tortoisebot_navigation
