[0.524s] Invoking command in '/home/olympusforge/ros2_frost/build/tortoisebot_firmware': CMAKE_PREFIX_PATH=${CMAKE_PREFIX_PATH}:/home/olympusforge/ros2_frost/install/tortoisebot_control:/opt/ros/humble /usr/bin/cmake /home/olympusforge/ros2_frost/src/tortoisebot/tortoisebot_firmware -DCMAKE_INSTALL_PREFIX=/home/olympusforge/ros2_frost/install/tortoisebot_firmware
[0.540s] -- Found ament_cmake: 1.3.11 (/opt/ros/humble/share/ament_cmake/cmake)
[0.681s] -- Override CMake install command with custom implementation using symlinks instead of copying resources
[0.686s] -- Found rclcpp: 16.0.11 (/opt/ros/humble/share/rclcpp/cmake)
[0.712s] -- Found rosidl_generator_c: 3.1.6 (/opt/ros/humble/share/rosidl_generator_c/cmake)
[0.714s] -- Found rosidl_adapter: 3.1.6 (/opt/ros/humble/share/rosidl_adapter/cmake)
[0.719s] -- Found rosidl_generator_cpp: 3.1.6 (/opt/ros/humble/share/rosidl_generator_cpp/cmake)
[0.726s] -- Using all available rosidl_typesupport_c: rosidl_typesupport_fastrtps_c;rosidl_typesupport_introspection_c
[0.743s] -- Using all available rosidl_typesupport_cpp: rosidl_typesupport_fastrtps_cpp;rosidl_typesupport_introspection_cpp
[0.768s] -- Found rmw_implementation_cmake: 6.1.2 (/opt/ros/humble/share/rmw_implementation_cmake/cmake)
[0.769s] -- Found rmw_fastrtps_cpp: 6.2.7 (/opt/ros/humble/share/rmw_fastrtps_cpp/cmake)
[0.882s] -- Using RMW implementation 'rmw_fastrtps_cpp' as default
[0.912s] -- Found rclpy: 3.3.15 (/opt/ros/humble/share/rclpy/cmake)
[0.912s] -- Found ament_lint_auto: 0.12.11 (/opt/ros/humble/share/ament_lint_auto/cmake)
[0.982s] -- Added test 'copyright' to check source files copyright and LICENSE
[0.982s] -- Added test 'flake8' to check Python code syntax and style conventions
[0.982s] -- Added test 'lint_cmake' to check CMake code style
[0.984s] -- Added test 'pep257' to check Python code against some of the docstring style conventions in PEP 257
[0.984s] -- Added test 'xmllint' to check XML markup files
[0.985s] -- Configuring done
[0.997s] -- Generating done
[1.000s] -- Build files have been written to: /home/olympusforge/ros2_frost/build/tortoisebot_firmware
