[1.087s] Invoking command in '/home/olympusforge/ros2_frost/src/navigation2/nav2_loopback_sim': PYTHONPATH=/home/olympusforge/ros2_frost/build/nav2_loopback_sim/prefix_override:/usr/lib/python3/dist-packages/colcon_core/task/python/colcon_distutils_commands:/home/olympusforge/ros2_frost/install/nav2_loopback_sim/lib/python3.10/site-packages:${PYTHONPATH} /usr/bin/python3 -W ignore:setup.py install is deprecated -W ignore:easy_install command is deprecated setup.py egg_info --egg-base ../../../build/nav2_loopback_sim build --build-base /home/olympusforge/ros2_frost/build/nav2_loopback_sim/build install --record /home/olympusforge/ros2_frost/build/nav2_loopback_sim/install.log --single-version-externally-managed install_data
[1.467s] running egg_info
[1.472s] creating ../../../build/nav2_loopback_sim/nav2_loopback_sim.egg-info
[1.478s] writing ../../../build/nav2_loopback_sim/nav2_loopback_sim.egg-info/PKG-INFO
[1.480s] writing dependency_links to ../../../build/nav2_loopback_sim/nav2_loopback_sim.egg-info/dependency_links.txt
[1.481s] writing entry points to ../../../build/nav2_loopback_sim/nav2_loopback_sim.egg-info/entry_points.txt
[1.481s] writing requirements to ../../../build/nav2_loopback_sim/nav2_loopback_sim.egg-info/requires.txt
[1.481s] writing top-level names to ../../../build/nav2_loopback_sim/nav2_loopback_sim.egg-info/top_level.txt
[1.481s] writing manifest file '../../../build/nav2_loopback_sim/nav2_loopback_sim.egg-info/SOURCES.txt'
[1.481s] reading manifest file '../../../build/nav2_loopback_sim/nav2_loopback_sim.egg-info/SOURCES.txt'
[1.481s] writing manifest file '../../../build/nav2_loopback_sim/nav2_loopback_sim.egg-info/SOURCES.txt'
[1.481s] running build
[1.481s] running build_py
[1.481s] creating /home/olympusforge/ros2_frost/build/nav2_loopback_sim/build
[1.481s] creating /home/olympusforge/ros2_frost/build/nav2_loopback_sim/build/lib
[1.481s] creating /home/olympusforge/ros2_frost/build/nav2_loopback_sim/build/lib/nav2_loopback_sim
[1.481s] copying nav2_loopback_sim/loopback_simulator.py -> /home/olympusforge/ros2_frost/build/nav2_loopback_sim/build/lib/nav2_loopback_sim
[1.481s] copying nav2_loopback_sim/utils.py -> /home/olympusforge/ros2_frost/build/nav2_loopback_sim/build/lib/nav2_loopback_sim
[1.481s] running install
[1.481s] running install_lib
[1.481s] creating /home/olympusforge/ros2_frost/install/nav2_loopback_sim/lib/python3.10/site-packages/nav2_loopback_sim
[1.481s] copying /home/olympusforge/ros2_frost/build/nav2_loopback_sim/build/lib/nav2_loopback_sim/loopback_simulator.py -> /home/olympusforge/ros2_frost/install/nav2_loopback_sim/lib/python3.10/site-packages/nav2_loopback_sim
[1.481s] copying /home/olympusforge/ros2_frost/build/nav2_loopback_sim/build/lib/nav2_loopback_sim/utils.py -> /home/olympusforge/ros2_frost/install/nav2_loopback_sim/lib/python3.10/site-packages/nav2_loopback_sim
[1.481s] byte-compiling /home/olympusforge/ros2_frost/install/nav2_loopback_sim/lib/python3.10/site-packages/nav2_loopback_sim/loopback_simulator.py to loopback_simulator.cpython-310.pyc
[1.481s] byte-compiling /home/olympusforge/ros2_frost/install/nav2_loopback_sim/lib/python3.10/site-packages/nav2_loopback_sim/utils.py to utils.cpython-310.pyc
[1.481s] running install_data
[1.481s] creating /home/olympusforge/ros2_frost/install/nav2_loopback_sim/share/ament_index
[1.482s] creating /home/olympusforge/ros2_frost/install/nav2_loopback_sim/share/ament_index/resource_index
[1.482s] creating /home/olympusforge/ros2_frost/install/nav2_loopback_sim/share/ament_index/resource_index/packages
[1.482s] copying resource/nav2_loopback_sim -> /home/olympusforge/ros2_frost/install/nav2_loopback_sim/share/ament_index/resource_index/packages
[1.482s] copying package.xml -> /home/olympusforge/ros2_frost/install/nav2_loopback_sim/share/nav2_loopback_sim
[1.482s] copying launch/loopback_simulation.launch.py -> /home/olympusforge/ros2_frost/install/nav2_loopback_sim/share/nav2_loopback_sim
[1.482s] running install_egg_info
[1.482s] package init file 'nav2_loopback_sim/__init__.py' not found (or not a regular file)
[1.482s] Copying ../../../build/nav2_loopback_sim/nav2_loopback_sim.egg-info to /home/olympusforge/ros2_frost/install/nav2_loopback_sim/lib/python3.10/site-packages/nav2_loopback_sim-1.0.0-py3.10.egg-info
[1.482s] running install_scripts
[1.500s] Installing loopback_simulator script to /home/olympusforge/ros2_frost/install/nav2_loopback_sim/lib/nav2_loopback_sim
[1.500s] writing list of installed files to '/home/olympusforge/ros2_frost/build/nav2_loopback_sim/install.log'
[1.600s] Invoked command in '/home/olympusforge/ros2_frost/src/navigation2/nav2_loopback_sim' returned '0': PYTHONPATH=/home/olympusforge/ros2_frost/build/nav2_loopback_sim/prefix_override:/usr/lib/python3/dist-packages/colcon_core/task/python/colcon_distutils_commands:/home/olympusforge/ros2_frost/install/nav2_loopback_sim/lib/python3.10/site-packages:${PYTHONPATH} /usr/bin/python3 -W ignore:setup.py install is deprecated -W ignore:easy_install command is deprecated setup.py egg_info --egg-base ../../../build/nav2_loopback_sim build --build-base /home/olympusforge/ros2_frost/build/nav2_loopback_sim/build install --record /home/olympusforge/ros2_frost/build/nav2_loopback_sim/install.log --single-version-externally-managed install_data
