[0.225s] Invoking command in '/home/olympusforge/ros2_frost/build/v4l2_camera': CMAKE_PREFIX_PATH=${CMAKE_PREFIX_PATH}:/home/olympusforge/ros2_frost/install/tortoisebot_control:/opt/ros/humble /usr/bin/cmake --build /home/olympusforge/ros2_frost/build/v4l2_camera -- -j8 -l8
[0.356s] [35m[1mConsolidate compiler generated dependencies of target v4l2_camera[0m
[0.383s] [ 50%] Built target v4l2_camera
[0.385s] [35m[1mConsolidate compiler generated dependencies of target v4l2_camera_node[0m
[0.385s] [35m[1mConsolidate compiler generated dependencies of target v4l2_camera_compose_test[0m
[0.395s] [ 75%] Built target v4l2_camera_node
[0.403s] [100%] Built target v4l2_camera_compose_test
[0.543s] Invoked command in '/home/olympusforge/ros2_frost/build/v4l2_camera' returned '0': CMAKE_PREFIX_PATH=${CMAKE_PREFIX_PATH}:/home/olympusforge/ros2_frost/install/tortoisebot_control:/opt/ros/humble /usr/bin/cmake --build /home/olympusforge/ros2_frost/build/v4l2_camera -- -j8 -l8
[0.543s] Invoking command in '/home/olympusforge/ros2_frost/build/v4l2_camera': CMAKE_PREFIX_PATH=${CMAKE_PREFIX_PATH}:/home/olympusforge/ros2_frost/install/tortoisebot_control:/opt/ros/humble /usr/bin/cmake --install /home/olympusforge/ros2_frost/build/v4l2_camera
[0.563s] -- Install configuration: ""
[0.563s] -- Execute custom install script
[0.563s] -- Symlinking: /home/olympusforge/ros2_frost/install/v4l2_camera/include/v4l2_camera/control.hpp
[0.569s] -- Symlinking: /home/olympusforge/ros2_frost/install/v4l2_camera/include/v4l2_camera/fourcc.hpp
[0.586s] -- Symlinking: /home/olympusforge/ros2_frost/install/v4l2_camera/include/v4l2_camera/image_format.hpp
[0.602s] -- Symlinking: /home/olympusforge/ros2_frost/install/v4l2_camera/include/v4l2_camera/parameters.hpp
[0.624s] -- Symlinking: /home/olympusforge/ros2_frost/install/v4l2_camera/include/v4l2_camera/pixel_format.hpp
[0.636s] -- Symlinking: /home/olympusforge/ros2_frost/install/v4l2_camera/include/v4l2_camera/v4l2_camera.hpp
[0.646s] -- Symlinking: /home/olympusforge/ros2_frost/install/v4l2_camera/include/v4l2_camera/v4l2_camera_device.hpp
[0.656s] -- Symlinking: /home/olympusforge/ros2_frost/install/v4l2_camera/include/v4l2_camera/visibility_control.h
[0.668s] -- Symlinking: /home/olympusforge/ros2_frost/install/v4l2_camera/share/v4l2_camera/environment/library_path.sh
[0.713s] -- Symlinking: /home/olympusforge/ros2_frost/install/v4l2_camera/share/v4l2_camera/environment/library_path.dsv
[0.764s] -- Symlinking: /home/olympusforge/ros2_frost/install/v4l2_camera/share/ament_index/resource_index/package_run_dependencies/v4l2_camera
[0.877s] -- Symlinking: /home/olympusforge/ros2_frost/install/v4l2_camera/share/ament_index/resource_index/parent_prefix_path/v4l2_camera
[0.896s] -- Symlinking: /home/olympusforge/ros2_frost/install/v4l2_camera/share/v4l2_camera/environment/ament_prefix_path.sh
[0.896s] -- Symlinking: /home/olympusforge/ros2_frost/install/v4l2_camera/share/v4l2_camera/environment/ament_prefix_path.dsv
[0.916s] -- Symlinking: /home/olympusforge/ros2_frost/install/v4l2_camera/share/v4l2_camera/environment/path.sh
[0.926s] -- Symlinking: /home/olympusforge/ros2_frost/install/v4l2_camera/share/v4l2_camera/environment/path.dsv
[0.934s] -- Symlinking: /home/olympusforge/ros2_frost/install/v4l2_camera/share/v4l2_camera/local_setup.bash
[0.941s] -- Symlinking: /home/olympusforge/ros2_frost/install/v4l2_camera/share/v4l2_camera/local_setup.sh
[1.036s] -- Symlinking: /home/olympusforge/ros2_frost/install/v4l2_camera/share/v4l2_camera/local_setup.zsh
[1.044s] -- Symlinking: /home/olympusforge/ros2_frost/install/v4l2_camera/share/v4l2_camera/local_setup.dsv
[1.050s] -- Symlinking: /home/olympusforge/ros2_frost/install/v4l2_camera/share/v4l2_camera/package.dsv
[1.057s] -- Symlinking: /home/olympusforge/ros2_frost/install/v4l2_camera/share/ament_index/resource_index/packages/v4l2_camera
[1.066s] -- Symlinking: /home/olympusforge/ros2_frost/install/v4l2_camera/share/ament_index/resource_index/rclcpp_components/v4l2_camera
[1.076s] -- Symlinking: /home/olympusforge/ros2_frost/install/v4l2_camera/share/v4l2_camera/cmake/ament_cmake_export_include_directories-extras.cmake
[1.086s] -- Symlinking: /home/olympusforge/ros2_frost/install/v4l2_camera/share/v4l2_camera/cmake/ament_cmake_export_targets-extras.cmake
[1.096s] -- Symlinking: /home/olympusforge/ros2_frost/install/v4l2_camera/share/v4l2_camera/cmake/ament_cmake_export_libraries-extras.cmake
[1.106s] -- Symlinking: /home/olympusforge/ros2_frost/install/v4l2_camera/share/v4l2_camera/cmake/ament_cmake_export_dependencies-extras.cmake
[1.120s] -- Symlinking: /home/olympusforge/ros2_frost/install/v4l2_camera/share/v4l2_camera/cmake/v4l2_cameraConfig.cmake
[1.129s] -- Symlinking: /home/olympusforge/ros2_frost/install/v4l2_camera/share/v4l2_camera/cmake/v4l2_cameraConfig-version.cmake
[1.137s] -- Symlinking: /home/olympusforge/ros2_frost/install/v4l2_camera/share/v4l2_camera/package.xml
[1.145s] -- Installing: /home/olympusforge/ros2_frost/install/v4l2_camera/lib/libv4l2_camera.so
[1.152s] -- Set runtime path of "/home/olympusforge/ros2_frost/install/v4l2_camera/lib/libv4l2_camera.so" to ""
[1.152s] -- Installing: /home/olympusforge/ros2_frost/install/v4l2_camera/lib/v4l2_camera/v4l2_camera_node
[1.152s] -- Set runtime path of "/home/olympusforge/ros2_frost/install/v4l2_camera/lib/v4l2_camera/v4l2_camera_node" to ""
[1.152s] -- Installing: /home/olympusforge/ros2_frost/install/v4l2_camera/lib/v4l2_camera/v4l2_camera_compose_test
[1.154s] -- Set runtime path of "/home/olympusforge/ros2_frost/install/v4l2_camera/lib/v4l2_camera/v4l2_camera_compose_test" to ""
[1.154s] -- Installing: /home/olympusforge/ros2_frost/install/v4l2_camera/share/v4l2_camera/cmake/export_v4l2_cameraExport.cmake
[1.154s] -- Installing: /home/olympusforge/ros2_frost/install/v4l2_camera/share/v4l2_camera/cmake/export_v4l2_cameraExport-noconfig.cmake
[1.157s] Invoked command in '/home/olympusforge/ros2_frost/build/v4l2_camera' returned '0': CMAKE_PREFIX_PATH=${CMAKE_PREFIX_PATH}:/home/olympusforge/ros2_frost/install/tortoisebot_control:/opt/ros/humble /usr/bin/cmake --install /home/olympusforge/ros2_frost/build/v4l2_camera
