[0.229s] Invoking command in '/home/olympusforge/ros2_frost/build/tortoisebot_firmware': CMAKE_PREFIX_PATH=${CMAKE_PREFIX_PATH}:/home/olympusforge/ros2_frost/install/tortoisebot_control:/opt/ros/humble /usr/bin/cmake --build /home/olympusforge/ros2_frost/build/tortoisebot_firmware -- -j8 -l8
[0.383s] Built target ament_cmake_python_symlink_tortoisebot_firmware
[0.614s] running egg_info
[0.615s] writing tortoisebot_firmware.egg-info/PKG-INFO
[0.615s] writing dependency_links to tortoisebot_firmware.egg-info/dependency_links.txt
[0.615s] writing top-level names to tortoisebot_firmware.egg-info/top_level.txt
[0.617s] reading manifest file 'tortoisebot_firmware.egg-info/SOURCES.txt'
[0.617s] writing manifest file 'tortoisebot_firmware.egg-info/SOURCES.txt'
[0.660s] Built target ament_cmake_python_build_tortoisebot_firmware_egg
[0.673s] Invoked command in '/home/olympusforge/ros2_frost/build/tortoisebot_firmware' returned '0': CMAKE_PREFIX_PATH=${CMAKE_PREFIX_PATH}:/home/olympusforge/ros2_frost/install/tortoisebot_control:/opt/ros/humble /usr/bin/cmake --build /home/olympusforge/ros2_frost/build/tortoisebot_firmware -- -j8 -l8
[0.674s] Invoking command in '/home/olympusforge/ros2_frost/build/tortoisebot_firmware': CMAKE_PREFIX_PATH=${CMAKE_PREFIX_PATH}:/home/olympusforge/ros2_frost/install/tortoisebot_control:/opt/ros/humble /usr/bin/cmake --install /home/olympusforge/ros2_frost/build/tortoisebot_firmware
[0.686s] -- Install configuration: ""
[0.686s] -- Execute custom install script
[0.686s] -- Up-to-date symlink: /home/olympusforge/ros2_frost/install/tortoisebot_firmware/share/tortoisebot_firmware/environment/pythonpath.sh
[0.686s] -- Up-to-date symlink: /home/olympusforge/ros2_frost/install/tortoisebot_firmware/share/tortoisebot_firmware/environment/pythonpath.dsv
[0.686s] -- Up-to-date symlink: /home/olympusforge/ros2_frost/install/tortoisebot_firmware/local/lib/python3.10/dist-packages/tortoisebot_firmware-0.0.0-py3.10.egg-info/PKG-INFO
[0.687s] -- Up-to-date symlink: /home/olympusforge/ros2_frost/install/tortoisebot_firmware/local/lib/python3.10/dist-packages/tortoisebot_firmware-0.0.0-py3.10.egg-info/SOURCES.txt
[0.687s] -- Up-to-date symlink: /home/olympusforge/ros2_frost/install/tortoisebot_firmware/local/lib/python3.10/dist-packages/tortoisebot_firmware-0.0.0-py3.10.egg-info/dependency_links.txt
[0.687s] -- Up-to-date symlink: /home/olympusforge/ros2_frost/install/tortoisebot_firmware/local/lib/python3.10/dist-packages/tortoisebot_firmware-0.0.0-py3.10.egg-info/top_level.txt
[0.687s] -- Up-to-date symlink: /home/olympusforge/ros2_frost/install/tortoisebot_firmware/local/lib/python3.10/dist-packages/tortoisebot_firmware/__init__.py
[0.687s] -- Up-to-date symlink: /home/olympusforge/ros2_frost/install/tortoisebot_firmware/lib/tortoisebot_firmware/differential.py
[0.687s] -- Up-to-date symlink: /home/olympusforge/ros2_frost/install/tortoisebot_firmware/share/ament_index/resource_index/package_run_dependencies/tortoisebot_firmware
[0.687s] -- Up-to-date symlink: /home/olympusforge/ros2_frost/install/tortoisebot_firmware/share/ament_index/resource_index/parent_prefix_path/tortoisebot_firmware
[0.687s] -- Up-to-date symlink: /home/olympusforge/ros2_frost/install/tortoisebot_firmware/share/tortoisebot_firmware/environment/ament_prefix_path.sh
[0.687s] -- Up-to-date symlink: /home/olympusforge/ros2_frost/install/tortoisebot_firmware/share/tortoisebot_firmware/environment/ament_prefix_path.dsv
[0.687s] -- Up-to-date symlink: /home/olympusforge/ros2_frost/install/tortoisebot_firmware/share/tortoisebot_firmware/environment/path.sh
[0.687s] -- Up-to-date symlink: /home/olympusforge/ros2_frost/install/tortoisebot_firmware/share/tortoisebot_firmware/environment/path.dsv
[0.687s] -- Up-to-date symlink: /home/olympusforge/ros2_frost/install/tortoisebot_firmware/share/tortoisebot_firmware/local_setup.bash
[0.688s] -- Up-to-date symlink: /home/olympusforge/ros2_frost/install/tortoisebot_firmware/share/tortoisebot_firmware/local_setup.sh
[0.688s] -- Up-to-date symlink: /home/olympusforge/ros2_frost/install/tortoisebot_firmware/share/tortoisebot_firmware/local_setup.zsh
[0.688s] -- Up-to-date symlink: /home/olympusforge/ros2_frost/install/tortoisebot_firmware/share/tortoisebot_firmware/local_setup.dsv
[0.688s] -- Symlinking: /home/olympusforge/ros2_frost/install/tortoisebot_firmware/share/tortoisebot_firmware/package.dsv
[0.703s] -- Up-to-date symlink: /home/olympusforge/ros2_frost/install/tortoisebot_firmware/share/ament_index/resource_index/packages/tortoisebot_firmware
[0.704s] -- Up-to-date symlink: /home/olympusforge/ros2_frost/install/tortoisebot_firmware/share/tortoisebot_firmware/cmake/tortoisebot_firmwareConfig.cmake
[0.704s] -- Up-to-date symlink: /home/olympusforge/ros2_frost/install/tortoisebot_firmware/share/tortoisebot_firmware/cmake/tortoisebot_firmwareConfig-version.cmake
[0.704s] -- Up-to-date symlink: /home/olympusforge/ros2_frost/install/tortoisebot_firmware/share/tortoisebot_firmware/package.xml
[0.819s] Listing '/home/olympusforge/ros2_frost/install/tortoisebot_firmware/local/lib/python3.10/dist-packages/tortoisebot_firmware'...
[0.855s] Invoked command in '/home/olympusforge/ros2_frost/build/tortoisebot_firmware' returned '0': CMAKE_PREFIX_PATH=${CMAKE_PREFIX_PATH}:/home/olympusforge/ros2_frost/install/tortoisebot_control:/opt/ros/humble /usr/bin/cmake --install /home/olympusforge/ros2_frost/build/tortoisebot_firmware
