[0.238s] Invoking command in '/home/olympusforge/ros2_frost/build/v4l2_camera': CMAKE_PREFIX_PATH=${CMAKE_PREFIX_PATH}:/home/olympusforge/ros2_frost/install/tortoisebot_control:/opt/ros/humble /usr/bin/cmake /home/olympusforge/ros2_frost/src/tortoisebot/v4l2_camera -DAMENT_CMAKE_SYMLINK_INSTALL=1 -DCMAKE_INSTALL_PREFIX=/home/olympusforge/ros2_frost/install/v4l2_camera
[0.783s] -- The C compiler identification is GNU 11.4.0
[0.783s] -- The CXX compiler identification is GNU 11.4.0
[0.783s] -- Detecting C compiler ABI info
[0.783s] -- Detecting C compiler ABI info - done
[0.783s] -- Check for working C compiler: /usr/bin/cc - skipped
[0.783s] -- Detecting C compile features
[0.783s] -- Detecting C compile features - done
[0.783s] -- Detecting CXX compiler ABI info
[0.783s] -- Detecting CXX compiler ABI info - done
[0.783s] -- Check for working CXX compiler: /usr/bin/c++ - skipped
[0.783s] -- Detecting CXX compile features
[0.784s] -- Detecting CXX compile features - done
[0.784s] -- Found ament_cmake: 1.3.11 (/opt/ros/humble/share/ament_cmake/cmake)
[0.917s] -- Found Python3: /usr/bin/python3 (found version "3.10.12") found components: Interpreter 
[0.993s] -- Override CMake install command with custom implementation using symlinks instead of copying resources
[1.020s] -- Found ament_cmake_ros: 0.10.0 (/opt/ros/humble/share/ament_cmake_ros/cmake)
[1.026s] -- Found rclcpp: 16.0.11 (/opt/ros/humble/share/rclcpp/cmake)
[1.050s] -- Found rosidl_generator_c: 3.1.6 (/opt/ros/humble/share/rosidl_generator_c/cmake)
[1.053s] -- Found rosidl_adapter: 3.1.6 (/opt/ros/humble/share/rosidl_adapter/cmake)
[1.063s] -- Found rosidl_generator_cpp: 3.1.6 (/opt/ros/humble/share/rosidl_generator_cpp/cmake)
[1.072s] -- Using all available rosidl_typesupport_c: rosidl_typesupport_fastrtps_c;rosidl_typesupport_introspection_c
[1.086s] -- Using all available rosidl_typesupport_cpp: rosidl_typesupport_fastrtps_cpp;rosidl_typesupport_introspection_cpp
[1.125s] -- Found rmw_implementation_cmake: 6.1.2 (/opt/ros/humble/share/rmw_implementation_cmake/cmake)
[1.126s] -- Found rmw_fastrtps_cpp: 6.2.7 (/opt/ros/humble/share/rmw_fastrtps_cpp/cmake)
[1.284s] -- Found OpenSSL: /usr/lib/x86_64-linux-gnu/libcrypto.so (found version "3.0.2")  
[1.315s] -- Found FastRTPS: /opt/ros/humble/include  
[1.358s] -- Using RMW implementation 'rmw_fastrtps_cpp' as default
[1.365s] -- Looking for pthread.h
[1.559s] -- Looking for pthread.h - found
[1.559s] -- Performing Test CMAKE_HAVE_LIBC_PTHREAD
[1.727s] -- Performing Test CMAKE_HAVE_LIBC_PTHREAD - Success
[1.729s] -- Found Threads: TRUE  
[1.774s] -- Found rclcpp_components: 16.0.11 (/opt/ros/humble/share/rclcpp_components/cmake)
[1.792s] -- Found camera_info_manager: 3.1.10 (/opt/ros/humble/share/camera_info_manager/cmake)
[1.826s] -- Found cv_bridge: 3.2.1 (/opt/ros/humble/share/cv_bridge/cmake)
[1.835s] -- Found image_transport: 3.1.10 (/opt/ros/humble/share/image_transport/cmake)
[1.857s] -- Found ament_lint_auto: 0.12.11 (/opt/ros/humble/share/ament_lint_auto/cmake)
[1.938s] -- Added test 'cppcheck' to perform static code analysis on C / C++ code
[1.938s] -- Configured cppcheck include dirs: $<BUILD_INTERFACE:/home/olympusforge/ros2_frost/src/tortoisebot/v4l2_camera/include>
[1.938s] -- Configured cppcheck exclude dirs and/or files: 
[1.938s] -- Added test 'cpplint' to check C / C++ code against the Google style
[1.938s] -- Configured cpplint exclude dirs and/or files: 
[1.944s] -- Added test 'lint_cmake' to check CMake code style
[1.944s] -- Added test 'uncrustify' to check C / C++ code style
[1.944s] -- Configured uncrustify additional arguments: 
[1.944s] -- Added test 'xmllint' to check XML markup files
[1.944s] -- Configuring done
[1.955s] -- Generating done
[1.959s] -- Build files have been written to: /home/olympusforge/ros2_frost/build/v4l2_camera
[1.966s] Invoked command in '/home/olympusforge/ros2_frost/build/v4l2_camera' returned '0': CMAKE_PREFIX_PATH=${CMAKE_PREFIX_PATH}:/home/olympusforge/ros2_frost/install/tortoisebot_control:/opt/ros/humble /usr/bin/cmake /home/olympusforge/ros2_frost/src/tortoisebot/v4l2_camera -DAMENT_CMAKE_SYMLINK_INSTALL=1 -DCMAKE_INSTALL_PREFIX=/home/olympusforge/ros2_frost/install/v4l2_camera
[1.967s] Invoking command in '/home/olympusforge/ros2_frost/build/v4l2_camera': CMAKE_PREFIX_PATH=${CMAKE_PREFIX_PATH}:/home/olympusforge/ros2_frost/install/tortoisebot_control:/opt/ros/humble /usr/bin/cmake --build /home/olympusforge/ros2_frost/build/v4l2_camera -- -j8 -l8
[2.011s] [ 12%] [32mBuilding CXX object CMakeFiles/v4l2_camera.dir/src/v4l2_camera_device.cpp.o[0m
[2.016s] [ 25%] [32mBuilding CXX object CMakeFiles/v4l2_camera.dir/src/v4l2_camera.cpp.o[0m
[2.016s] [ 37%] [32mBuilding CXX object CMakeFiles/v4l2_camera.dir/src/parameters.cpp.o[0m
[9.122s] [ 50%] [32m[1mLinking CXX shared library libv4l2_camera.so[0m
[9.480s] [ 50%] Built target v4l2_camera
[9.506s] [ 62%] [32mBuilding CXX object CMakeFiles/v4l2_camera_compose_test.dir/src/v4l2_camera_compose_test.cpp.o[0m
[9.506s] [ 75%] [32mBuilding CXX object CMakeFiles/v4l2_camera_node.dir/src/v4l2_camera_node.cpp.o[0m
[11.496s] [ 87%] [32m[1mLinking CXX executable v4l2_camera_node[0m
[11.836s] [ 87%] Built target v4l2_camera_node
[14.735s] [100%] [32m[1mLinking CXX executable v4l2_camera_compose_test[0m
[15.218s] [100%] Built target v4l2_camera_compose_test
