[0.101s] Invoking command in '/home/olympusforge/ros2_frost/build/tortoisebot_bringup': CMAKE_PREFIX_PATH=${CMAKE_PREFIX_PATH}:/home/olympusforge/ros2_frost/install/tortoisebot_control:/opt/ros/humble /usr/bin/cmake /home/olympusforge/ros2_frost/src/tortoisebot/tortoisebot_bringup -DAMENT_CMAKE_SYMLINK_INSTALL=1 -DCMAKE_INSTALL_PREFIX=/home/olympusforge/ros2_frost/install/tortoisebot_bringup
[0.510s] -- Found ament_cmake: 1.3.11 (/opt/ros/humble/share/ament_cmake/cmake)
[0.547s] -- Override CMake install command with custom implementation using symlinks instead of copying resources
[0.877s] -- Found ament_lint_auto: 0.12.11 (/opt/ros/humble/share/ament_lint_auto/cmake)
[1.327s] -- Added test 'copyright' to check source files copyright and LICENSE
[1.331s] -- Added test 'flake8' to check Python code syntax and style conventions
[1.346s] -- Added test 'lint_cmake' to check CMake code style
[1.355s] -- Added test 'pep257' to check Python code against some of the docstring style conventions in PEP 257
[1.373s] -- Added test 'xmllint' to check XML markup files
[1.420s] -- Configuring done
[1.585s] -- Generating done
[1.625s] -- Build files have been written to: /home/olympusforge/ros2_frost/build/tortoisebot_bringup
[1.891s] Invoked command in '/home/olympusforge/ros2_frost/build/tortoisebot_bringup' returned '0': CMAKE_PREFIX_PATH=${CMAKE_PREFIX_PATH}:/home/olympusforge/ros2_frost/install/tortoisebot_control:/opt/ros/humble /usr/bin/cmake /home/olympusforge/ros2_frost/src/tortoisebot/tortoisebot_bringup -DAMENT_CMAKE_SYMLINK_INSTALL=1 -DCMAKE_INSTALL_PREFIX=/home/olympusforge/ros2_frost/install/tortoisebot_bringup
[1.891s] Invoking command in '/home/olympusforge/ros2_frost/build/tortoisebot_bringup': CMAKE_PREFIX_PATH=${CMAKE_PREFIX_PATH}:/home/olympusforge/ros2_frost/install/tortoisebot_control:/opt/ros/humble /usr/bin/cmake --build /home/olympusforge/ros2_frost/build/tortoisebot_bringup -- -j8 -l8
[2.094s] Invoked command in '/home/olympusforge/ros2_frost/build/tortoisebot_bringup' returned '0': CMAKE_PREFIX_PATH=${CMAKE_PREFIX_PATH}:/home/olympusforge/ros2_frost/install/tortoisebot_control:/opt/ros/humble /usr/bin/cmake --build /home/olympusforge/ros2_frost/build/tortoisebot_bringup -- -j8 -l8
[2.145s] Invoking command in '/home/olympusforge/ros2_frost/build/tortoisebot_bringup': CMAKE_PREFIX_PATH=${CMAKE_PREFIX_PATH}:/home/olympusforge/ros2_frost/install/tortoisebot_control:/opt/ros/humble /usr/bin/cmake --install /home/olympusforge/ros2_frost/build/tortoisebot_bringup
[2.238s] -- Install configuration: ""
[2.238s] -- Execute custom install script
[2.239s] -- Up-to-date symlink: /home/olympusforge/ros2_frost/install/tortoisebot_bringup/share/tortoisebot_bringup/launch/autobringup.launch.py
[2.239s] -- Up-to-date symlink: /home/olympusforge/ros2_frost/install/tortoisebot_bringup/share/tortoisebot_bringup/launch/bringup.launch.py
[2.239s] -- Up-to-date symlink: /home/olympusforge/ros2_frost/install/tortoisebot_bringup/share/tortoisebot_bringup/maps/room2.pgm
[2.239s] -- Up-to-date symlink: /home/olympusforge/ros2_frost/install/tortoisebot_bringup/share/tortoisebot_bringup/maps/room2.yaml
[2.242s] -- Up-to-date symlink: /home/olympusforge/ros2_frost/install/tortoisebot_bringup/share/ament_index/resource_index/package_run_dependencies/tortoisebot_bringup
[2.242s] -- Up-to-date symlink: /home/olympusforge/ros2_frost/install/tortoisebot_bringup/share/ament_index/resource_index/parent_prefix_path/tortoisebot_bringup
[2.243s] -- Up-to-date symlink: /home/olympusforge/ros2_frost/install/tortoisebot_bringup/share/tortoisebot_bringup/environment/ament_prefix_path.sh
[2.243s] -- Up-to-date symlink: /home/olympusforge/ros2_frost/install/tortoisebot_bringup/share/tortoisebot_bringup/environment/ament_prefix_path.dsv
[2.243s] -- Up-to-date symlink: /home/olympusforge/ros2_frost/install/tortoisebot_bringup/share/tortoisebot_bringup/environment/path.sh
[2.243s] -- Up-to-date symlink: /home/olympusforge/ros2_frost/install/tortoisebot_bringup/share/tortoisebot_bringup/environment/path.dsv
[2.243s] -- Up-to-date symlink: /home/olympusforge/ros2_frost/install/tortoisebot_bringup/share/tortoisebot_bringup/local_setup.bash
[2.243s] -- Up-to-date symlink: /home/olympusforge/ros2_frost/install/tortoisebot_bringup/share/tortoisebot_bringup/local_setup.sh
[2.243s] -- Up-to-date symlink: /home/olympusforge/ros2_frost/install/tortoisebot_bringup/share/tortoisebot_bringup/local_setup.zsh
[2.244s] -- Up-to-date symlink: /home/olympusforge/ros2_frost/install/tortoisebot_bringup/share/tortoisebot_bringup/local_setup.dsv
[2.252s] -- Symlinking: /home/olympusforge/ros2_frost/install/tortoisebot_bringup/share/tortoisebot_bringup/package.dsv
[2.273s] -- Up-to-date symlink: /home/olympusforge/ros2_frost/install/tortoisebot_bringup/share/ament_index/resource_index/packages/tortoisebot_bringup
[2.273s] -- Up-to-date symlink: /home/olympusforge/ros2_frost/install/tortoisebot_bringup/share/tortoisebot_bringup/cmake/tortoisebot_bringupConfig.cmake
[2.273s] -- Up-to-date symlink: /home/olympusforge/ros2_frost/install/tortoisebot_bringup/share/tortoisebot_bringup/cmake/tortoisebot_bringupConfig-version.cmake
[2.273s] -- Up-to-date symlink: /home/olympusforge/ros2_frost/install/tortoisebot_bringup/share/tortoisebot_bringup/package.xml
[2.637s] Invoked command in '/home/olympusforge/ros2_frost/build/tortoisebot_bringup' returned '0': CMAKE_PREFIX_PATH=${CMAKE_PREFIX_PATH}:/home/olympusforge/ros2_frost/install/tortoisebot_control:/opt/ros/humble /usr/bin/cmake --install /home/olympusforge/ros2_frost/build/tortoisebot_bringup
