[0.112s] Invoking command in '/home/olympusforge/ros2_frost/build/nav2_common': CMAKE_PREFIX_PATH=${CMAKE_PREFIX_PATH}:/home/olympusforge/ros2_frost/install/tortoisebot_control:/opt/ros/humble /usr/bin/cmake /home/olympusforge/ros2_frost/src/navigation2/nav2_common -DCMAKE_INSTALL_PREFIX=/home/olympusforge/ros2_frost/install/nav2_common
[0.660s] -- Found ament_cmake_core: 1.3.11 (/opt/ros/humble/share/ament_cmake_core/cmake)
[0.660s] -- Found Python3: /usr/bin/python3 (found version "3.10.12") found components: Interpreter 
[0.660s] -- Found ament_cmake_python: 1.3.11 (/opt/ros/humble/share/ament_cmake_python/cmake)
[0.660s] -- Configuring done
[0.660s] -- Generating done
[0.660s] -- Build files have been written to: /home/olympusforge/ros2_frost/build/nav2_common
[0.711s] Invoked command in '/home/olympusforge/ros2_frost/build/nav2_common' returned '0': CMAKE_PREFIX_PATH=${CMAKE_PREFIX_PATH}:/home/olympusforge/ros2_frost/install/tortoisebot_control:/opt/ros/humble /usr/bin/cmake /home/olympusforge/ros2_frost/src/navigation2/nav2_common -DCMAKE_INSTALL_PREFIX=/home/olympusforge/ros2_frost/install/nav2_common
[0.712s] Invoking command in '/home/olympusforge/ros2_frost/build/nav2_common': CMAKE_PREFIX_PATH=${CMAKE_PREFIX_PATH}:/home/olympusforge/ros2_frost/install/tortoisebot_control:/opt/ros/humble /usr/bin/cmake --build /home/olympusforge/ros2_frost/build/nav2_common -- -j8 -l8
[0.804s] Built target ament_cmake_python_copy_nav2_common
[1.113s] running egg_info
[1.113s] creating nav2_common.egg-info
[1.113s] writing nav2_common.egg-info/PKG-INFO
[1.113s] writing dependency_links to nav2_common.egg-info/dependency_links.txt
[1.113s] writing top-level names to nav2_common.egg-info/top_level.txt
[1.113s] writing manifest file 'nav2_common.egg-info/SOURCES.txt'
[1.113s] reading manifest file 'nav2_common.egg-info/SOURCES.txt'
[1.113s] writing manifest file 'nav2_common.egg-info/SOURCES.txt'
[1.151s] Built target ament_cmake_python_build_nav2_common_egg
[1.172s] Invoked command in '/home/olympusforge/ros2_frost/build/nav2_common' returned '0': CMAKE_PREFIX_PATH=${CMAKE_PREFIX_PATH}:/home/olympusforge/ros2_frost/install/tortoisebot_control:/opt/ros/humble /usr/bin/cmake --build /home/olympusforge/ros2_frost/build/nav2_common -- -j8 -l8
[1.182s] Invoking command in '/home/olympusforge/ros2_frost/build/nav2_common': CMAKE_PREFIX_PATH=${CMAKE_PREFIX_PATH}:/home/olympusforge/ros2_frost/install/tortoisebot_control:/opt/ros/humble /usr/bin/cmake --install /home/olympusforge/ros2_frost/build/nav2_common
[1.262s] -- Install configuration: ""
[1.268s] -- Installing: /home/olympusforge/ros2_frost/install/nav2_common/share/nav2_common/environment/pythonpath.sh
[1.268s] -- Installing: /home/olympusforge/ros2_frost/install/nav2_common/share/nav2_common/environment/pythonpath.dsv
[1.268s] -- Installing: /home/olympusforge/ros2_frost/install/nav2_common/local/lib/python3.10/dist-packages/nav2_common-1.3.1-py3.10.egg-info
[1.268s] -- Installing: /home/olympusforge/ros2_frost/install/nav2_common/local/lib/python3.10/dist-packages/nav2_common-1.3.1-py3.10.egg-info/dependency_links.txt
[1.268s] -- Installing: /home/olympusforge/ros2_frost/install/nav2_common/local/lib/python3.10/dist-packages/nav2_common-1.3.1-py3.10.egg-info/PKG-INFO
[1.268s] -- Installing: /home/olympusforge/ros2_frost/install/nav2_common/local/lib/python3.10/dist-packages/nav2_common-1.3.1-py3.10.egg-info/top_level.txt
[1.268s] -- Installing: /home/olympusforge/ros2_frost/install/nav2_common/local/lib/python3.10/dist-packages/nav2_common-1.3.1-py3.10.egg-info/SOURCES.txt
[1.270s] -- Installing: /home/olympusforge/ros2_frost/install/nav2_common/local/lib/python3.10/dist-packages/nav2_common
[1.270s] -- Installing: /home/olympusforge/ros2_frost/install/nav2_common/local/lib/python3.10/dist-packages/nav2_common/__init__.py
[1.270s] -- Installing: /home/olympusforge/ros2_frost/install/nav2_common/local/lib/python3.10/dist-packages/nav2_common/launch
[1.270s] -- Installing: /home/olympusforge/ros2_frost/install/nav2_common/local/lib/python3.10/dist-packages/nav2_common/launch/__init__.py
[1.270s] -- Installing: /home/olympusforge/ros2_frost/install/nav2_common/local/lib/python3.10/dist-packages/nav2_common/launch/replace_string.py
[1.285s] -- Installing: /home/olympusforge/ros2_frost/install/nav2_common/local/lib/python3.10/dist-packages/nav2_common/launch/rewritten_yaml.py
[1.285s] -- Installing: /home/olympusforge/ros2_frost/install/nav2_common/local/lib/python3.10/dist-packages/nav2_common/launch/has_node_params.py
[1.286s] Listing '/home/olympusforge/ros2_frost/install/nav2_common/local/lib/python3.10/dist-packages/nav2_common'...
[1.286s] Compiling '/home/olympusforge/ros2_frost/install/nav2_common/local/lib/python3.10/dist-packages/nav2_common/__init__.py'...
[1.286s] Listing '/home/olympusforge/ros2_frost/install/nav2_common/local/lib/python3.10/dist-packages/nav2_common/launch'...
[1.286s] Compiling '/home/olympusforge/ros2_frost/install/nav2_common/local/lib/python3.10/dist-packages/nav2_common/launch/__init__.py'...
[1.286s] Compiling '/home/olympusforge/ros2_frost/install/nav2_common/local/lib/python3.10/dist-packages/nav2_common/launch/has_node_params.py'...
[1.286s] Compiling '/home/olympusforge/ros2_frost/install/nav2_common/local/lib/python3.10/dist-packages/nav2_common/launch/replace_string.py'...
[1.286s] Compiling '/home/olympusforge/ros2_frost/install/nav2_common/local/lib/python3.10/dist-packages/nav2_common/launch/rewritten_yaml.py'...
[1.286s] -- Installing: /home/olympusforge/ros2_frost/install/nav2_common/share/ament_index/resource_index/package_run_dependencies/nav2_common
[1.287s] -- Installing: /home/olympusforge/ros2_frost/install/nav2_common/share/ament_index/resource_index/parent_prefix_path/nav2_common
[1.287s] -- Installing: /home/olympusforge/ros2_frost/install/nav2_common/share/nav2_common/environment/ament_prefix_path.sh
[1.287s] -- Installing: /home/olympusforge/ros2_frost/install/nav2_common/share/nav2_common/environment/ament_prefix_path.dsv
[1.287s] -- Installing: /home/olympusforge/ros2_frost/install/nav2_common/share/nav2_common/environment/path.sh
[1.287s] -- Installing: /home/olympusforge/ros2_frost/install/nav2_common/share/nav2_common/environment/path.dsv
[1.287s] -- Installing: /home/olympusforge/ros2_frost/install/nav2_common/share/nav2_common/local_setup.bash
[1.287s] -- Installing: /home/olympusforge/ros2_frost/install/nav2_common/share/nav2_common/local_setup.sh
[1.287s] -- Installing: /home/olympusforge/ros2_frost/install/nav2_common/share/nav2_common/local_setup.zsh
[1.288s] -- Installing: /home/olympusforge/ros2_frost/install/nav2_common/share/nav2_common/local_setup.dsv
[1.288s] -- Installing: /home/olympusforge/ros2_frost/install/nav2_common/share/nav2_common/package.dsv
[1.288s] -- Installing: /home/olympusforge/ros2_frost/install/nav2_common/share/ament_index/resource_index/packages/nav2_common
[1.288s] -- Installing: /home/olympusforge/ros2_frost/install/nav2_common/share/nav2_common/cmake/nav2_common-extras.cmake
[1.288s] -- Installing: /home/olympusforge/ros2_frost/install/nav2_common/share/nav2_common/cmake/nav2_commonConfig.cmake
[1.288s] -- Installing: /home/olympusforge/ros2_frost/install/nav2_common/share/nav2_common/cmake/nav2_commonConfig-version.cmake
[1.288s] -- Installing: /home/olympusforge/ros2_frost/install/nav2_common/share/nav2_common/package.xml
[1.288s] -- Up-to-date: /home/olympusforge/ros2_frost/install/nav2_common/share/nav2_common/cmake
[1.288s] -- Installing: /home/olympusforge/ros2_frost/install/nav2_common/share/nav2_common/cmake/nav2_package.cmake
[1.435s] Invoked command in '/home/olympusforge/ros2_frost/build/nav2_common' returned '0': CMAKE_PREFIX_PATH=${CMAKE_PREFIX_PATH}:/home/olympusforge/ros2_frost/install/tortoisebot_control:/opt/ros/humble /usr/bin/cmake --install /home/olympusforge/ros2_frost/build/nav2_common
