[0.076s] Invoking command in '/home/olympusforge/ros2_frost/build/tortoisebot_bringup': CMAKE_PREFIX_PATH=${CMAKE_PREFIX_PATH}:/home/olympusforge/ros2_frost/install/tortoisebot_control:/opt/ros/humble /usr/bin/cmake --build /home/olympusforge/ros2_frost/build/tortoisebot_bringup -- -j8 -l8
[0.404s] Invoked command in '/home/olympusforge/ros2_frost/build/tortoisebot_bringup' returned '0': CMAKE_PREFIX_PATH=${CMAKE_PREFIX_PATH}:/home/olympusforge/ros2_frost/install/tortoisebot_control:/opt/ros/humble /usr/bin/cmake --build /home/olympusforge/ros2_frost/build/tortoisebot_bringup -- -j8 -l8
[0.416s] Invoking command in '/home/olympusforge/ros2_frost/build/tortoisebot_bringup': CMAKE_PREFIX_PATH=${CMAKE_PREFIX_PATH}:/home/olympusforge/ros2_frost/install/tortoisebot_control:/opt/ros/humble /usr/bin/cmake --install /home/olympusforge/ros2_frost/build/tortoisebot_bringup
[0.468s] -- Install configuration: ""
[0.468s] -- Execute custom install script
[0.468s] -- Up-to-date symlink: /home/olympusforge/ros2_frost/install/tortoisebot_bringup/share/tortoisebot_bringup/launch/autobringup.launch.py
[0.471s] -- Up-to-date symlink: /home/olympusforge/ros2_frost/install/tortoisebot_bringup/share/tortoisebot_bringup/launch/bringup.launch.py
[0.471s] -- Up-to-date symlink: /home/olympusforge/ros2_frost/install/tortoisebot_bringup/share/tortoisebot_bringup/maps/room2.pgm
[0.471s] -- Up-to-date symlink: /home/olympusforge/ros2_frost/install/tortoisebot_bringup/share/tortoisebot_bringup/maps/room2.yaml
[0.472s] -- Up-to-date symlink: /home/olympusforge/ros2_frost/install/tortoisebot_bringup/share/ament_index/resource_index/package_run_dependencies/tortoisebot_bringup
[0.472s] -- Up-to-date symlink: /home/olympusforge/ros2_frost/install/tortoisebot_bringup/share/ament_index/resource_index/parent_prefix_path/tortoisebot_bringup
[0.472s] -- Up-to-date symlink: /home/olympusforge/ros2_frost/install/tortoisebot_bringup/share/tortoisebot_bringup/environment/ament_prefix_path.sh
[0.472s] -- Up-to-date symlink: /home/olympusforge/ros2_frost/install/tortoisebot_bringup/share/tortoisebot_bringup/environment/ament_prefix_path.dsv
[0.472s] -- Up-to-date symlink: /home/olympusforge/ros2_frost/install/tortoisebot_bringup/share/tortoisebot_bringup/environment/path.sh
[0.477s] -- Up-to-date symlink: /home/olympusforge/ros2_frost/install/tortoisebot_bringup/share/tortoisebot_bringup/environment/path.dsv
[0.481s] -- Up-to-date symlink: /home/olympusforge/ros2_frost/install/tortoisebot_bringup/share/tortoisebot_bringup/local_setup.bash
[0.481s] -- Up-to-date symlink: /home/olympusforge/ros2_frost/install/tortoisebot_bringup/share/tortoisebot_bringup/local_setup.sh
[0.481s] -- Up-to-date symlink: /home/olympusforge/ros2_frost/install/tortoisebot_bringup/share/tortoisebot_bringup/local_setup.zsh
[0.482s] -- Up-to-date symlink: /home/olympusforge/ros2_frost/install/tortoisebot_bringup/share/tortoisebot_bringup/local_setup.dsv
[0.482s] -- Symlinking: /home/olympusforge/ros2_frost/install/tortoisebot_bringup/share/tortoisebot_bringup/package.dsv
[0.543s] -- Up-to-date symlink: /home/olympusforge/ros2_frost/install/tortoisebot_bringup/share/ament_index/resource_index/packages/tortoisebot_bringup
[0.548s] -- Up-to-date symlink: /home/olympusforge/ros2_frost/install/tortoisebot_bringup/share/tortoisebot_bringup/cmake/tortoisebot_bringupConfig.cmake
[0.549s] -- Up-to-date symlink: /home/olympusforge/ros2_frost/install/tortoisebot_bringup/share/tortoisebot_bringup/cmake/tortoisebot_bringupConfig-version.cmake
[0.551s] -- Up-to-date symlink: /home/olympusforge/ros2_frost/install/tortoisebot_bringup/share/tortoisebot_bringup/package.xml
[0.631s] Invoked command in '/home/olympusforge/ros2_frost/build/tortoisebot_bringup' returned '0': CMAKE_PREFIX_PATH=${CMAKE_PREFIX_PATH}:/home/olympusforge/ros2_frost/install/tortoisebot_control:/opt/ros/humble /usr/bin/cmake --install /home/olympusforge/ros2_frost/build/tortoisebot_bringup
