[0.617s] Invoking command in '/home/olympusforge/ros2_frost/build/tortoisebot_control': PYTHONPATH=/home/olympusforge/ros2_frost/build/tortoisebot_control/prefix_override:/usr/lib/python3/dist-packages/colcon_core/task/python/colcon_distutils_commands:/home/olympusforge/ros2_frost/install/tortoisebot_control/lib/python3.10/site-packages:${PYTHONPATH} /usr/bin/python3 -W ignore:setup.py install is deprecated -W ignore:easy_install command is deprecated setup.py develop --editable --build-directory /home/olympusforge/ros2_frost/build/tortoisebot_control/build --no-deps symlink_data
[1.096s] running develop
[1.096s] running egg_info
[1.096s] creating tortoisebot_control.egg-info
[1.101s] writing tortoisebot_control.egg-info/PKG-INFO
[1.101s] writing dependency_links to tortoisebot_control.egg-info/dependency_links.txt
[1.101s] writing entry points to tortoisebot_control.egg-info/entry_points.txt
[1.101s] writing requirements to tortoisebot_control.egg-info/requires.txt
[1.101s] writing top-level names to tortoisebot_control.egg-info/top_level.txt
[1.101s] writing manifest file 'tortoisebot_control.egg-info/SOURCES.txt'
[1.101s] reading manifest file 'tortoisebot_control.egg-info/SOURCES.txt'
[1.101s] writing manifest file 'tortoisebot_control.egg-info/SOURCES.txt'
[1.101s] running build_ext
[1.101s] Creating /home/olympusforge/ros2_frost/install/tortoisebot_control/lib/python3.10/site-packages/tortoisebot-control.egg-link (link to .)
[1.101s] Installing teleop_twist_keyboard script to /home/olympusforge/ros2_frost/install/tortoisebot_control/lib/tortoisebot_control
[1.101s] 
[1.101s] Installed /home/olympusforge/ros2_frost/build/tortoisebot_control
[1.101s] running symlink_data
[1.101s] creating /home/olympusforge/ros2_frost/install/tortoisebot_control/share/ament_index
[1.101s] creating /home/olympusforge/ros2_frost/install/tortoisebot_control/share/ament_index/resource_index
[1.101s] creating /home/olympusforge/ros2_frost/install/tortoisebot_control/share/ament_index/resource_index/packages
[1.101s] symbolically linking /home/olympusforge/ros2_frost/build/tortoisebot_control/resource/tortoisebot_control -> /home/olympusforge/ros2_frost/install/tortoisebot_control/share/ament_index/resource_index/packages
[1.101s] symbolically linking /home/olympusforge/ros2_frost/build/tortoisebot_control/package.xml -> /home/olympusforge/ros2_frost/install/tortoisebot_control/share/tortoisebot_control
[1.128s] Invoked command in '/home/olympusforge/ros2_frost/build/tortoisebot_control' returned '0': PYTHONPATH=/home/olympusforge/ros2_frost/build/tortoisebot_control/prefix_override:/usr/lib/python3/dist-packages/colcon_core/task/python/colcon_distutils_commands:/home/olympusforge/ros2_frost/install/tortoisebot_control/lib/python3.10/site-packages:${PYTHONPATH} /usr/bin/python3 -W ignore:setup.py install is deprecated -W ignore:easy_install command is deprecated setup.py develop --editable --build-directory /home/olympusforge/ros2_frost/build/tortoisebot_control/build --no-deps symlink_data
