[0.419s] Invoking command in '/home/olympusforge/ros2_frost/build/tortoisebot_navigation': CMAKE_PREFIX_PATH=${CMAKE_PREFIX_PATH}:/home/olympusforge/ros2_frost/install/tortoisebot_control:/opt/ros/humble /usr/bin/cmake /home/olympusforge/ros2_frost/src/tortoisebot/tortoisebot_navigation -DAMENT_CMAKE_SYMLINK_INSTALL=1 -DCMAKE_INSTALL_PREFIX=/home/olympusforge/ros2_frost/install/tortoisebot_navigation
[0.483s] -- Found ament_cmake: 1.3.11 (/opt/ros/humble/share/ament_cmake/cmake)
[1.039s] -- Override CMake install command with custom implementation using symlinks instead of copying resources
[1.039s] -- Found ament_lint_auto: 0.12.11 (/opt/ros/humble/share/ament_lint_auto/cmake)
[1.371s] -- Added test 'copyright' to check source files copyright and LICENSE
[1.435s] -- Added test 'flake8' to check Python code syntax and style conventions
[1.435s] -- Added test 'lint_cmake' to check CMake code style
[1.455s] -- Added test 'pep257' to check Python code against some of the docstring style conventions in PEP 257
[1.455s] -- Added test 'xmllint' to check XML markup files
[1.508s] -- Configuring done
[1.722s] -- Generating done
[1.858s] -- Build files have been written to: /home/olympusforge/ros2_frost/build/tortoisebot_navigation
[1.882s] Invoked command in '/home/olympusforge/ros2_frost/build/tortoisebot_navigation' returned '0': CMAKE_PREFIX_PATH=${CMAKE_PREFIX_PATH}:/home/olympusforge/ros2_frost/install/tortoisebot_control:/opt/ros/humble /usr/bin/cmake /home/olympusforge/ros2_frost/src/tortoisebot/tortoisebot_navigation -DAMENT_CMAKE_SYMLINK_INSTALL=1 -DCMAKE_INSTALL_PREFIX=/home/olympusforge/ros2_frost/install/tortoisebot_navigation
[1.884s] Invoking command in '/home/olympusforge/ros2_frost/build/tortoisebot_navigation': CMAKE_PREFIX_PATH=${CMAKE_PREFIX_PATH}:/home/olympusforge/ros2_frost/install/tortoisebot_control:/opt/ros/humble /usr/bin/cmake --build /home/olympusforge/ros2_frost/build/tortoisebot_navigation -- -j8 -l8
[2.245s] Invoked command in '/home/olympusforge/ros2_frost/build/tortoisebot_navigation' returned '0': CMAKE_PREFIX_PATH=${CMAKE_PREFIX_PATH}:/home/olympusforge/ros2_frost/install/tortoisebot_control:/opt/ros/humble /usr/bin/cmake --build /home/olympusforge/ros2_frost/build/tortoisebot_navigation -- -j8 -l8
[2.265s] Invoking command in '/home/olympusforge/ros2_frost/build/tortoisebot_navigation': CMAKE_PREFIX_PATH=${CMAKE_PREFIX_PATH}:/home/olympusforge/ros2_frost/install/tortoisebot_control:/opt/ros/humble /usr/bin/cmake --install /home/olympusforge/ros2_frost/build/tortoisebot_navigation
[2.288s] -- Install configuration: ""
[2.291s] -- Execute custom install script
[2.291s] -- Up-to-date symlink: /home/olympusforge/ros2_frost/install/tortoisebot_navigation/share/tortoisebot_navigation/launch/navigation.launch.py
[2.294s] -- Up-to-date symlink: /home/olympusforge/ros2_frost/install/tortoisebot_navigation/share/tortoisebot_navigation/config/nav2_params_robot.yaml
[2.300s] -- Up-to-date symlink: /home/olympusforge/ros2_frost/install/tortoisebot_navigation/share/tortoisebot_navigation/config/nav2_params_simulation.yaml
[2.300s] -- Up-to-date symlink: /home/olympusforge/ros2_frost/install/tortoisebot_navigation/share/ament_index/resource_index/package_run_dependencies/tortoisebot_navigation
[2.319s] -- Up-to-date symlink: /home/olympusforge/ros2_frost/install/tortoisebot_navigation/share/ament_index/resource_index/parent_prefix_path/tortoisebot_navigation
[2.321s] -- Up-to-date symlink: /home/olympusforge/ros2_frost/install/tortoisebot_navigation/share/tortoisebot_navigation/environment/ament_prefix_path.sh
[2.321s] -- Up-to-date symlink: /home/olympusforge/ros2_frost/install/tortoisebot_navigation/share/tortoisebot_navigation/environment/ament_prefix_path.dsv
[2.331s] -- Up-to-date symlink: /home/olympusforge/ros2_frost/install/tortoisebot_navigation/share/tortoisebot_navigation/environment/path.sh
[2.332s] -- Up-to-date symlink: /home/olympusforge/ros2_frost/install/tortoisebot_navigation/share/tortoisebot_navigation/environment/path.dsv
[2.332s] -- Up-to-date symlink: /home/olympusforge/ros2_frost/install/tortoisebot_navigation/share/tortoisebot_navigation/local_setup.bash
[2.332s] -- Up-to-date symlink: /home/olympusforge/ros2_frost/install/tortoisebot_navigation/share/tortoisebot_navigation/local_setup.sh
[2.332s] -- Up-to-date symlink: /home/olympusforge/ros2_frost/install/tortoisebot_navigation/share/tortoisebot_navigation/local_setup.zsh
[2.333s] -- Up-to-date symlink: /home/olympusforge/ros2_frost/install/tortoisebot_navigation/share/tortoisebot_navigation/local_setup.dsv
[2.333s] -- Symlinking: /home/olympusforge/ros2_frost/install/tortoisebot_navigation/share/tortoisebot_navigation/package.dsv
[2.383s] -- Up-to-date symlink: /home/olympusforge/ros2_frost/install/tortoisebot_navigation/share/ament_index/resource_index/packages/tortoisebot_navigation
[2.446s] -- Up-to-date symlink: /home/olympusforge/ros2_frost/install/tortoisebot_navigation/share/tortoisebot_navigation/cmake/tortoisebot_navigationConfig.cmake
[2.446s] -- Up-to-date symlink: /home/olympusforge/ros2_frost/install/tortoisebot_navigation/share/tortoisebot_navigation/cmake/tortoisebot_navigationConfig-version.cmake
[2.446s] -- Up-to-date symlink: /home/olympusforge/ros2_frost/install/tortoisebot_navigation/share/tortoisebot_navigation/package.xml
[2.753s] Invoked command in '/home/olympusforge/ros2_frost/build/tortoisebot_navigation' returned '0': CMAKE_PREFIX_PATH=${CMAKE_PREFIX_PATH}:/home/olympusforge/ros2_frost/install/tortoisebot_control:/opt/ros/humble /usr/bin/cmake --install /home/olympusforge/ros2_frost/build/tortoisebot_navigation
