[0.212s] Invoking command in '/home/olympusforge/ros2_frost/build/tortoisebot_slam': CMAKE_PREFIX_PATH=${CMAKE_PREFIX_PATH}:/home/olympusforge/ros2_frost/install/tortoisebot_control:/opt/ros/humble /usr/bin/cmake --build /home/olympusforge/ros2_frost/build/tortoisebot_slam -- -j8 -l8
[0.274s] Invoked command in '/home/olympusforge/ros2_frost/build/tortoisebot_slam' returned '0': CMAKE_PREFIX_PATH=${CMAKE_PREFIX_PATH}:/home/olympusforge/ros2_frost/install/tortoisebot_control:/opt/ros/humble /usr/bin/cmake --build /home/olympusforge/ros2_frost/build/tortoisebot_slam -- -j8 -l8
[0.276s] Invoking command in '/home/olympusforge/ros2_frost/build/tortoisebot_slam': CMAKE_PREFIX_PATH=${CMAKE_PREFIX_PATH}:/home/olympusforge/ros2_frost/install/tortoisebot_control:/opt/ros/humble /usr/bin/cmake --install /home/olympusforge/ros2_frost/build/tortoisebot_slam
[0.283s] -- Install configuration: ""
[0.283s] -- Execute custom install script
[0.283s] -- Up-to-date symlink: /home/olympusforge/ros2_frost/install/tortoisebot_slam/share/tortoisebot_slam/launch/cartographer.launch.py
[0.285s] -- Up-to-date symlink: /home/olympusforge/ros2_frost/install/tortoisebot_slam/share/tortoisebot_slam/config/ekf.yaml
[0.286s] -- Up-to-date symlink: /home/olympusforge/ros2_frost/install/tortoisebot_slam/share/tortoisebot_slam/config/slam.lua
[0.286s] -- Up-to-date symlink: /home/olympusforge/ros2_frost/install/tortoisebot_slam/share/ament_index/resource_index/package_run_dependencies/tortoisebot_slam
[0.286s] -- Up-to-date symlink: /home/olympusforge/ros2_frost/install/tortoisebot_slam/share/ament_index/resource_index/parent_prefix_path/tortoisebot_slam
[0.286s] -- Up-to-date symlink: /home/olympusforge/ros2_frost/install/tortoisebot_slam/share/tortoisebot_slam/environment/ament_prefix_path.sh
[0.286s] -- Up-to-date symlink: /home/olympusforge/ros2_frost/install/tortoisebot_slam/share/tortoisebot_slam/environment/ament_prefix_path.dsv
[0.286s] -- Up-to-date symlink: /home/olympusforge/ros2_frost/install/tortoisebot_slam/share/tortoisebot_slam/environment/path.sh
[0.286s] -- Up-to-date symlink: /home/olympusforge/ros2_frost/install/tortoisebot_slam/share/tortoisebot_slam/environment/path.dsv
[0.286s] -- Up-to-date symlink: /home/olympusforge/ros2_frost/install/tortoisebot_slam/share/tortoisebot_slam/local_setup.bash
[0.286s] -- Up-to-date symlink: /home/olympusforge/ros2_frost/install/tortoisebot_slam/share/tortoisebot_slam/local_setup.sh
[0.286s] -- Up-to-date symlink: /home/olympusforge/ros2_frost/install/tortoisebot_slam/share/tortoisebot_slam/local_setup.zsh
[0.286s] -- Up-to-date symlink: /home/olympusforge/ros2_frost/install/tortoisebot_slam/share/tortoisebot_slam/local_setup.dsv
[0.286s] -- Symlinking: /home/olympusforge/ros2_frost/install/tortoisebot_slam/share/tortoisebot_slam/package.dsv
[0.287s] -- Up-to-date symlink: /home/olympusforge/ros2_frost/install/tortoisebot_slam/share/ament_index/resource_index/packages/tortoisebot_slam
[0.291s] -- Up-to-date symlink: /home/olympusforge/ros2_frost/install/tortoisebot_slam/share/tortoisebot_slam/cmake/tortoisebot_slamConfig.cmake
[0.291s] -- Up-to-date symlink: /home/olympusforge/ros2_frost/install/tortoisebot_slam/share/tortoisebot_slam/cmake/tortoisebot_slamConfig-version.cmake
[0.291s] -- Up-to-date symlink: /home/olympusforge/ros2_frost/install/tortoisebot_slam/share/tortoisebot_slam/package.xml
[0.363s] Invoked command in '/home/olympusforge/ros2_frost/build/tortoisebot_slam' returned '0': CMAKE_PREFIX_PATH=${CMAKE_PREFIX_PATH}:/home/olympusforge/ros2_frost/install/tortoisebot_control:/opt/ros/humble /usr/bin/cmake --install /home/olympusforge/ros2_frost/build/tortoisebot_slam
