[0.227s] Invoking command in '/home/olympusforge/ros2_frost/build/tortoisebot_navigation': CMAKE_PREFIX_PATH=${CMAKE_PREFIX_PATH}:/home/olympusforge/ros2_frost/install/tortoisebot_control:/opt/ros/humble /usr/bin/cmake /home/olympusforge/ros2_frost/src/tortoisebot/tortoisebot_navigation -DAMENT_CMAKE_SYMLINK_INSTALL=1 -DCMAKE_INSTALL_PREFIX=/home/olympusforge/ros2_frost/install/tortoisebot_navigation
[0.311s] -- The C compiler identification is GNU 11.4.0
[0.372s] -- The CXX compiler identification is GNU 11.4.0
[0.384s] -- Detecting C compiler ABI info
[0.520s] -- Detecting C compiler ABI info - done
[0.533s] -- Check for working C compiler: /usr/bin/cc - skipped
[0.538s] -- Detecting C compile features
[0.538s] -- Detecting C compile features - done
[0.539s] -- Detecting CXX compiler ABI info
[0.714s] -- Detecting CXX compiler ABI info - done
[0.714s] -- Check for working CXX compiler: /usr/bin/c++ - skipped
[0.714s] -- Detecting CXX compile features
[0.715s] -- Detecting CXX compile features - done
[0.717s] -- Found ament_cmake: 1.3.11 (/opt/ros/humble/share/ament_cmake/cmake)
[0.908s] -- Found Python3: /usr/bin/python3 (found version "3.10.12") found components: Interpreter 
[0.971s] -- Override CMake install command with custom implementation using symlinks instead of copying resources
[1.006s] -- Found ament_lint_auto: 0.12.11 (/opt/ros/humble/share/ament_lint_auto/cmake)
[1.075s] -- Added test 'copyright' to check source files copyright and LICENSE
[1.077s] -- Added test 'flake8' to check Python code syntax and style conventions
[1.079s] -- Added test 'lint_cmake' to check CMake code style
[1.080s] -- Added test 'pep257' to check Python code against some of the docstring style conventions in PEP 257
[1.086s] -- Added test 'xmllint' to check XML markup files
[1.086s] -- Configuring done
[1.086s] -- Generating done
[1.086s] -- Build files have been written to: /home/olympusforge/ros2_frost/build/tortoisebot_navigation
[1.137s] Invoked command in '/home/olympusforge/ros2_frost/build/tortoisebot_navigation' returned '0': CMAKE_PREFIX_PATH=${CMAKE_PREFIX_PATH}:/home/olympusforge/ros2_frost/install/tortoisebot_control:/opt/ros/humble /usr/bin/cmake /home/olympusforge/ros2_frost/src/tortoisebot/tortoisebot_navigation -DAMENT_CMAKE_SYMLINK_INSTALL=1 -DCMAKE_INSTALL_PREFIX=/home/olympusforge/ros2_frost/install/tortoisebot_navigation
[1.139s] Invoking command in '/home/olympusforge/ros2_frost/build/tortoisebot_navigation': CMAKE_PREFIX_PATH=${CMAKE_PREFIX_PATH}:/home/olympusforge/ros2_frost/install/tortoisebot_control:/opt/ros/humble /usr/bin/cmake --build /home/olympusforge/ros2_frost/build/tortoisebot_navigation -- -j8 -l8
[1.206s] Invoked command in '/home/olympusforge/ros2_frost/build/tortoisebot_navigation' returned '0': CMAKE_PREFIX_PATH=${CMAKE_PREFIX_PATH}:/home/olympusforge/ros2_frost/install/tortoisebot_control:/opt/ros/humble /usr/bin/cmake --build /home/olympusforge/ros2_frost/build/tortoisebot_navigation -- -j8 -l8
[1.206s] Invoking command in '/home/olympusforge/ros2_frost/build/tortoisebot_navigation': CMAKE_PREFIX_PATH=${CMAKE_PREFIX_PATH}:/home/olympusforge/ros2_frost/install/tortoisebot_control:/opt/ros/humble /usr/bin/cmake --install /home/olympusforge/ros2_frost/build/tortoisebot_navigation
[1.362s] -- Install configuration: ""
[1.362s] -- Execute custom install script
[1.362s] -- Symlinking: /home/olympusforge/ros2_frost/install/tortoisebot_navigation/share/tortoisebot_navigation/launch/navigation.launch.py
[1.363s] -- Symlinking: /home/olympusforge/ros2_frost/install/tortoisebot_navigation/share/tortoisebot_navigation/config/nav2_params_robot.yaml
[1.363s] -- Symlinking: /home/olympusforge/ros2_frost/install/tortoisebot_navigation/share/tortoisebot_navigation/config/nav2_params_simulation.yaml
[1.363s] -- Symlinking: /home/olympusforge/ros2_frost/install/tortoisebot_navigation/share/ament_index/resource_index/package_run_dependencies/tortoisebot_navigation
[1.363s] -- Symlinking: /home/olympusforge/ros2_frost/install/tortoisebot_navigation/share/ament_index/resource_index/parent_prefix_path/tortoisebot_navigation
[1.363s] -- Symlinking: /home/olympusforge/ros2_frost/install/tortoisebot_navigation/share/tortoisebot_navigation/environment/ament_prefix_path.sh
[1.364s] -- Symlinking: /home/olympusforge/ros2_frost/install/tortoisebot_navigation/share/tortoisebot_navigation/environment/ament_prefix_path.dsv
[1.364s] -- Symlinking: /home/olympusforge/ros2_frost/install/tortoisebot_navigation/share/tortoisebot_navigation/environment/path.sh
[1.364s] -- Symlinking: /home/olympusforge/ros2_frost/install/tortoisebot_navigation/share/tortoisebot_navigation/environment/path.dsv
[1.364s] -- Symlinking: /home/olympusforge/ros2_frost/install/tortoisebot_navigation/share/tortoisebot_navigation/local_setup.bash
[1.364s] -- Symlinking: /home/olympusforge/ros2_frost/install/tortoisebot_navigation/share/tortoisebot_navigation/local_setup.sh
[1.365s] -- Symlinking: /home/olympusforge/ros2_frost/install/tortoisebot_navigation/share/tortoisebot_navigation/local_setup.zsh
[1.374s] -- Symlinking: /home/olympusforge/ros2_frost/install/tortoisebot_navigation/share/tortoisebot_navigation/local_setup.dsv
[1.392s] -- Symlinking: /home/olympusforge/ros2_frost/install/tortoisebot_navigation/share/tortoisebot_navigation/package.dsv
[1.410s] -- Symlinking: /home/olympusforge/ros2_frost/install/tortoisebot_navigation/share/ament_index/resource_index/packages/tortoisebot_navigation
[1.465s] -- Symlinking: /home/olympusforge/ros2_frost/install/tortoisebot_navigation/share/tortoisebot_navigation/cmake/tortoisebot_navigationConfig.cmake
[1.498s] -- Symlinking: /home/olympusforge/ros2_frost/install/tortoisebot_navigation/share/tortoisebot_navigation/cmake/tortoisebot_navigationConfig-version.cmake
[1.504s] -- Symlinking: /home/olympusforge/ros2_frost/install/tortoisebot_navigation/share/tortoisebot_navigation/package.xml
[1.541s] Invoked command in '/home/olympusforge/ros2_frost/build/tortoisebot_navigation' returned '0': CMAKE_PREFIX_PATH=${CMAKE_PREFIX_PATH}:/home/olympusforge/ros2_frost/install/tortoisebot_control:/opt/ros/humble /usr/bin/cmake --install /home/olympusforge/ros2_frost/build/tortoisebot_navigation
