[0.057s] Invoking command in '/home/olympusforge/ros2_frost/build/opennav_docking_core': AMENT_PREFIX_PATH=/home/olympusforge/ros2_frost/install/nav2_common:${AMENT_PREFIX_PATH} CMAKE_PREFIX_PATH=/home/olympusforge/ros2_frost/install/nav2_common:/home/olympusforge/ros2_frost/install/ydlidar_sdk:/home/olympusforge/ros2_frost/install/ydlidar_ros2_driver:/home/olympusforge/ros2_frost/install/v4l2_camera:/home/olympusforge/ros2_frost/install/tortoisebot_slam:/home/olympusforge/ros2_frost/install/tortoisebot_navigation:/home/olympusforge/ros2_frost/install/tortoisebot_gazebo:/home/olympusforge/ros2_frost/install/tortoisebot_firmware:/home/olympusforge/ros2_frost/install/tortoisebot_description:/home/olympusforge/ros2_frost/install/tortoisebot_bringup:/home/olympusforge/ros2_frost/install/tortoisebot_control:/opt/ros/humble PYTHONPATH=/home/olympusforge/ros2_frost/install/nav2_common/local/lib/python3.10/dist-packages:${PYTHONPATH} /usr/bin/cmake /home/olympusforge/ros2_frost/src/navigation2/nav2_docking/opennav_docking_core -DCMAKE_INSTALL_PREFIX=/home/olympusforge/ros2_frost/install/opennav_docking_core
[0.261s] -- The C compiler identification is GNU 11.4.0
[0.284s] -- The CXX compiler identification is GNU 11.4.0
[0.301s] -- Detecting C compiler ABI info
[0.591s] -- Detecting C compiler ABI info - done
[0.600s] -- Check for working C compiler: /usr/bin/cc - skipped
[0.602s] -- Detecting C compile features
[0.603s] -- Detecting C compile features - done
[0.623s] -- Detecting CXX compiler ABI info
[0.929s] -- Detecting CXX compiler ABI info - done
[0.945s] -- Check for working CXX compiler: /usr/bin/c++ - skipped
[0.946s] -- Detecting CXX compile features
[0.946s] -- Detecting CXX compile features - done
[0.951s] -- Found ament_cmake: 1.3.11 (/opt/ros/humble/share/ament_cmake/cmake)
[1.320s] -- Found Python3: /usr/bin/python3 (found version "3.10.12") found components: Interpreter 
[1.573s] -- Found geometry_msgs: 4.2.4 (/opt/ros/humble/share/geometry_msgs/cmake)
[1.623s] -- Found rosidl_generator_c: 3.1.6 (/opt/ros/humble/share/rosidl_generator_c/cmake)
[1.638s] -- Found rosidl_adapter: 3.1.6 (/opt/ros/humble/share/rosidl_adapter/cmake)
[1.642s] -- Found rosidl_generator_cpp: 3.1.6 (/opt/ros/humble/share/rosidl_generator_cpp/cmake)
[1.655s] -- Using all available rosidl_typesupport_c: rosidl_typesupport_fastrtps_c;rosidl_typesupport_introspection_c
[1.677s] -- Using all available rosidl_typesupport_cpp: rosidl_typesupport_fastrtps_cpp;rosidl_typesupport_introspection_cpp
[1.715s] -- Found nav2_common: 1.3.1 (/home/olympusforge/ros2_frost/install/nav2_common/share/nav2_common/cmake)
[1.716s] -- Found rclcpp_lifecycle: 16.0.11 (/opt/ros/humble/share/rclcpp_lifecycle/cmake)
[1.754s] -- Found rmw_implementation_cmake: 6.1.2 (/opt/ros/humble/share/rmw_implementation_cmake/cmake)
[1.763s] -- Found rmw_fastrtps_cpp: 6.2.7 (/opt/ros/humble/share/rmw_fastrtps_cpp/cmake)
[2.088s] -- Found OpenSSL: /usr/lib/x86_64-linux-gnu/libcrypto.so (found version "3.0.2")  
[2.136s] -- Found FastRTPS: /opt/ros/humble/include  
[2.180s] -- Using RMW implementation 'rmw_fastrtps_cpp' as default
[2.193s] -- Looking for pthread.h
[2.446s] -- Looking for pthread.h - found
[2.451s] -- Performing Test CMAKE_HAVE_LIBC_PTHREAD
[2.853s] -- Performing Test CMAKE_HAVE_LIBC_PTHREAD - Success
[2.853s] -- Found Threads: TRUE  
[3.102s] -- Found tf2_ros: 0.25.12 (/opt/ros/humble/share/tf2_ros/cmake)
[3.399s] -- Setting build type to Release as none was specified.
[3.432s] -- Found ament_lint_auto: 0.12.11 (/opt/ros/humble/share/ament_lint_auto/cmake)
[3.830s] -- Added test 'cppcheck' to perform static code analysis on C / C++ code
[3.830s] -- Configured cppcheck include dirs: $<BUILD_INTERFACE:/home/olympusforge/ros2_frost/src/navigation2/nav2_docking/opennav_docking_core/include>
[3.830s] -- Configured cppcheck exclude dirs and/or files: 
[3.830s] -- Added test 'cpplint' to check C / C++ code against the Google style
[3.831s] -- Configured cpplint exclude dirs and/or files: 
[3.850s] -- Added test 'lint_cmake' to check CMake code style
[3.850s] -- Added test 'uncrustify' to check C / C++ code style
[3.850s] -- Configured uncrustify additional arguments: 
[3.850s] -- Added test 'xmllint' to check XML markup files
[3.851s] -- Configuring done
[3.855s] -- Generating done
[3.863s] -- Build files have been written to: /home/olympusforge/ros2_frost/build/opennav_docking_core
[3.905s] Invoked command in '/home/olympusforge/ros2_frost/build/opennav_docking_core' returned '0': AMENT_PREFIX_PATH=/home/olympusforge/ros2_frost/install/nav2_common:${AMENT_PREFIX_PATH} CMAKE_PREFIX_PATH=/home/olympusforge/ros2_frost/install/nav2_common:/home/olympusforge/ros2_frost/install/ydlidar_sdk:/home/olympusforge/ros2_frost/install/ydlidar_ros2_driver:/home/olympusforge/ros2_frost/install/v4l2_camera:/home/olympusforge/ros2_frost/install/tortoisebot_slam:/home/olympusforge/ros2_frost/install/tortoisebot_navigation:/home/olympusforge/ros2_frost/install/tortoisebot_gazebo:/home/olympusforge/ros2_frost/install/tortoisebot_firmware:/home/olympusforge/ros2_frost/install/tortoisebot_description:/home/olympusforge/ros2_frost/install/tortoisebot_bringup:/home/olympusforge/ros2_frost/install/tortoisebot_control:/opt/ros/humble PYTHONPATH=/home/olympusforge/ros2_frost/install/nav2_common/local/lib/python3.10/dist-packages:${PYTHONPATH} /usr/bin/cmake /home/olympusforge/ros2_frost/src/navigation2/nav2_docking/opennav_docking_core -DCMAKE_INSTALL_PREFIX=/home/olympusforge/ros2_frost/install/opennav_docking_core
[3.942s] Invoking command in '/home/olympusforge/ros2_frost/build/opennav_docking_core': AMENT_PREFIX_PATH=/home/olympusforge/ros2_frost/install/nav2_common:${AMENT_PREFIX_PATH} CMAKE_PREFIX_PATH=/home/olympusforge/ros2_frost/install/nav2_common:/home/olympusforge/ros2_frost/install/ydlidar_sdk:/home/olympusforge/ros2_frost/install/ydlidar_ros2_driver:/home/olympusforge/ros2_frost/install/v4l2_camera:/home/olympusforge/ros2_frost/install/tortoisebot_slam:/home/olympusforge/ros2_frost/install/tortoisebot_navigation:/home/olympusforge/ros2_frost/install/tortoisebot_gazebo:/home/olympusforge/ros2_frost/install/tortoisebot_firmware:/home/olympusforge/ros2_frost/install/tortoisebot_description:/home/olympusforge/ros2_frost/install/tortoisebot_bringup:/home/olympusforge/ros2_frost/install/tortoisebot_control:/opt/ros/humble PYTHONPATH=/home/olympusforge/ros2_frost/install/nav2_common/local/lib/python3.10/dist-packages:${PYTHONPATH} /usr/bin/cmake --build /home/olympusforge/ros2_frost/build/opennav_docking_core -- -j8 -l8
[4.185s] Invoked command in '/home/olympusforge/ros2_frost/build/opennav_docking_core' returned '0': AMENT_PREFIX_PATH=/home/olympusforge/ros2_frost/install/nav2_common:${AMENT_PREFIX_PATH} CMAKE_PREFIX_PATH=/home/olympusforge/ros2_frost/install/nav2_common:/home/olympusforge/ros2_frost/install/ydlidar_sdk:/home/olympusforge/ros2_frost/install/ydlidar_ros2_driver:/home/olympusforge/ros2_frost/install/v4l2_camera:/home/olympusforge/ros2_frost/install/tortoisebot_slam:/home/olympusforge/ros2_frost/install/tortoisebot_navigation:/home/olympusforge/ros2_frost/install/tortoisebot_gazebo:/home/olympusforge/ros2_frost/install/tortoisebot_firmware:/home/olympusforge/ros2_frost/install/tortoisebot_description:/home/olympusforge/ros2_frost/install/tortoisebot_bringup:/home/olympusforge/ros2_frost/install/tortoisebot_control:/opt/ros/humble PYTHONPATH=/home/olympusforge/ros2_frost/install/nav2_common/local/lib/python3.10/dist-packages:${PYTHONPATH} /usr/bin/cmake --build /home/olympusforge/ros2_frost/build/opennav_docking_core -- -j8 -l8
[4.186s] Invoking command in '/home/olympusforge/ros2_frost/build/opennav_docking_core': AMENT_PREFIX_PATH=/home/olympusforge/ros2_frost/install/nav2_common:${AMENT_PREFIX_PATH} CMAKE_PREFIX_PATH=/home/olympusforge/ros2_frost/install/nav2_common:/home/olympusforge/ros2_frost/install/ydlidar_sdk:/home/olympusforge/ros2_frost/install/ydlidar_ros2_driver:/home/olympusforge/ros2_frost/install/v4l2_camera:/home/olympusforge/ros2_frost/install/tortoisebot_slam:/home/olympusforge/ros2_frost/install/tortoisebot_navigation:/home/olympusforge/ros2_frost/install/tortoisebot_gazebo:/home/olympusforge/ros2_frost/install/tortoisebot_firmware:/home/olympusforge/ros2_frost/install/tortoisebot_description:/home/olympusforge/ros2_frost/install/tortoisebot_bringup:/home/olympusforge/ros2_frost/install/tortoisebot_control:/opt/ros/humble PYTHONPATH=/home/olympusforge/ros2_frost/install/nav2_common/local/lib/python3.10/dist-packages:${PYTHONPATH} /usr/bin/cmake --install /home/olympusforge/ros2_frost/build/opennav_docking_core
[4.187s] -- Install configuration: "Release"
[4.187s] -- Installing: /home/olympusforge/ros2_frost/install/opennav_docking_core/include/opennav_docking_core
[4.187s] -- Installing: /home/olympusforge/ros2_frost/install/opennav_docking_core/include/opennav_docking_core/opennav_docking_core
[4.187s] -- Installing: /home/olympusforge/ros2_frost/install/opennav_docking_core/include/opennav_docking_core/opennav_docking_core/charging_dock.hpp
[4.187s] -- Installing: /home/olympusforge/ros2_frost/install/opennav_docking_core/include/opennav_docking_core/opennav_docking_core/docking_exceptions.hpp
[4.187s] -- Installing: /home/olympusforge/ros2_frost/install/opennav_docking_core/include/opennav_docking_core/opennav_docking_core/non_charging_dock.hpp
[4.188s] -- Installing: /home/olympusforge/ros2_frost/install/opennav_docking_core/share/ament_index/resource_index/package_run_dependencies/opennav_docking_core
[4.188s] -- Installing: /home/olympusforge/ros2_frost/install/opennav_docking_core/share/ament_index/resource_index/parent_prefix_path/opennav_docking_core
[4.188s] -- Installing: /home/olympusforge/ros2_frost/install/opennav_docking_core/share/opennav_docking_core/environment/ament_prefix_path.sh
[4.188s] -- Installing: /home/olympusforge/ros2_frost/install/opennav_docking_core/share/opennav_docking_core/environment/ament_prefix_path.dsv
[4.188s] -- Installing: /home/olympusforge/ros2_frost/install/opennav_docking_core/share/opennav_docking_core/environment/path.sh
[4.189s] -- Installing: /home/olympusforge/ros2_frost/install/opennav_docking_core/share/opennav_docking_core/environment/path.dsv
[4.189s] -- Installing: /home/olympusforge/ros2_frost/install/opennav_docking_core/share/opennav_docking_core/local_setup.bash
[4.214s] -- Installing: /home/olympusforge/ros2_frost/install/opennav_docking_core/share/opennav_docking_core/local_setup.sh
[4.250s] -- Installing: /home/olympusforge/ros2_frost/install/opennav_docking_core/share/opennav_docking_core/local_setup.zsh
[4.250s] -- Installing: /home/olympusforge/ros2_frost/install/opennav_docking_core/share/opennav_docking_core/local_setup.dsv
[4.250s] -- Installing: /home/olympusforge/ros2_frost/install/opennav_docking_core/share/opennav_docking_core/package.dsv
[4.250s] -- Installing: /home/olympusforge/ros2_frost/install/opennav_docking_core/share/ament_index/resource_index/packages/opennav_docking_core
[4.250s] -- Installing: /home/olympusforge/ros2_frost/install/opennav_docking_core/share/opennav_docking_core/cmake/opennav_docking_coreExport.cmake
[4.250s] -- Installing: /home/olympusforge/ros2_frost/install/opennav_docking_core/share/opennav_docking_core/cmake/ament_cmake_export_include_directories-extras.cmake
[4.250s] -- Installing: /home/olympusforge/ros2_frost/install/opennav_docking_core/share/opennav_docking_core/cmake/ament_cmake_export_dependencies-extras.cmake
[4.250s] -- Installing: /home/olympusforge/ros2_frost/install/opennav_docking_core/share/opennav_docking_core/cmake/ament_cmake_export_targets-extras.cmake
[4.250s] -- Installing: /home/olympusforge/ros2_frost/install/opennav_docking_core/share/opennav_docking_core/cmake/opennav_docking_coreConfig.cmake
[4.250s] -- Installing: /home/olympusforge/ros2_frost/install/opennav_docking_core/share/opennav_docking_core/cmake/opennav_docking_coreConfig-version.cmake
[4.250s] -- Installing: /home/olympusforge/ros2_frost/install/opennav_docking_core/share/opennav_docking_core/package.xml
[4.250s] Invoked command in '/home/olympusforge/ros2_frost/build/opennav_docking_core' returned '0': AMENT_PREFIX_PATH=/home/olympusforge/ros2_frost/install/nav2_common:${AMENT_PREFIX_PATH} CMAKE_PREFIX_PATH=/home/olympusforge/ros2_frost/install/nav2_common:/home/olympusforge/ros2_frost/install/ydlidar_sdk:/home/olympusforge/ros2_frost/install/ydlidar_ros2_driver:/home/olympusforge/ros2_frost/install/v4l2_camera:/home/olympusforge/ros2_frost/install/tortoisebot_slam:/home/olympusforge/ros2_frost/install/tortoisebot_navigation:/home/olympusforge/ros2_frost/install/tortoisebot_gazebo:/home/olympusforge/ros2_frost/install/tortoisebot_firmware:/home/olympusforge/ros2_frost/install/tortoisebot_description:/home/olympusforge/ros2_frost/install/tortoisebot_bringup:/home/olympusforge/ros2_frost/install/tortoisebot_control:/opt/ros/humble PYTHONPATH=/home/olympusforge/ros2_frost/install/nav2_common/local/lib/python3.10/dist-packages:${PYTHONPATH} /usr/bin/cmake --install /home/olympusforge/ros2_frost/build/opennav_docking_core
