[0.509s] Invoking command in '/home/olympusforge/ros2_frost/build/v4l2_camera': CMAKE_PREFIX_PATH=${CMAKE_PREFIX_PATH}:/home/olympusforge/ros2_frost/install/tortoisebot_control:/opt/ros/humble /usr/bin/cmake /home/olympusforge/ros2_frost/src/tortoisebot/v4l2_camera -DAMENT_CMAKE_SYMLINK_INSTALL=1 -DCMAKE_INSTALL_PREFIX=/home/olympusforge/ros2_frost/install/v4l2_camera
[1.538s] -- Found ament_cmake: 1.3.11 (/opt/ros/humble/share/ament_cmake/cmake)
[1.539s] -- Override CMake install command with custom implementation using symlinks instead of copying resources
[1.539s] -- Found ament_cmake_ros: 0.10.0 (/opt/ros/humble/share/ament_cmake_ros/cmake)
[1.545s] -- Found rclcpp: 16.0.11 (/opt/ros/humble/share/rclcpp/cmake)
[1.920s] -- Found rosidl_generator_c: 3.1.6 (/opt/ros/humble/share/rosidl_generator_c/cmake)
[1.921s] -- Found rosidl_adapter: 3.1.6 (/opt/ros/humble/share/rosidl_adapter/cmake)
[1.992s] -- Found rosidl_generator_cpp: 3.1.6 (/opt/ros/humble/share/rosidl_generator_cpp/cmake)
[2.074s] -- Using all available rosidl_typesupport_c: rosidl_typesupport_fastrtps_c;rosidl_typesupport_introspection_c
[2.156s] -- Using all available rosidl_typesupport_cpp: rosidl_typesupport_fastrtps_cpp;rosidl_typesupport_introspection_cpp
[2.314s] -- Found rmw_implementation_cmake: 6.1.2 (/opt/ros/humble/share/rmw_implementation_cmake/cmake)
[2.326s] -- Found rmw_fastrtps_cpp: 6.2.7 (/opt/ros/humble/share/rmw_fastrtps_cpp/cmake)
[2.857s] -- Using RMW implementation 'rmw_fastrtps_cpp' as default
[3.199s] -- Found rclcpp_components: 16.0.11 (/opt/ros/humble/share/rclcpp_components/cmake)
[3.478s] -- Found camera_info_manager: 3.1.10 (/opt/ros/humble/share/camera_info_manager/cmake)
[3.950s] -- Found cv_bridge: 3.2.1 (/opt/ros/humble/share/cv_bridge/cmake)
[3.995s] -- Found image_transport: 3.1.10 (/opt/ros/humble/share/image_transport/cmake)
[4.200s] -- Found ament_lint_auto: 0.12.11 (/opt/ros/humble/share/ament_lint_auto/cmake)
[4.546s] -- Added test 'cppcheck' to perform static code analysis on C / C++ code
[4.546s] -- Configured cppcheck include dirs: $<BUILD_INTERFACE:/home/olympusforge/ros2_frost/src/tortoisebot/v4l2_camera/include>
[4.546s] -- Configured cppcheck exclude dirs and/or files: 
[4.546s] -- Added test 'cpplint' to check C / C++ code against the Google style
[4.546s] -- Configured cpplint exclude dirs and/or files: 
[4.549s] -- Added test 'lint_cmake' to check CMake code style
[4.549s] -- Added test 'uncrustify' to check C / C++ code style
[4.549s] -- Configured uncrustify additional arguments: 
[4.549s] -- Added test 'xmllint' to check XML markup files
[4.596s] -- Configuring done
[4.710s] -- Generating done
[4.720s] -- Build files have been written to: /home/olympusforge/ros2_frost/build/v4l2_camera
[4.736s] Invoked command in '/home/olympusforge/ros2_frost/build/v4l2_camera' returned '0': CMAKE_PREFIX_PATH=${CMAKE_PREFIX_PATH}:/home/olympusforge/ros2_frost/install/tortoisebot_control:/opt/ros/humble /usr/bin/cmake /home/olympusforge/ros2_frost/src/tortoisebot/v4l2_camera -DAMENT_CMAKE_SYMLINK_INSTALL=1 -DCMAKE_INSTALL_PREFIX=/home/olympusforge/ros2_frost/install/v4l2_camera
[4.737s] Invoking command in '/home/olympusforge/ros2_frost/build/v4l2_camera': CMAKE_PREFIX_PATH=${CMAKE_PREFIX_PATH}:/home/olympusforge/ros2_frost/install/tortoisebot_control:/opt/ros/humble /usr/bin/cmake --build /home/olympusforge/ros2_frost/build/v4l2_camera -- -j8 -l8
[4.811s] [35m[1mConsolidate compiler generated dependencies of target v4l2_camera[0m
[4.838s] [ 50%] Built target v4l2_camera
[4.854s] [35m[1mConsolidate compiler generated dependencies of target v4l2_camera_node[0m
[4.854s] [35m[1mConsolidate compiler generated dependencies of target v4l2_camera_compose_test[0m
[4.873s] [ 75%] Built target v4l2_camera_compose_test
[4.873s] [100%] Built target v4l2_camera_node
[4.897s] Invoked command in '/home/olympusforge/ros2_frost/build/v4l2_camera' returned '0': CMAKE_PREFIX_PATH=${CMAKE_PREFIX_PATH}:/home/olympusforge/ros2_frost/install/tortoisebot_control:/opt/ros/humble /usr/bin/cmake --build /home/olympusforge/ros2_frost/build/v4l2_camera -- -j8 -l8
[4.901s] Invoking command in '/home/olympusforge/ros2_frost/build/v4l2_camera': CMAKE_PREFIX_PATH=${CMAKE_PREFIX_PATH}:/home/olympusforge/ros2_frost/install/tortoisebot_control:/opt/ros/humble /usr/bin/cmake --install /home/olympusforge/ros2_frost/build/v4l2_camera
[4.912s] -- Install configuration: ""
[4.913s] -- Execute custom install script
[4.915s] -- Up-to-date symlink: /home/olympusforge/ros2_frost/install/v4l2_camera/include/v4l2_camera/control.hpp
[4.916s] -- Up-to-date symlink: /home/olympusforge/ros2_frost/install/v4l2_camera/include/v4l2_camera/fourcc.hpp
[4.918s] -- Up-to-date symlink: /home/olympusforge/ros2_frost/install/v4l2_camera/include/v4l2_camera/image_format.hpp
[4.918s] -- Up-to-date symlink: /home/olympusforge/ros2_frost/install/v4l2_camera/include/v4l2_camera/parameters.hpp
[4.918s] -- Up-to-date symlink: /home/olympusforge/ros2_frost/install/v4l2_camera/include/v4l2_camera/pixel_format.hpp
[4.918s] -- Up-to-date symlink: /home/olympusforge/ros2_frost/install/v4l2_camera/include/v4l2_camera/v4l2_camera.hpp
[4.919s] -- Up-to-date symlink: /home/olympusforge/ros2_frost/install/v4l2_camera/include/v4l2_camera/v4l2_camera_device.hpp
[4.921s] -- Up-to-date symlink: /home/olympusforge/ros2_frost/install/v4l2_camera/include/v4l2_camera/visibility_control.h
[4.921s] -- Up-to-date symlink: /home/olympusforge/ros2_frost/install/v4l2_camera/share/v4l2_camera/environment/library_path.sh
[4.922s] -- Up-to-date symlink: /home/olympusforge/ros2_frost/install/v4l2_camera/share/v4l2_camera/environment/library_path.dsv
[4.922s] -- Up-to-date symlink: /home/olympusforge/ros2_frost/install/v4l2_camera/share/ament_index/resource_index/package_run_dependencies/v4l2_camera
[4.923s] -- Up-to-date symlink: /home/olympusforge/ros2_frost/install/v4l2_camera/share/ament_index/resource_index/parent_prefix_path/v4l2_camera
[4.923s] -- Up-to-date symlink: /home/olympusforge/ros2_frost/install/v4l2_camera/share/v4l2_camera/environment/ament_prefix_path.sh
[4.924s] -- Up-to-date symlink: /home/olympusforge/ros2_frost/install/v4l2_camera/share/v4l2_camera/environment/ament_prefix_path.dsv
[4.924s] -- Up-to-date symlink: /home/olympusforge/ros2_frost/install/v4l2_camera/share/v4l2_camera/environment/path.sh
[4.924s] -- Up-to-date symlink: /home/olympusforge/ros2_frost/install/v4l2_camera/share/v4l2_camera/environment/path.dsv
[4.925s] -- Up-to-date symlink: /home/olympusforge/ros2_frost/install/v4l2_camera/share/v4l2_camera/local_setup.bash
[4.926s] -- Up-to-date symlink: /home/olympusforge/ros2_frost/install/v4l2_camera/share/v4l2_camera/local_setup.sh
[4.927s] -- Up-to-date symlink: /home/olympusforge/ros2_frost/install/v4l2_camera/share/v4l2_camera/local_setup.zsh
[4.927s] -- Up-to-date symlink: /home/olympusforge/ros2_frost/install/v4l2_camera/share/v4l2_camera/local_setup.dsv
[4.927s] -- Symlinking: /home/olympusforge/ros2_frost/install/v4l2_camera/share/v4l2_camera/package.dsv
[4.936s] -- Up-to-date symlink: /home/olympusforge/ros2_frost/install/v4l2_camera/share/ament_index/resource_index/packages/v4l2_camera
[4.937s] -- Up-to-date symlink: /home/olympusforge/ros2_frost/install/v4l2_camera/share/ament_index/resource_index/rclcpp_components/v4l2_camera
[4.938s] -- Up-to-date symlink: /home/olympusforge/ros2_frost/install/v4l2_camera/share/v4l2_camera/cmake/ament_cmake_export_include_directories-extras.cmake
[4.939s] -- Up-to-date symlink: /home/olympusforge/ros2_frost/install/v4l2_camera/share/v4l2_camera/cmake/ament_cmake_export_targets-extras.cmake
[4.942s] -- Up-to-date symlink: /home/olympusforge/ros2_frost/install/v4l2_camera/share/v4l2_camera/cmake/ament_cmake_export_libraries-extras.cmake
[4.942s] -- Up-to-date symlink: /home/olympusforge/ros2_frost/install/v4l2_camera/share/v4l2_camera/cmake/ament_cmake_export_dependencies-extras.cmake
[4.942s] -- Up-to-date symlink: /home/olympusforge/ros2_frost/install/v4l2_camera/share/v4l2_camera/cmake/v4l2_cameraConfig.cmake
[4.942s] -- Up-to-date symlink: /home/olympusforge/ros2_frost/install/v4l2_camera/share/v4l2_camera/cmake/v4l2_cameraConfig-version.cmake
[4.942s] -- Up-to-date symlink: /home/olympusforge/ros2_frost/install/v4l2_camera/share/v4l2_camera/package.xml
[4.945s] -- Up-to-date: /home/olympusforge/ros2_frost/install/v4l2_camera/lib/libv4l2_camera.so
[4.948s] -- Up-to-date: /home/olympusforge/ros2_frost/install/v4l2_camera/lib/v4l2_camera/v4l2_camera_node
[4.952s] -- Up-to-date: /home/olympusforge/ros2_frost/install/v4l2_camera/lib/v4l2_camera/v4l2_camera_compose_test
[4.953s] -- Up-to-date: /home/olympusforge/ros2_frost/install/v4l2_camera/share/v4l2_camera/cmake/export_v4l2_cameraExport.cmake
[4.954s] -- Up-to-date: /home/olympusforge/ros2_frost/install/v4l2_camera/share/v4l2_camera/cmake/export_v4l2_cameraExport-noconfig.cmake
[4.958s] Invoked command in '/home/olympusforge/ros2_frost/build/v4l2_camera' returned '0': CMAKE_PREFIX_PATH=${CMAKE_PREFIX_PATH}:/home/olympusforge/ros2_frost/install/tortoisebot_control:/opt/ros/humble /usr/bin/cmake --install /home/olympusforge/ros2_frost/build/v4l2_camera
