[0.079s] Invoking command in '/home/olympusforge/ros2_frost/build/nav_2d_msgs': CMAKE_PREFIX_PATH=${CMAKE_PREFIX_PATH}:/home/olympusforge/ros2_frost/install/tortoisebot_control:/opt/ros/humble /usr/bin/cmake /home/olympusforge/ros2_frost/src/navigation2/nav2_dwb_controller/nav_2d_msgs -DCMAKE_INSTALL_PREFIX=/home/olympusforge/ros2_frost/install/nav_2d_msgs
[0.628s] -- The C compiler identification is GNU 11.4.0
[0.628s] -- The CXX compiler identification is GNU 11.4.0
[0.628s] -- Detecting C compiler ABI info
[0.628s] -- Detecting C compiler ABI info - done
[0.628s] -- Check for working C compiler: /usr/bin/cc - skipped
[0.628s] -- Detecting C compile features
[0.628s] -- Detecting C compile features - done
[0.628s] -- Detecting CXX compiler ABI info
[0.628s] -- Detecting CXX compiler ABI info - done
[0.628s] -- Check for working CXX compiler: /usr/bin/c++ - skipped
[0.628s] -- Detecting CXX compile features
[0.628s] -- Detecting CXX compile features - done
[0.628s] -- Found geometry_msgs: 4.2.4 (/opt/ros/humble/share/geometry_msgs/cmake)
[0.698s] -- Found Python3: /usr/bin/python3 (found version "3.10.12") found components: Interpreter 
[0.865s] -- Found rosidl_generator_c: 3.1.6 (/opt/ros/humble/share/rosidl_generator_c/cmake)
[0.870s] -- Found rosidl_adapter: 3.1.6 (/opt/ros/humble/share/rosidl_adapter/cmake)
[0.878s] -- Found rosidl_generator_cpp: 3.1.6 (/opt/ros/humble/share/rosidl_generator_cpp/cmake)
[0.891s] -- Using all available rosidl_typesupport_c: rosidl_typesupport_fastrtps_c;rosidl_typesupport_introspection_c
[0.921s] -- Using all available rosidl_typesupport_cpp: rosidl_typesupport_fastrtps_cpp;rosidl_typesupport_introspection_cpp
[0.948s] -- Found rosidl_default_generators: 1.2.0 (/opt/ros/humble/share/rosidl_default_generators/cmake)
[1.776s] -- Found ament_cmake_ros: 0.10.0 (/opt/ros/humble/share/ament_cmake_ros/cmake)
[2.465s] -- Using all available rosidl_typesupport_c: rosidl_typesupport_fastrtps_c;rosidl_typesupport_introspection_c
[3.060s] -- Using all available rosidl_typesupport_cpp: rosidl_typesupport_fastrtps_cpp;rosidl_typesupport_introspection_cpp
[3.097s] -- Found PythonInterp: /usr/bin/python3 (found suitable version "3.10.12", minimum required is "3.6") 
[3.110s] -- Found python_cmake_module: 0.10.0 (/opt/ros/humble/share/python_cmake_module/cmake)
[3.244s] -- Found PythonLibs: /usr/lib/x86_64-linux-gnu/libpython3.10.so (found suitable version "3.10.12", minimum required is "3.5") 
[3.244s] -- Using PYTHON_EXECUTABLE: /usr/bin/python3
[3.245s] -- Using PYTHON_INCLUDE_DIRS: /usr/include/python3.10
[3.245s] -- Using PYTHON_LIBRARIES: /usr/lib/x86_64-linux-gnu/libpython3.10.so
[3.289s] -- Found PythonExtra: .so  
[3.469s] -- Configuring done
[3.579s] -- Generating done
[3.603s] -- Build files have been written to: /home/olympusforge/ros2_frost/build/nav_2d_msgs
[3.619s] Invoked command in '/home/olympusforge/ros2_frost/build/nav_2d_msgs' returned '0': CMAKE_PREFIX_PATH=${CMAKE_PREFIX_PATH}:/home/olympusforge/ros2_frost/install/tortoisebot_control:/opt/ros/humble /usr/bin/cmake /home/olympusforge/ros2_frost/src/navigation2/nav2_dwb_controller/nav_2d_msgs -DCMAKE_INSTALL_PREFIX=/home/olympusforge/ros2_frost/install/nav_2d_msgs
[3.620s] Invoking command in '/home/olympusforge/ros2_frost/build/nav_2d_msgs': CMAKE_PREFIX_PATH=${CMAKE_PREFIX_PATH}:/home/olympusforge/ros2_frost/install/tortoisebot_control:/opt/ros/humble /usr/bin/cmake --build /home/olympusforge/ros2_frost/build/nav_2d_msgs -- -j8 -l8
[3.692s] [  1%] [34m[1mGenerating C code for ROS interfaces[0m
[3.693s] [  2%] [34m[1mGenerating C++ code for ROS interfaces[0m
[3.725s] [  2%] Built target ament_cmake_python_copy_nav_2d_msgs
[4.174s] running egg_info
[4.174s] creating nav_2d_msgs.egg-info
[4.174s] writing nav_2d_msgs.egg-info/PKG-INFO
[4.174s] writing dependency_links to nav_2d_msgs.egg-info/dependency_links.txt
[4.174s] writing top-level names to nav_2d_msgs.egg-info/top_level.txt
[4.174s] writing manifest file 'nav_2d_msgs.egg-info/SOURCES.txt'
[4.174s] reading manifest file 'nav_2d_msgs.egg-info/SOURCES.txt'
[4.174s] writing manifest file 'nav_2d_msgs.egg-info/SOURCES.txt'
[4.241s] [  2%] Built target ament_cmake_python_build_nav_2d_msgs_egg
[4.655s] [  4%] [32mBuilding C object CMakeFiles/nav_2d_msgs__rosidl_generator_c.dir/rosidl_generator_c/nav_2d_msgs/msg/detail/pose2_d_stamped__functions.c.o[0m
[4.655s] [  5%] [32mBuilding C object CMakeFiles/nav_2d_msgs__rosidl_generator_c.dir/rosidl_generator_c/nav_2d_msgs/msg/detail/path2_d__functions.c.o[0m
[4.679s] [  8%] [32mBuilding C object CMakeFiles/nav_2d_msgs__rosidl_generator_c.dir/rosidl_generator_c/nav_2d_msgs/msg/detail/twist2_d_stamped__functions.c.o[0m
[4.679s] [  8%] [32mBuilding C object CMakeFiles/nav_2d_msgs__rosidl_generator_c.dir/rosidl_generator_c/nav_2d_msgs/msg/detail/pose2_d32__functions.c.o[0m
[4.686s] [  9%] [32mBuilding C object CMakeFiles/nav_2d_msgs__rosidl_generator_c.dir/rosidl_generator_c/nav_2d_msgs/msg/detail/twist2_d__functions.c.o[0m
[4.711s] [ 11%] [32mBuilding C object CMakeFiles/nav_2d_msgs__rosidl_generator_c.dir/rosidl_generator_c/nav_2d_msgs/msg/detail/twist2_d32__functions.c.o[0m
[4.810s] [ 11%] Built target nav_2d_msgs__cpp
[4.868s] [ 12%] [34m[1mGenerating C++ type support for eProsima Fast-RTPS[0m
[4.868s] [ 14%] [34m[1mGenerating C++ type support dispatch for ROS interfaces[0m
[5.043s] [ 15%] [34m[1mGenerating C++ introspection for ROS interfaces[0m
[5.051s] [ 16%] [32m[1mLinking C shared library libnav_2d_msgs__rosidl_generator_c.so[0m
[5.251s] [ 16%] Built target nav_2d_msgs__rosidl_generator_c
[5.288s] [ 18%] [34m[1mGenerating C introspection for ROS interfaces[0m
[5.306s] [ 19%] [34m[1mGenerating C type support dispatch for ROS interfaces[0m
[5.345s] [ 21%] [34m[1mGenerating C type support for eProsima Fast-RTPS[0m
[6.094s] [ 22%] [32mBuilding CXX object CMakeFiles/nav_2d_msgs__rosidl_typesupport_cpp.dir/rosidl_typesupport_cpp/nav_2d_msgs/msg/path2_d__type_support.cpp.o[0m
[6.136s] [ 23%] [32mBuilding CXX object CMakeFiles/nav_2d_msgs__rosidl_typesupport_cpp.dir/rosidl_typesupport_cpp/nav_2d_msgs/msg/pose2_d32__type_support.cpp.o[0m
[6.278s] [ 25%] [32mBuilding CXX object CMakeFiles/nav_2d_msgs__rosidl_typesupport_cpp.dir/rosidl_typesupport_cpp/nav_2d_msgs/msg/pose2_d_stamped__type_support.cpp.o[0m
[6.347s] [ 26%] [32mBuilding CXX object CMakeFiles/nav_2d_msgs__rosidl_typesupport_c.dir/rosidl_typesupport_c/nav_2d_msgs/msg/path2_d__type_support.cpp.o[0m
[6.348s] [ 28%] [32mBuilding CXX object CMakeFiles/nav_2d_msgs__rosidl_typesupport_fastrtps_cpp.dir/rosidl_typesupport_fastrtps_cpp/nav_2d_msgs/msg/detail/dds_fastrtps/path2_d__type_support.cpp.o[0m
[6.366s] [ 29%] [32mBuilding CXX object CMakeFiles/nav_2d_msgs__rosidl_typesupport_introspection_cpp.dir/rosidl_typesupport_introspection_cpp/nav_2d_msgs/msg/detail/path2_d__type_support.cpp.o[0m
[6.408s] [ 30%] [32mBuilding CXX object CMakeFiles/nav_2d_msgs__rosidl_typesupport_c.dir/rosidl_typesupport_c/nav_2d_msgs/msg/pose2_d32__type_support.cpp.o[0m
[6.509s] [ 32%] [32mBuilding CXX object CMakeFiles/nav_2d_msgs__rosidl_typesupport_c.dir/rosidl_typesupport_c/nav_2d_msgs/msg/pose2_d_stamped__type_support.cpp.o[0m
[6.571s] [ 33%] [32mBuilding CXX object CMakeFiles/nav_2d_msgs__rosidl_typesupport_c.dir/rosidl_typesupport_c/nav_2d_msgs/msg/twist2_d__type_support.cpp.o[0m
[6.613s] [ 35%] [32mBuilding C object CMakeFiles/nav_2d_msgs__rosidl_typesupport_introspection_c.dir/rosidl_typesupport_introspection_c/nav_2d_msgs/msg/detail/path2_d__type_support.c.o[0m
[6.740s] [ 36%] [32mBuilding CXX object CMakeFiles/nav_2d_msgs__rosidl_typesupport_c.dir/rosidl_typesupport_c/nav_2d_msgs/msg/twist2_d32__type_support.cpp.o[0m
[6.742s] [ 38%] [32mBuilding C object CMakeFiles/nav_2d_msgs__rosidl_typesupport_introspection_c.dir/rosidl_typesupport_introspection_c/nav_2d_msgs/msg/detail/pose2_d32__type_support.c.o[0m
[6.823s] [ 39%] [32mBuilding CXX object CMakeFiles/nav_2d_msgs__rosidl_typesupport_cpp.dir/rosidl_typesupport_cpp/nav_2d_msgs/msg/twist2_d__type_support.cpp.o[0m
[6.842s] [ 40%] [32mBuilding CXX object CMakeFiles/nav_2d_msgs__rosidl_typesupport_fastrtps_c.dir/rosidl_typesupport_fastrtps_c/nav_2d_msgs/msg/detail/path2_d__type_support_c.cpp.o[0m
[6.851s] [ 42%] [32mBuilding CXX object CMakeFiles/nav_2d_msgs__rosidl_typesupport_c.dir/rosidl_typesupport_c/nav_2d_msgs/msg/twist2_d_stamped__type_support.cpp.o[0m
[6.851s] [ 43%] [32mBuilding C object CMakeFiles/nav_2d_msgs__rosidl_typesupport_introspection_c.dir/rosidl_typesupport_introspection_c/nav_2d_msgs/msg/detail/twist2_d__type_support.c.o[0m
[6.892s] [ 45%] [32mBuilding C object CMakeFiles/nav_2d_msgs__rosidl_typesupport_introspection_c.dir/rosidl_typesupport_introspection_c/nav_2d_msgs/msg/detail/pose2_d_stamped__type_support.c.o[0m
[6.914s] [ 46%] [32mBuilding CXX object CMakeFiles/nav_2d_msgs__rosidl_typesupport_cpp.dir/rosidl_typesupport_cpp/nav_2d_msgs/msg/twist2_d32__type_support.cpp.o[0m
[6.966s] [ 47%] [32m[1mLinking CXX shared library libnav_2d_msgs__rosidl_typesupport_c.so[0m
[6.985s] [ 49%] [32mBuilding C object CMakeFiles/nav_2d_msgs__rosidl_typesupport_introspection_c.dir/rosidl_typesupport_introspection_c/nav_2d_msgs/msg/detail/twist2_d32__type_support.c.o[0m
[7.022s] [ 50%] [32mBuilding CXX object CMakeFiles/nav_2d_msgs__rosidl_typesupport_cpp.dir/rosidl_typesupport_cpp/nav_2d_msgs/msg/twist2_d_stamped__type_support.cpp.o[0m
[7.023s] [ 52%] [32mBuilding C object CMakeFiles/nav_2d_msgs__rosidl_typesupport_introspection_c.dir/rosidl_typesupport_introspection_c/nav_2d_msgs/msg/detail/twist2_d_stamped__type_support.c.o[0m
[7.045s] [ 52%] Built target nav_2d_msgs__rosidl_typesupport_c
[7.093s] [ 53%] [32mBuilding CXX object CMakeFiles/nav_2d_msgs__rosidl_typesupport_fastrtps_c.dir/rosidl_typesupport_fastrtps_c/nav_2d_msgs/msg/detail/pose2_d32__type_support_c.cpp.o[0m
[7.151s] [ 54%] [32m[1mLinking C shared library libnav_2d_msgs__rosidl_typesupport_introspection_c.so[0m
[7.180s] [ 56%] [32mBuilding CXX object CMakeFiles/nav_2d_msgs__rosidl_typesupport_fastrtps_cpp.dir/rosidl_typesupport_fastrtps_cpp/nav_2d_msgs/msg/detail/dds_fastrtps/pose2_d32__type_support.cpp.o[0m
[7.330s] [ 56%] Built target nav_2d_msgs__rosidl_typesupport_introspection_c
[7.344s] [ 57%] [32mBuilding CXX object CMakeFiles/nav_2d_msgs__rosidl_typesupport_fastrtps_cpp.dir/rosidl_typesupport_fastrtps_cpp/nav_2d_msgs/msg/detail/dds_fastrtps/pose2_d_stamped__type_support.cpp.o[0m
[7.388s] [ 59%] [32mBuilding CXX object CMakeFiles/nav_2d_msgs__rosidl_typesupport_fastrtps_cpp.dir/rosidl_typesupport_fastrtps_cpp/nav_2d_msgs/msg/detail/dds_fastrtps/twist2_d__type_support.cpp.o[0m
[7.537s] [ 60%] [32mBuilding CXX object CMakeFiles/nav_2d_msgs__rosidl_typesupport_introspection_cpp.dir/rosidl_typesupport_introspection_cpp/nav_2d_msgs/msg/detail/pose2_d32__type_support.cpp.o[0m
[7.545s] [ 61%] [32mBuilding CXX object CMakeFiles/nav_2d_msgs__rosidl_typesupport_fastrtps_c.dir/rosidl_typesupport_fastrtps_c/nav_2d_msgs/msg/detail/pose2_d_stamped__type_support_c.cpp.o[0m
[7.827s] [ 63%] [32m[1mLinking CXX shared library libnav_2d_msgs__rosidl_typesupport_cpp.so[0m
[7.971s] [ 64%] [32mBuilding CXX object CMakeFiles/nav_2d_msgs__rosidl_typesupport_introspection_cpp.dir/rosidl_typesupport_introspection_cpp/nav_2d_msgs/msg/detail/pose2_d_stamped__type_support.cpp.o[0m
[7.990s] [ 66%] [32mBuilding CXX object CMakeFiles/nav_2d_msgs__rosidl_typesupport_fastrtps_cpp.dir/rosidl_typesupport_fastrtps_cpp/nav_2d_msgs/msg/detail/dds_fastrtps/twist2_d32__type_support.cpp.o[0m
[8.040s] [ 66%] Built target nav_2d_msgs__rosidl_typesupport_cpp
[8.041s] [ 67%] [32mBuilding CXX object CMakeFiles/nav_2d_msgs__rosidl_typesupport_introspection_cpp.dir/rosidl_typesupport_introspection_cpp/nav_2d_msgs/msg/detail/twist2_d__type_support.cpp.o[0m
[8.076s] [ 69%] [32mBuilding CXX object CMakeFiles/nav_2d_msgs__rosidl_typesupport_fastrtps_c.dir/rosidl_typesupport_fastrtps_c/nav_2d_msgs/msg/detail/twist2_d__type_support_c.cpp.o[0m
[8.173s] [ 70%] [32mBuilding CXX object CMakeFiles/nav_2d_msgs__rosidl_typesupport_introspection_cpp.dir/rosidl_typesupport_introspection_cpp/nav_2d_msgs/msg/detail/twist2_d32__type_support.cpp.o[0m
[8.519s] [ 71%] [32mBuilding CXX object CMakeFiles/nav_2d_msgs__rosidl_typesupport_fastrtps_cpp.dir/rosidl_typesupport_fastrtps_cpp/nav_2d_msgs/msg/detail/dds_fastrtps/twist2_d_stamped__type_support.cpp.o[0m
[8.533s] [ 73%] [32mBuilding CXX object CMakeFiles/nav_2d_msgs__rosidl_typesupport_introspection_cpp.dir/rosidl_typesupport_introspection_cpp/nav_2d_msgs/msg/detail/twist2_d_stamped__type_support.cpp.o[0m
[8.581s] [ 74%] [32mBuilding CXX object CMakeFiles/nav_2d_msgs__rosidl_typesupport_fastrtps_c.dir/rosidl_typesupport_fastrtps_c/nav_2d_msgs/msg/detail/twist2_d32__type_support_c.cpp.o[0m
[8.620s] [ 76%] [32mBuilding CXX object CMakeFiles/nav_2d_msgs__rosidl_typesupport_fastrtps_c.dir/rosidl_typesupport_fastrtps_c/nav_2d_msgs/msg/detail/twist2_d_stamped__type_support_c.cpp.o[0m
[9.495s] [ 77%] [32m[1mLinking CXX shared library libnav_2d_msgs__rosidl_typesupport_introspection_cpp.so[0m
[9.852s] [ 78%] [32m[1mLinking CXX shared library libnav_2d_msgs__rosidl_typesupport_fastrtps_cpp.so[0m
[9.989s] [ 78%] Built target nav_2d_msgs__rosidl_typesupport_introspection_cpp
[10.251s] [ 80%] [32m[1mLinking CXX shared library libnav_2d_msgs__rosidl_typesupport_fastrtps_c.so[0m
[10.286s] [ 80%] Built target nav_2d_msgs__rosidl_typesupport_fastrtps_cpp
[10.467s] [ 80%] Built target nav_2d_msgs__rosidl_typesupport_fastrtps_c
[10.515s] [ 80%] Built target nav_2d_msgs
[10.543s] [ 81%] [34m[1mGenerating Python code for ROS interfaces[0m
[11.149s] [ 81%] Built target nav_2d_msgs__py
[11.172s] [ 83%] [32mBuilding C object CMakeFiles/nav_2d_msgs__rosidl_generator_py.dir/rosidl_generator_py/nav_2d_msgs/msg/_pose2_d32_s.c.o[0m
[11.175s] [ 84%] [32mBuilding C object CMakeFiles/nav_2d_msgs__rosidl_generator_py.dir/rosidl_generator_py/nav_2d_msgs/msg/_twist2_d_s.c.o[0m
[11.175s] [ 85%] [32mBuilding C object CMakeFiles/nav_2d_msgs__rosidl_generator_py.dir/rosidl_generator_py/nav_2d_msgs/msg/_pose2_d_stamped_s.c.o[0m
[11.179s] [ 87%] [32mBuilding C object CMakeFiles/nav_2d_msgs__rosidl_generator_py.dir/rosidl_generator_py/nav_2d_msgs/msg/_path2_d_s.c.o[0m
[11.190s] [ 88%] [32mBuilding C object CMakeFiles/nav_2d_msgs__rosidl_generator_py.dir/rosidl_generator_py/nav_2d_msgs/msg/_twist2_d32_s.c.o[0m
[11.192s] [ 90%] [32mBuilding C object CMakeFiles/nav_2d_msgs__rosidl_generator_py.dir/rosidl_generator_py/nav_2d_msgs/msg/_twist2_d_stamped_s.c.o[0m
[11.411s] [ 91%] [32m[1mLinking C shared library rosidl_generator_py/nav_2d_msgs/libnav_2d_msgs__rosidl_generator_py.so[0m
[11.462s] [ 91%] Built target nav_2d_msgs__rosidl_generator_py
[11.502s] [ 92%] [32mBuilding C object CMakeFiles/nav_2d_msgs__rosidl_typesupport_c__pyext.dir/rosidl_generator_py/nav_2d_msgs/_nav_2d_msgs_s.ep.rosidl_typesupport_c.c.o[0m
[11.505s] [ 94%] [32mBuilding C object CMakeFiles/nav_2d_msgs__rosidl_typesupport_fastrtps_c__pyext.dir/rosidl_generator_py/nav_2d_msgs/_nav_2d_msgs_s.ep.rosidl_typesupport_fastrtps_c.c.o[0m
[11.521s] [ 95%] [32mBuilding C object CMakeFiles/nav_2d_msgs__rosidl_typesupport_introspection_c__pyext.dir/rosidl_generator_py/nav_2d_msgs/_nav_2d_msgs_s.ep.rosidl_typesupport_introspection_c.c.o[0m
[11.605s] [ 97%] [32m[1mLinking C shared library rosidl_generator_py/nav_2d_msgs/nav_2d_msgs_s__rosidl_typesupport_c.cpython-310-x86_64-linux-gnu.so[0m
[11.612s] [ 98%] [32m[1mLinking C shared library rosidl_generator_py/nav_2d_msgs/nav_2d_msgs_s__rosidl_typesupport_fastrtps_c.cpython-310-x86_64-linux-gnu.so[0m
[11.633s] [100%] [32m[1mLinking C shared library rosidl_generator_py/nav_2d_msgs/nav_2d_msgs_s__rosidl_typesupport_introspection_c.cpython-310-x86_64-linux-gnu.so[0m
[11.695s] [100%] Built target nav_2d_msgs__rosidl_typesupport_c__pyext
[11.705s] [100%] Built target nav_2d_msgs__rosidl_typesupport_fastrtps_c__pyext
[11.711s] [100%] Built target nav_2d_msgs__rosidl_typesupport_introspection_c__pyext
[11.734s] Invoked command in '/home/olympusforge/ros2_frost/build/nav_2d_msgs' returned '0': CMAKE_PREFIX_PATH=${CMAKE_PREFIX_PATH}:/home/olympusforge/ros2_frost/install/tortoisebot_control:/opt/ros/humble /usr/bin/cmake --build /home/olympusforge/ros2_frost/build/nav_2d_msgs -- -j8 -l8
[11.735s] Invoking command in '/home/olympusforge/ros2_frost/build/nav_2d_msgs': CMAKE_PREFIX_PATH=${CMAKE_PREFIX_PATH}:/home/olympusforge/ros2_frost/install/tortoisebot_control:/opt/ros/humble /usr/bin/cmake --install /home/olympusforge/ros2_frost/build/nav_2d_msgs
[11.741s] -- Install configuration: ""
[11.741s] -- Installing: /home/olympusforge/ros2_frost/install/nav_2d_msgs/share/ament_index/resource_index/rosidl_interfaces/nav_2d_msgs
[11.742s] -- Installing: /home/olympusforge/ros2_frost/install/nav_2d_msgs/include/nav_2d_msgs/nav_2d_msgs
[11.742s] -- Installing: /home/olympusforge/ros2_frost/install/nav_2d_msgs/include/nav_2d_msgs/nav_2d_msgs/msg
[11.742s] -- Installing: /home/olympusforge/ros2_frost/install/nav_2d_msgs/include/nav_2d_msgs/nav_2d_msgs/msg/path2_d.h
[11.742s] -- Installing: /home/olympusforge/ros2_frost/install/nav_2d_msgs/include/nav_2d_msgs/nav_2d_msgs/msg/detail
[11.743s] -- Installing: /home/olympusforge/ros2_frost/install/nav_2d_msgs/include/nav_2d_msgs/nav_2d_msgs/msg/detail/path2_d__functions.h
[11.743s] -- Installing: /home/olympusforge/ros2_frost/install/nav_2d_msgs/include/nav_2d_msgs/nav_2d_msgs/msg/detail/twist2_d_stamped__functions.h
[11.743s] -- Installing: /home/olympusforge/ros2_frost/install/nav_2d_msgs/include/nav_2d_msgs/nav_2d_msgs/msg/detail/pose2_d_stamped__functions.c
[11.743s] -- Installing: /home/olympusforge/ros2_frost/install/nav_2d_msgs/include/nav_2d_msgs/nav_2d_msgs/msg/detail/pose2_d32__functions.c
[11.744s] -- Installing: /home/olympusforge/ros2_frost/install/nav_2d_msgs/include/nav_2d_msgs/nav_2d_msgs/msg/detail/twist2_d_stamped__functions.c
[11.745s] -- Installing: /home/olympusforge/ros2_frost/install/nav_2d_msgs/include/nav_2d_msgs/nav_2d_msgs/msg/detail/twist2_d32__struct.h
[11.745s] -- Installing: /home/olympusforge/ros2_frost/install/nav_2d_msgs/include/nav_2d_msgs/nav_2d_msgs/msg/detail/pose2_d_stamped__functions.h
[11.746s] -- Installing: /home/olympusforge/ros2_frost/install/nav_2d_msgs/include/nav_2d_msgs/nav_2d_msgs/msg/detail/twist2_d32__type_support.h
[11.746s] -- Installing: /home/olympusforge/ros2_frost/install/nav_2d_msgs/include/nav_2d_msgs/nav_2d_msgs/msg/detail/path2_d__functions.c
[11.746s] -- Installing: /home/olympusforge/ros2_frost/install/nav_2d_msgs/include/nav_2d_msgs/nav_2d_msgs/msg/detail/twist2_d32__functions.c
[11.747s] -- Installing: /home/olympusforge/ros2_frost/install/nav_2d_msgs/include/nav_2d_msgs/nav_2d_msgs/msg/detail/twist2_d_stamped__type_support.h
[11.748s] -- Installing: /home/olympusforge/ros2_frost/install/nav_2d_msgs/include/nav_2d_msgs/nav_2d_msgs/msg/detail/pose2_d_stamped__struct.h
[11.749s] -- Installing: /home/olympusforge/ros2_frost/install/nav_2d_msgs/include/nav_2d_msgs/nav_2d_msgs/msg/detail/pose2_d32__type_support.h
[11.749s] -- Installing: /home/olympusforge/ros2_frost/install/nav_2d_msgs/include/nav_2d_msgs/nav_2d_msgs/msg/detail/pose2_d32__functions.h
[11.749s] -- Installing: /home/olympusforge/ros2_frost/install/nav_2d_msgs/include/nav_2d_msgs/nav_2d_msgs/msg/detail/path2_d__struct.h
[11.750s] -- Installing: /home/olympusforge/ros2_frost/install/nav_2d_msgs/include/nav_2d_msgs/nav_2d_msgs/msg/detail/twist2_d__functions.h
[11.750s] -- Installing: /home/olympusforge/ros2_frost/install/nav_2d_msgs/include/nav_2d_msgs/nav_2d_msgs/msg/detail/path2_d__type_support.h
[11.750s] -- Installing: /home/olympusforge/ros2_frost/install/nav_2d_msgs/include/nav_2d_msgs/nav_2d_msgs/msg/detail/pose2_d32__struct.h
[11.750s] -- Installing: /home/olympusforge/ros2_frost/install/nav_2d_msgs/include/nav_2d_msgs/nav_2d_msgs/msg/detail/twist2_d__functions.c
[11.750s] -- Installing: /home/olympusforge/ros2_frost/install/nav_2d_msgs/include/nav_2d_msgs/nav_2d_msgs/msg/detail/twist2_d__struct.h
[11.750s] -- Installing: /home/olympusforge/ros2_frost/install/nav_2d_msgs/include/nav_2d_msgs/nav_2d_msgs/msg/detail/twist2_d_stamped__struct.h
[11.750s] -- Installing: /home/olympusforge/ros2_frost/install/nav_2d_msgs/include/nav_2d_msgs/nav_2d_msgs/msg/detail/twist2_d32__functions.h
[11.751s] -- Installing: /home/olympusforge/ros2_frost/install/nav_2d_msgs/include/nav_2d_msgs/nav_2d_msgs/msg/detail/twist2_d__type_support.h
[11.751s] -- Installing: /home/olympusforge/ros2_frost/install/nav_2d_msgs/include/nav_2d_msgs/nav_2d_msgs/msg/detail/pose2_d_stamped__type_support.h
[11.751s] -- Installing: /home/olympusforge/ros2_frost/install/nav_2d_msgs/include/nav_2d_msgs/nav_2d_msgs/msg/twist2_d_stamped.h
[11.751s] -- Installing: /home/olympusforge/ros2_frost/install/nav_2d_msgs/include/nav_2d_msgs/nav_2d_msgs/msg/pose2_d_stamped.h
[11.751s] -- Installing: /home/olympusforge/ros2_frost/install/nav_2d_msgs/include/nav_2d_msgs/nav_2d_msgs/msg/pose2_d32.h
[11.751s] -- Installing: /home/olympusforge/ros2_frost/install/nav_2d_msgs/include/nav_2d_msgs/nav_2d_msgs/msg/rosidl_generator_c__visibility_control.h
[11.751s] -- Installing: /home/olympusforge/ros2_frost/install/nav_2d_msgs/include/nav_2d_msgs/nav_2d_msgs/msg/twist2_d.h
[11.751s] -- Installing: /home/olympusforge/ros2_frost/install/nav_2d_msgs/include/nav_2d_msgs/nav_2d_msgs/msg/twist2_d32.h
[11.751s] -- Installing: /home/olympusforge/ros2_frost/install/nav_2d_msgs/share/nav_2d_msgs/environment/library_path.sh
[11.752s] -- Installing: /home/olympusforge/ros2_frost/install/nav_2d_msgs/share/nav_2d_msgs/environment/library_path.dsv
[11.752s] -- Installing: /home/olympusforge/ros2_frost/install/nav_2d_msgs/lib/libnav_2d_msgs__rosidl_generator_c.so
[11.754s] -- Set runtime path of "/home/olympusforge/ros2_frost/install/nav_2d_msgs/lib/libnav_2d_msgs__rosidl_generator_c.so" to ""
[11.755s] -- Up-to-date: /home/olympusforge/ros2_frost/install/nav_2d_msgs/include/nav_2d_msgs/nav_2d_msgs
[11.755s] -- Up-to-date: /home/olympusforge/ros2_frost/install/nav_2d_msgs/include/nav_2d_msgs/nav_2d_msgs/msg
[11.756s] -- Up-to-date: /home/olympusforge/ros2_frost/install/nav_2d_msgs/include/nav_2d_msgs/nav_2d_msgs/msg/detail
[11.756s] -- Installing: /home/olympusforge/ros2_frost/install/nav_2d_msgs/include/nav_2d_msgs/nav_2d_msgs/msg/detail/twist2_d__rosidl_typesupport_fastrtps_c.h
[11.756s] -- Installing: /home/olympusforge/ros2_frost/install/nav_2d_msgs/include/nav_2d_msgs/nav_2d_msgs/msg/detail/pose2_d32__rosidl_typesupport_fastrtps_c.h
[11.756s] -- Installing: /home/olympusforge/ros2_frost/install/nav_2d_msgs/include/nav_2d_msgs/nav_2d_msgs/msg/detail/twist2_d32__rosidl_typesupport_fastrtps_c.h
[11.757s] -- Installing: /home/olympusforge/ros2_frost/install/nav_2d_msgs/include/nav_2d_msgs/nav_2d_msgs/msg/detail/path2_d__rosidl_typesupport_fastrtps_c.h
[11.757s] -- Installing: /home/olympusforge/ros2_frost/install/nav_2d_msgs/include/nav_2d_msgs/nav_2d_msgs/msg/detail/pose2_d_stamped__rosidl_typesupport_fastrtps_c.h
[11.757s] -- Installing: /home/olympusforge/ros2_frost/install/nav_2d_msgs/include/nav_2d_msgs/nav_2d_msgs/msg/detail/twist2_d_stamped__rosidl_typesupport_fastrtps_c.h
[11.757s] -- Installing: /home/olympusforge/ros2_frost/install/nav_2d_msgs/include/nav_2d_msgs/nav_2d_msgs/msg/rosidl_typesupport_fastrtps_c__visibility_control.h
[11.758s] -- Installing: /home/olympusforge/ros2_frost/install/nav_2d_msgs/lib/libnav_2d_msgs__rosidl_typesupport_fastrtps_c.so
[11.758s] -- Set runtime path of "/home/olympusforge/ros2_frost/install/nav_2d_msgs/lib/libnav_2d_msgs__rosidl_typesupport_fastrtps_c.so" to ""
[11.758s] -- Up-to-date: /home/olympusforge/ros2_frost/install/nav_2d_msgs/include/nav_2d_msgs/nav_2d_msgs
[11.758s] -- Up-to-date: /home/olympusforge/ros2_frost/install/nav_2d_msgs/include/nav_2d_msgs/nav_2d_msgs/msg
[11.759s] -- Installing: /home/olympusforge/ros2_frost/install/nav_2d_msgs/include/nav_2d_msgs/nav_2d_msgs/msg/twist2_d32.hpp
[11.759s] -- Installing: /home/olympusforge/ros2_frost/install/nav_2d_msgs/include/nav_2d_msgs/nav_2d_msgs/msg/pose2_d_stamped.hpp
[11.759s] -- Up-to-date: /home/olympusforge/ros2_frost/install/nav_2d_msgs/include/nav_2d_msgs/nav_2d_msgs/msg/detail
[11.759s] -- Installing: /home/olympusforge/ros2_frost/install/nav_2d_msgs/include/nav_2d_msgs/nav_2d_msgs/msg/detail/path2_d__type_support.hpp
[11.760s] -- Installing: /home/olympusforge/ros2_frost/install/nav_2d_msgs/include/nav_2d_msgs/nav_2d_msgs/msg/detail/twist2_d32__builder.hpp
[11.760s] -- Installing: /home/olympusforge/ros2_frost/install/nav_2d_msgs/include/nav_2d_msgs/nav_2d_msgs/msg/detail/twist2_d__type_support.hpp
[11.760s] -- Installing: /home/olympusforge/ros2_frost/install/nav_2d_msgs/include/nav_2d_msgs/nav_2d_msgs/msg/detail/pose2_d_stamped__struct.hpp
[11.760s] -- Installing: /home/olympusforge/ros2_frost/install/nav_2d_msgs/include/nav_2d_msgs/nav_2d_msgs/msg/detail/pose2_d_stamped__traits.hpp
[11.760s] -- Installing: /home/olympusforge/ros2_frost/install/nav_2d_msgs/include/nav_2d_msgs/nav_2d_msgs/msg/detail/pose2_d32__type_support.hpp
[11.760s] -- Installing: /home/olympusforge/ros2_frost/install/nav_2d_msgs/include/nav_2d_msgs/nav_2d_msgs/msg/detail/pose2_d_stamped__builder.hpp
[11.760s] -- Installing: /home/olympusforge/ros2_frost/install/nav_2d_msgs/include/nav_2d_msgs/nav_2d_msgs/msg/detail/path2_d__struct.hpp
[11.760s] -- Installing: /home/olympusforge/ros2_frost/install/nav_2d_msgs/include/nav_2d_msgs/nav_2d_msgs/msg/detail/twist2_d__struct.hpp
[11.761s] -- Installing: /home/olympusforge/ros2_frost/install/nav_2d_msgs/include/nav_2d_msgs/nav_2d_msgs/msg/detail/pose2_d_stamped__type_support.hpp
[11.761s] -- Installing: /home/olympusforge/ros2_frost/install/nav_2d_msgs/include/nav_2d_msgs/nav_2d_msgs/msg/detail/twist2_d32__traits.hpp
[11.761s] -- Installing: /home/olympusforge/ros2_frost/install/nav_2d_msgs/include/nav_2d_msgs/nav_2d_msgs/msg/detail/twist2_d_stamped__traits.hpp
[11.762s] -- Installing: /home/olympusforge/ros2_frost/install/nav_2d_msgs/include/nav_2d_msgs/nav_2d_msgs/msg/detail/pose2_d32__traits.hpp
[11.762s] -- Installing: /home/olympusforge/ros2_frost/install/nav_2d_msgs/include/nav_2d_msgs/nav_2d_msgs/msg/detail/twist2_d_stamped__struct.hpp
[11.762s] -- Installing: /home/olympusforge/ros2_frost/install/nav_2d_msgs/include/nav_2d_msgs/nav_2d_msgs/msg/detail/twist2_d32__type_support.hpp
[11.762s] -- Installing: /home/olympusforge/ros2_frost/install/nav_2d_msgs/include/nav_2d_msgs/nav_2d_msgs/msg/detail/path2_d__traits.hpp
[11.763s] -- Installing: /home/olympusforge/ros2_frost/install/nav_2d_msgs/include/nav_2d_msgs/nav_2d_msgs/msg/detail/twist2_d_stamped__type_support.hpp
[11.763s] -- Installing: /home/olympusforge/ros2_frost/install/nav_2d_msgs/include/nav_2d_msgs/nav_2d_msgs/msg/detail/twist2_d32__struct.hpp
[11.763s] -- Installing: /home/olympusforge/ros2_frost/install/nav_2d_msgs/include/nav_2d_msgs/nav_2d_msgs/msg/detail/pose2_d32__struct.hpp
[11.764s] -- Installing: /home/olympusforge/ros2_frost/install/nav_2d_msgs/include/nav_2d_msgs/nav_2d_msgs/msg/detail/twist2_d__builder.hpp
[11.764s] -- Installing: /home/olympusforge/ros2_frost/install/nav_2d_msgs/include/nav_2d_msgs/nav_2d_msgs/msg/detail/twist2_d__traits.hpp
[11.764s] -- Installing: /home/olympusforge/ros2_frost/install/nav_2d_msgs/include/nav_2d_msgs/nav_2d_msgs/msg/detail/pose2_d32__builder.hpp
[11.764s] -- Installing: /home/olympusforge/ros2_frost/install/nav_2d_msgs/include/nav_2d_msgs/nav_2d_msgs/msg/detail/twist2_d_stamped__builder.hpp
[11.764s] -- Installing: /home/olympusforge/ros2_frost/install/nav_2d_msgs/include/nav_2d_msgs/nav_2d_msgs/msg/detail/path2_d__builder.hpp
[11.764s] -- Installing: /home/olympusforge/ros2_frost/install/nav_2d_msgs/include/nav_2d_msgs/nav_2d_msgs/msg/rosidl_generator_cpp__visibility_control.hpp
[11.764s] -- Installing: /home/olympusforge/ros2_frost/install/nav_2d_msgs/include/nav_2d_msgs/nav_2d_msgs/msg/path2_d.hpp
[11.764s] -- Installing: /home/olympusforge/ros2_frost/install/nav_2d_msgs/include/nav_2d_msgs/nav_2d_msgs/msg/twist2_d.hpp
[11.764s] -- Installing: /home/olympusforge/ros2_frost/install/nav_2d_msgs/include/nav_2d_msgs/nav_2d_msgs/msg/twist2_d_stamped.hpp
[11.764s] -- Installing: /home/olympusforge/ros2_frost/install/nav_2d_msgs/include/nav_2d_msgs/nav_2d_msgs/msg/pose2_d32.hpp
[11.765s] -- Up-to-date: /home/olympusforge/ros2_frost/install/nav_2d_msgs/include/nav_2d_msgs/nav_2d_msgs
[11.765s] -- Up-to-date: /home/olympusforge/ros2_frost/install/nav_2d_msgs/include/nav_2d_msgs/nav_2d_msgs/msg
[11.765s] -- Installing: /home/olympusforge/ros2_frost/install/nav_2d_msgs/include/nav_2d_msgs/nav_2d_msgs/msg/rosidl_typesupport_fastrtps_cpp__visibility_control.h
[11.765s] -- Up-to-date: /home/olympusforge/ros2_frost/install/nav_2d_msgs/include/nav_2d_msgs/nav_2d_msgs/msg/detail
[11.765s] -- Installing: /home/olympusforge/ros2_frost/install/nav_2d_msgs/include/nav_2d_msgs/nav_2d_msgs/msg/detail/dds_fastrtps
[11.765s] -- Installing: /home/olympusforge/ros2_frost/install/nav_2d_msgs/include/nav_2d_msgs/nav_2d_msgs/msg/detail/twist2_d32__rosidl_typesupport_fastrtps_cpp.hpp
[11.765s] -- Installing: /home/olympusforge/ros2_frost/install/nav_2d_msgs/include/nav_2d_msgs/nav_2d_msgs/msg/detail/pose2_d_stamped__rosidl_typesupport_fastrtps_cpp.hpp
[11.765s] -- Installing: /home/olympusforge/ros2_frost/install/nav_2d_msgs/include/nav_2d_msgs/nav_2d_msgs/msg/detail/path2_d__rosidl_typesupport_fastrtps_cpp.hpp
[11.765s] -- Installing: /home/olympusforge/ros2_frost/install/nav_2d_msgs/include/nav_2d_msgs/nav_2d_msgs/msg/detail/twist2_d_stamped__rosidl_typesupport_fastrtps_cpp.hpp
[11.766s] -- Installing: /home/olympusforge/ros2_frost/install/nav_2d_msgs/include/nav_2d_msgs/nav_2d_msgs/msg/detail/twist2_d__rosidl_typesupport_fastrtps_cpp.hpp
[11.766s] -- Installing: /home/olympusforge/ros2_frost/install/nav_2d_msgs/include/nav_2d_msgs/nav_2d_msgs/msg/detail/pose2_d32__rosidl_typesupport_fastrtps_cpp.hpp
[11.767s] -- Installing: /home/olympusforge/ros2_frost/install/nav_2d_msgs/lib/libnav_2d_msgs__rosidl_typesupport_fastrtps_cpp.so
[11.767s] -- Set runtime path of "/home/olympusforge/ros2_frost/install/nav_2d_msgs/lib/libnav_2d_msgs__rosidl_typesupport_fastrtps_cpp.so" to ""
[11.767s] -- Up-to-date: /home/olympusforge/ros2_frost/install/nav_2d_msgs/include/nav_2d_msgs/nav_2d_msgs
[11.767s] -- Up-to-date: /home/olympusforge/ros2_frost/install/nav_2d_msgs/include/nav_2d_msgs/nav_2d_msgs/msg
[11.767s] -- Up-to-date: /home/olympusforge/ros2_frost/install/nav_2d_msgs/include/nav_2d_msgs/nav_2d_msgs/msg/detail
[11.767s] -- Installing: /home/olympusforge/ros2_frost/install/nav_2d_msgs/include/nav_2d_msgs/nav_2d_msgs/msg/detail/twist2_d32__rosidl_typesupport_introspection_c.h
[11.767s] -- Installing: /home/olympusforge/ros2_frost/install/nav_2d_msgs/include/nav_2d_msgs/nav_2d_msgs/msg/detail/pose2_d32__type_support.c
[11.767s] -- Installing: /home/olympusforge/ros2_frost/install/nav_2d_msgs/include/nav_2d_msgs/nav_2d_msgs/msg/detail/twist2_d_stamped__rosidl_typesupport_introspection_c.h
[11.767s] -- Installing: /home/olympusforge/ros2_frost/install/nav_2d_msgs/include/nav_2d_msgs/nav_2d_msgs/msg/detail/pose2_d32__rosidl_typesupport_introspection_c.h
[11.768s] -- Installing: /home/olympusforge/ros2_frost/install/nav_2d_msgs/include/nav_2d_msgs/nav_2d_msgs/msg/detail/path2_d__rosidl_typesupport_introspection_c.h
[11.768s] -- Installing: /home/olympusforge/ros2_frost/install/nav_2d_msgs/include/nav_2d_msgs/nav_2d_msgs/msg/detail/path2_d__type_support.c
[11.768s] -- Installing: /home/olympusforge/ros2_frost/install/nav_2d_msgs/include/nav_2d_msgs/nav_2d_msgs/msg/detail/pose2_d_stamped__type_support.c
[11.768s] -- Installing: /home/olympusforge/ros2_frost/install/nav_2d_msgs/include/nav_2d_msgs/nav_2d_msgs/msg/detail/twist2_d_stamped__type_support.c
[11.768s] -- Installing: /home/olympusforge/ros2_frost/install/nav_2d_msgs/include/nav_2d_msgs/nav_2d_msgs/msg/detail/twist2_d32__type_support.c
[11.768s] -- Installing: /home/olympusforge/ros2_frost/install/nav_2d_msgs/include/nav_2d_msgs/nav_2d_msgs/msg/detail/twist2_d__rosidl_typesupport_introspection_c.h
[11.768s] -- Installing: /home/olympusforge/ros2_frost/install/nav_2d_msgs/include/nav_2d_msgs/nav_2d_msgs/msg/detail/twist2_d__type_support.c
[11.768s] -- Installing: /home/olympusforge/ros2_frost/install/nav_2d_msgs/include/nav_2d_msgs/nav_2d_msgs/msg/detail/pose2_d_stamped__rosidl_typesupport_introspection_c.h
[11.768s] -- Installing: /home/olympusforge/ros2_frost/install/nav_2d_msgs/include/nav_2d_msgs/nav_2d_msgs/msg/rosidl_typesupport_introspection_c__visibility_control.h
[11.768s] -- Installing: /home/olympusforge/ros2_frost/install/nav_2d_msgs/lib/libnav_2d_msgs__rosidl_typesupport_introspection_c.so
[11.768s] -- Set runtime path of "/home/olympusforge/ros2_frost/install/nav_2d_msgs/lib/libnav_2d_msgs__rosidl_typesupport_introspection_c.so" to ""
[11.768s] -- Installing: /home/olympusforge/ros2_frost/install/nav_2d_msgs/lib/libnav_2d_msgs__rosidl_typesupport_c.so
[11.768s] -- Set runtime path of "/home/olympusforge/ros2_frost/install/nav_2d_msgs/lib/libnav_2d_msgs__rosidl_typesupport_c.so" to ""
[11.768s] -- Up-to-date: /home/olympusforge/ros2_frost/install/nav_2d_msgs/include/nav_2d_msgs/nav_2d_msgs
[11.768s] -- Up-to-date: /home/olympusforge/ros2_frost/install/nav_2d_msgs/include/nav_2d_msgs/nav_2d_msgs/msg
[11.769s] -- Up-to-date: /home/olympusforge/ros2_frost/install/nav_2d_msgs/include/nav_2d_msgs/nav_2d_msgs/msg/detail
[11.769s] -- Installing: /home/olympusforge/ros2_frost/install/nav_2d_msgs/include/nav_2d_msgs/nav_2d_msgs/msg/detail/pose2_d_stamped__rosidl_typesupport_introspection_cpp.hpp
[11.769s] -- Installing: /home/olympusforge/ros2_frost/install/nav_2d_msgs/include/nav_2d_msgs/nav_2d_msgs/msg/detail/twist2_d_stamped__rosidl_typesupport_introspection_cpp.hpp
[11.769s] -- Installing: /home/olympusforge/ros2_frost/install/nav_2d_msgs/include/nav_2d_msgs/nav_2d_msgs/msg/detail/twist2_d_stamped__type_support.cpp
[11.769s] -- Installing: /home/olympusforge/ros2_frost/install/nav_2d_msgs/include/nav_2d_msgs/nav_2d_msgs/msg/detail/twist2_d__type_support.cpp
[11.769s] -- Installing: /home/olympusforge/ros2_frost/install/nav_2d_msgs/include/nav_2d_msgs/nav_2d_msgs/msg/detail/pose2_d_stamped__type_support.cpp
[11.769s] -- Installing: /home/olympusforge/ros2_frost/install/nav_2d_msgs/include/nav_2d_msgs/nav_2d_msgs/msg/detail/pose2_d32__rosidl_typesupport_introspection_cpp.hpp
[11.769s] -- Installing: /home/olympusforge/ros2_frost/install/nav_2d_msgs/include/nav_2d_msgs/nav_2d_msgs/msg/detail/pose2_d32__type_support.cpp
[11.769s] -- Installing: /home/olympusforge/ros2_frost/install/nav_2d_msgs/include/nav_2d_msgs/nav_2d_msgs/msg/detail/path2_d__rosidl_typesupport_introspection_cpp.hpp
[11.769s] -- Installing: /home/olympusforge/ros2_frost/install/nav_2d_msgs/include/nav_2d_msgs/nav_2d_msgs/msg/detail/path2_d__type_support.cpp
[11.769s] -- Installing: /home/olympusforge/ros2_frost/install/nav_2d_msgs/include/nav_2d_msgs/nav_2d_msgs/msg/detail/twist2_d32__type_support.cpp
[11.769s] -- Installing: /home/olympusforge/ros2_frost/install/nav_2d_msgs/include/nav_2d_msgs/nav_2d_msgs/msg/detail/twist2_d32__rosidl_typesupport_introspection_cpp.hpp
[11.769s] -- Installing: /home/olympusforge/ros2_frost/install/nav_2d_msgs/include/nav_2d_msgs/nav_2d_msgs/msg/detail/twist2_d__rosidl_typesupport_introspection_cpp.hpp
[11.769s] -- Installing: /home/olympusforge/ros2_frost/install/nav_2d_msgs/lib/libnav_2d_msgs__rosidl_typesupport_introspection_cpp.so
[11.769s] -- Set runtime path of "/home/olympusforge/ros2_frost/install/nav_2d_msgs/lib/libnav_2d_msgs__rosidl_typesupport_introspection_cpp.so" to ""
[11.769s] -- Installing: /home/olympusforge/ros2_frost/install/nav_2d_msgs/lib/libnav_2d_msgs__rosidl_typesupport_cpp.so
[11.770s] -- Set runtime path of "/home/olympusforge/ros2_frost/install/nav_2d_msgs/lib/libnav_2d_msgs__rosidl_typesupport_cpp.so" to ""
[11.770s] -- Installing: /home/olympusforge/ros2_frost/install/nav_2d_msgs/share/nav_2d_msgs/environment/pythonpath.sh
[11.771s] -- Installing: /home/olympusforge/ros2_frost/install/nav_2d_msgs/share/nav_2d_msgs/environment/pythonpath.dsv
[11.771s] -- Installing: /home/olympusforge/ros2_frost/install/nav_2d_msgs/local/lib/python3.10/dist-packages/nav_2d_msgs-1.3.1-py3.10.egg-info
[11.771s] -- Installing: /home/olympusforge/ros2_frost/install/nav_2d_msgs/local/lib/python3.10/dist-packages/nav_2d_msgs-1.3.1-py3.10.egg-info/dependency_links.txt
[11.771s] -- Installing: /home/olympusforge/ros2_frost/install/nav_2d_msgs/local/lib/python3.10/dist-packages/nav_2d_msgs-1.3.1-py3.10.egg-info/PKG-INFO
[11.771s] -- Installing: /home/olympusforge/ros2_frost/install/nav_2d_msgs/local/lib/python3.10/dist-packages/nav_2d_msgs-1.3.1-py3.10.egg-info/top_level.txt
[11.771s] -- Installing: /home/olympusforge/ros2_frost/install/nav_2d_msgs/local/lib/python3.10/dist-packages/nav_2d_msgs-1.3.1-py3.10.egg-info/SOURCES.txt
[11.771s] -- Installing: /home/olympusforge/ros2_frost/install/nav_2d_msgs/local/lib/python3.10/dist-packages/nav_2d_msgs
[11.771s] -- Installing: /home/olympusforge/ros2_frost/install/nav_2d_msgs/local/lib/python3.10/dist-packages/nav_2d_msgs/nav_2d_msgs_s__rosidl_typesupport_introspection_c.cpython-310-x86_64-linux-gnu.so
[11.772s] -- Installing: /home/olympusforge/ros2_frost/install/nav_2d_msgs/local/lib/python3.10/dist-packages/nav_2d_msgs/libnav_2d_msgs__rosidl_generator_py.so
[11.772s] -- Installing: /home/olympusforge/ros2_frost/install/nav_2d_msgs/local/lib/python3.10/dist-packages/nav_2d_msgs/msg
[11.772s] -- Installing: /home/olympusforge/ros2_frost/install/nav_2d_msgs/local/lib/python3.10/dist-packages/nav_2d_msgs/msg/_pose2_d32_s.c
[11.772s] -- Installing: /home/olympusforge/ros2_frost/install/nav_2d_msgs/local/lib/python3.10/dist-packages/nav_2d_msgs/msg/_twist2_d32_s.c
[11.773s] -- Installing: /home/olympusforge/ros2_frost/install/nav_2d_msgs/local/lib/python3.10/dist-packages/nav_2d_msgs/msg/_pose2_d_stamped.py
[11.773s] -- Installing: /home/olympusforge/ros2_frost/install/nav_2d_msgs/local/lib/python3.10/dist-packages/nav_2d_msgs/msg/_pose2_d32.py
[11.773s] -- Installing: /home/olympusforge/ros2_frost/install/nav_2d_msgs/local/lib/python3.10/dist-packages/nav_2d_msgs/msg/_twist2_d_stamped_s.c
[11.773s] -- Installing: /home/olympusforge/ros2_frost/install/nav_2d_msgs/local/lib/python3.10/dist-packages/nav_2d_msgs/msg/_twist2_d_s.c
[11.773s] -- Installing: /home/olympusforge/ros2_frost/install/nav_2d_msgs/local/lib/python3.10/dist-packages/nav_2d_msgs/msg/_pose2_d_stamped_s.c
[11.773s] -- Installing: /home/olympusforge/ros2_frost/install/nav_2d_msgs/local/lib/python3.10/dist-packages/nav_2d_msgs/msg/_twist2_d_stamped.py
[11.773s] -- Installing: /home/olympusforge/ros2_frost/install/nav_2d_msgs/local/lib/python3.10/dist-packages/nav_2d_msgs/msg/_path2_d_s.c
[11.773s] -- Installing: /home/olympusforge/ros2_frost/install/nav_2d_msgs/local/lib/python3.10/dist-packages/nav_2d_msgs/msg/_path2_d.py
[11.773s] -- Installing: /home/olympusforge/ros2_frost/install/nav_2d_msgs/local/lib/python3.10/dist-packages/nav_2d_msgs/msg/__init__.py
[11.773s] -- Installing: /home/olympusforge/ros2_frost/install/nav_2d_msgs/local/lib/python3.10/dist-packages/nav_2d_msgs/msg/_twist2_d.py
[11.773s] -- Installing: /home/olympusforge/ros2_frost/install/nav_2d_msgs/local/lib/python3.10/dist-packages/nav_2d_msgs/msg/_twist2_d32.py
[11.773s] -- Installing: /home/olympusforge/ros2_frost/install/nav_2d_msgs/local/lib/python3.10/dist-packages/nav_2d_msgs/nav_2d_msgs_s__rosidl_typesupport_fastrtps_c.cpython-310-x86_64-linux-gnu.so
[11.774s] -- Installing: /home/olympusforge/ros2_frost/install/nav_2d_msgs/local/lib/python3.10/dist-packages/nav_2d_msgs/_nav_2d_msgs_s.ep.rosidl_typesupport_fastrtps_c.c
[11.775s] -- Installing: /home/olympusforge/ros2_frost/install/nav_2d_msgs/local/lib/python3.10/dist-packages/nav_2d_msgs/__init__.py
[11.775s] -- Installing: /home/olympusforge/ros2_frost/install/nav_2d_msgs/local/lib/python3.10/dist-packages/nav_2d_msgs/nav_2d_msgs_s__rosidl_typesupport_c.cpython-310-x86_64-linux-gnu.so
[11.775s] -- Installing: /home/olympusforge/ros2_frost/install/nav_2d_msgs/local/lib/python3.10/dist-packages/nav_2d_msgs/_nav_2d_msgs_s.ep.rosidl_typesupport_c.c
[11.775s] -- Installing: /home/olympusforge/ros2_frost/install/nav_2d_msgs/local/lib/python3.10/dist-packages/nav_2d_msgs/_nav_2d_msgs_s.ep.rosidl_typesupport_introspection_c.c
[11.811s] Listing '/home/olympusforge/ros2_frost/install/nav_2d_msgs/local/lib/python3.10/dist-packages/nav_2d_msgs'...
[11.811s] Compiling '/home/olympusforge/ros2_frost/install/nav_2d_msgs/local/lib/python3.10/dist-packages/nav_2d_msgs/__init__.py'...
[11.811s] Listing '/home/olympusforge/ros2_frost/install/nav_2d_msgs/local/lib/python3.10/dist-packages/nav_2d_msgs/msg'...
[11.811s] Compiling '/home/olympusforge/ros2_frost/install/nav_2d_msgs/local/lib/python3.10/dist-packages/nav_2d_msgs/msg/__init__.py'...
[11.811s] Compiling '/home/olympusforge/ros2_frost/install/nav_2d_msgs/local/lib/python3.10/dist-packages/nav_2d_msgs/msg/_path2_d.py'...
[11.811s] Compiling '/home/olympusforge/ros2_frost/install/nav_2d_msgs/local/lib/python3.10/dist-packages/nav_2d_msgs/msg/_pose2_d32.py'...
[11.811s] Compiling '/home/olympusforge/ros2_frost/install/nav_2d_msgs/local/lib/python3.10/dist-packages/nav_2d_msgs/msg/_pose2_d_stamped.py'...
[11.811s] Compiling '/home/olympusforge/ros2_frost/install/nav_2d_msgs/local/lib/python3.10/dist-packages/nav_2d_msgs/msg/_twist2_d.py'...
[11.811s] Compiling '/home/olympusforge/ros2_frost/install/nav_2d_msgs/local/lib/python3.10/dist-packages/nav_2d_msgs/msg/_twist2_d32.py'...
[11.811s] Compiling '/home/olympusforge/ros2_frost/install/nav_2d_msgs/local/lib/python3.10/dist-packages/nav_2d_msgs/msg/_twist2_d_stamped.py'...
[11.815s] -- Installing: /home/olympusforge/ros2_frost/install/nav_2d_msgs/local/lib/python3.10/dist-packages/nav_2d_msgs/nav_2d_msgs_s__rosidl_typesupport_fastrtps_c.cpython-310-x86_64-linux-gnu.so
[11.815s] -- Set runtime path of "/home/olympusforge/ros2_frost/install/nav_2d_msgs/local/lib/python3.10/dist-packages/nav_2d_msgs/nav_2d_msgs_s__rosidl_typesupport_fastrtps_c.cpython-310-x86_64-linux-gnu.so" to ""
[11.815s] -- Installing: /home/olympusforge/ros2_frost/install/nav_2d_msgs/local/lib/python3.10/dist-packages/nav_2d_msgs/nav_2d_msgs_s__rosidl_typesupport_introspection_c.cpython-310-x86_64-linux-gnu.so
[11.816s] -- Set runtime path of "/home/olympusforge/ros2_frost/install/nav_2d_msgs/local/lib/python3.10/dist-packages/nav_2d_msgs/nav_2d_msgs_s__rosidl_typesupport_introspection_c.cpython-310-x86_64-linux-gnu.so" to ""
[11.816s] -- Installing: /home/olympusforge/ros2_frost/install/nav_2d_msgs/local/lib/python3.10/dist-packages/nav_2d_msgs/nav_2d_msgs_s__rosidl_typesupport_c.cpython-310-x86_64-linux-gnu.so
[11.816s] -- Set runtime path of "/home/olympusforge/ros2_frost/install/nav_2d_msgs/local/lib/python3.10/dist-packages/nav_2d_msgs/nav_2d_msgs_s__rosidl_typesupport_c.cpython-310-x86_64-linux-gnu.so" to ""
[11.816s] -- Installing: /home/olympusforge/ros2_frost/install/nav_2d_msgs/lib/libnav_2d_msgs__rosidl_generator_py.so
[11.816s] -- Set runtime path of "/home/olympusforge/ros2_frost/install/nav_2d_msgs/lib/libnav_2d_msgs__rosidl_generator_py.so" to ""
[11.816s] -- Installing: /home/olympusforge/ros2_frost/install/nav_2d_msgs/share/nav_2d_msgs/msg/Path2D.idl
[11.816s] -- Installing: /home/olympusforge/ros2_frost/install/nav_2d_msgs/share/nav_2d_msgs/msg/Pose2D32.idl
[11.816s] -- Installing: /home/olympusforge/ros2_frost/install/nav_2d_msgs/share/nav_2d_msgs/msg/Pose2DStamped.idl
[11.817s] -- Installing: /home/olympusforge/ros2_frost/install/nav_2d_msgs/share/nav_2d_msgs/msg/Twist2D.idl
[11.817s] -- Installing: /home/olympusforge/ros2_frost/install/nav_2d_msgs/share/nav_2d_msgs/msg/Twist2D32.idl
[11.817s] -- Installing: /home/olympusforge/ros2_frost/install/nav_2d_msgs/share/nav_2d_msgs/msg/Twist2DStamped.idl
[11.817s] -- Installing: /home/olympusforge/ros2_frost/install/nav_2d_msgs/share/nav_2d_msgs/msg/Path2D.msg
[11.817s] -- Installing: /home/olympusforge/ros2_frost/install/nav_2d_msgs/share/nav_2d_msgs/msg/Pose2D32.msg
[11.817s] -- Installing: /home/olympusforge/ros2_frost/install/nav_2d_msgs/share/nav_2d_msgs/msg/Pose2DStamped.msg
[11.817s] -- Installing: /home/olympusforge/ros2_frost/install/nav_2d_msgs/share/nav_2d_msgs/msg/Twist2D.msg
[11.817s] -- Installing: /home/olympusforge/ros2_frost/install/nav_2d_msgs/share/nav_2d_msgs/msg/Twist2D32.msg
[11.818s] -- Installing: /home/olympusforge/ros2_frost/install/nav_2d_msgs/share/nav_2d_msgs/msg/Twist2DStamped.msg
[11.818s] -- Installing: /home/olympusforge/ros2_frost/install/nav_2d_msgs/share/ament_index/resource_index/package_run_dependencies/nav_2d_msgs
[11.818s] -- Installing: /home/olympusforge/ros2_frost/install/nav_2d_msgs/share/ament_index/resource_index/parent_prefix_path/nav_2d_msgs
[11.818s] -- Installing: /home/olympusforge/ros2_frost/install/nav_2d_msgs/share/nav_2d_msgs/environment/ament_prefix_path.sh
[11.818s] -- Installing: /home/olympusforge/ros2_frost/install/nav_2d_msgs/share/nav_2d_msgs/environment/ament_prefix_path.dsv
[11.818s] -- Installing: /home/olympusforge/ros2_frost/install/nav_2d_msgs/share/nav_2d_msgs/environment/path.sh
[11.818s] -- Installing: /home/olympusforge/ros2_frost/install/nav_2d_msgs/share/nav_2d_msgs/environment/path.dsv
[11.818s] -- Installing: /home/olympusforge/ros2_frost/install/nav_2d_msgs/share/nav_2d_msgs/local_setup.bash
[11.818s] -- Installing: /home/olympusforge/ros2_frost/install/nav_2d_msgs/share/nav_2d_msgs/local_setup.sh
[11.818s] -- Installing: /home/olympusforge/ros2_frost/install/nav_2d_msgs/share/nav_2d_msgs/local_setup.zsh
[11.818s] -- Installing: /home/olympusforge/ros2_frost/install/nav_2d_msgs/share/nav_2d_msgs/local_setup.dsv
[11.818s] -- Installing: /home/olympusforge/ros2_frost/install/nav_2d_msgs/share/nav_2d_msgs/package.dsv
[11.818s] -- Installing: /home/olympusforge/ros2_frost/install/nav_2d_msgs/share/ament_index/resource_index/packages/nav_2d_msgs
[11.818s] -- Installing: /home/olympusforge/ros2_frost/install/nav_2d_msgs/share/nav_2d_msgs/cmake/export_nav_2d_msgs__rosidl_generator_cExport.cmake
[11.818s] -- Installing: /home/olympusforge/ros2_frost/install/nav_2d_msgs/share/nav_2d_msgs/cmake/export_nav_2d_msgs__rosidl_generator_cExport-noconfig.cmake
[11.818s] -- Installing: /home/olympusforge/ros2_frost/install/nav_2d_msgs/share/nav_2d_msgs/cmake/export_nav_2d_msgs__rosidl_typesupport_fastrtps_cExport.cmake
[11.818s] -- Installing: /home/olympusforge/ros2_frost/install/nav_2d_msgs/share/nav_2d_msgs/cmake/export_nav_2d_msgs__rosidl_typesupport_fastrtps_cExport-noconfig.cmake
[11.819s] -- Installing: /home/olympusforge/ros2_frost/install/nav_2d_msgs/share/nav_2d_msgs/cmake/export_nav_2d_msgs__rosidl_generator_cppExport.cmake
[11.819s] -- Installing: /home/olympusforge/ros2_frost/install/nav_2d_msgs/share/nav_2d_msgs/cmake/export_nav_2d_msgs__rosidl_typesupport_fastrtps_cppExport.cmake
[11.819s] -- Installing: /home/olympusforge/ros2_frost/install/nav_2d_msgs/share/nav_2d_msgs/cmake/export_nav_2d_msgs__rosidl_typesupport_fastrtps_cppExport-noconfig.cmake
[11.819s] -- Installing: /home/olympusforge/ros2_frost/install/nav_2d_msgs/share/nav_2d_msgs/cmake/nav_2d_msgs__rosidl_typesupport_introspection_cExport.cmake
[11.819s] -- Installing: /home/olympusforge/ros2_frost/install/nav_2d_msgs/share/nav_2d_msgs/cmake/nav_2d_msgs__rosidl_typesupport_introspection_cExport-noconfig.cmake
[11.819s] -- Installing: /home/olympusforge/ros2_frost/install/nav_2d_msgs/share/nav_2d_msgs/cmake/nav_2d_msgs__rosidl_typesupport_cExport.cmake
[11.819s] -- Installing: /home/olympusforge/ros2_frost/install/nav_2d_msgs/share/nav_2d_msgs/cmake/nav_2d_msgs__rosidl_typesupport_cExport-noconfig.cmake
[11.820s] -- Installing: /home/olympusforge/ros2_frost/install/nav_2d_msgs/share/nav_2d_msgs/cmake/nav_2d_msgs__rosidl_typesupport_introspection_cppExport.cmake
[11.820s] -- Installing: /home/olympusforge/ros2_frost/install/nav_2d_msgs/share/nav_2d_msgs/cmake/nav_2d_msgs__rosidl_typesupport_introspection_cppExport-noconfig.cmake
[11.820s] -- Installing: /home/olympusforge/ros2_frost/install/nav_2d_msgs/share/nav_2d_msgs/cmake/nav_2d_msgs__rosidl_typesupport_cppExport.cmake
[11.820s] -- Installing: /home/olympusforge/ros2_frost/install/nav_2d_msgs/share/nav_2d_msgs/cmake/nav_2d_msgs__rosidl_typesupport_cppExport-noconfig.cmake
[11.820s] -- Installing: /home/olympusforge/ros2_frost/install/nav_2d_msgs/share/nav_2d_msgs/cmake/export_nav_2d_msgs__rosidl_generator_pyExport.cmake
[11.820s] -- Installing: /home/olympusforge/ros2_frost/install/nav_2d_msgs/share/nav_2d_msgs/cmake/export_nav_2d_msgs__rosidl_generator_pyExport-noconfig.cmake
[11.820s] -- Installing: /home/olympusforge/ros2_frost/install/nav_2d_msgs/share/nav_2d_msgs/cmake/rosidl_cmake-extras.cmake
[11.820s] -- Installing: /home/olympusforge/ros2_frost/install/nav_2d_msgs/share/nav_2d_msgs/cmake/ament_cmake_export_dependencies-extras.cmake
[11.820s] -- Installing: /home/olympusforge/ros2_frost/install/nav_2d_msgs/share/nav_2d_msgs/cmake/ament_cmake_export_include_directories-extras.cmake
[11.821s] -- Installing: /home/olympusforge/ros2_frost/install/nav_2d_msgs/share/nav_2d_msgs/cmake/ament_cmake_export_libraries-extras.cmake
[11.821s] -- Installing: /home/olympusforge/ros2_frost/install/nav_2d_msgs/share/nav_2d_msgs/cmake/ament_cmake_export_targets-extras.cmake
[11.821s] -- Installing: /home/olympusforge/ros2_frost/install/nav_2d_msgs/share/nav_2d_msgs/cmake/rosidl_cmake_export_typesupport_targets-extras.cmake
[11.822s] -- Installing: /home/olympusforge/ros2_frost/install/nav_2d_msgs/share/nav_2d_msgs/cmake/rosidl_cmake_export_typesupport_libraries-extras.cmake
[11.822s] -- Installing: /home/olympusforge/ros2_frost/install/nav_2d_msgs/share/nav_2d_msgs/cmake/nav_2d_msgsConfig.cmake
[11.822s] -- Installing: /home/olympusforge/ros2_frost/install/nav_2d_msgs/share/nav_2d_msgs/cmake/nav_2d_msgsConfig-version.cmake
[11.826s] -- Installing: /home/olympusforge/ros2_frost/install/nav_2d_msgs/share/nav_2d_msgs/package.xml
[11.831s] Invoked command in '/home/olympusforge/ros2_frost/build/nav_2d_msgs' returned '0': CMAKE_PREFIX_PATH=${CMAKE_PREFIX_PATH}:/home/olympusforge/ros2_frost/install/tortoisebot_control:/opt/ros/humble /usr/bin/cmake --install /home/olympusforge/ros2_frost/build/nav_2d_msgs
