[0.254s] Invoking command in '/home/olympusforge/ros2_frost/build/tortoisebot_navigation': CMAKE_PREFIX_PATH=${CMAKE_PREFIX_PATH}:/home/olympusforge/ros2_frost/install/tortoisebot_control:/opt/ros/humble /usr/bin/cmake --build /home/olympusforge/ros2_frost/build/tortoisebot_navigation -- -j8 -l8
[0.454s] Invoked command in '/home/olympusforge/ros2_frost/build/tortoisebot_navigation' returned '0': CMAKE_PREFIX_PATH=${CMAKE_PREFIX_PATH}:/home/olympusforge/ros2_frost/install/tortoisebot_control:/opt/ros/humble /usr/bin/cmake --build /home/olympusforge/ros2_frost/build/tortoisebot_navigation -- -j8 -l8
[0.454s] Invoking command in '/home/olympusforge/ros2_frost/build/tortoisebot_navigation': CMAKE_PREFIX_PATH=${CMAKE_PREFIX_PATH}:/home/olympusforge/ros2_frost/install/tortoisebot_control:/opt/ros/humble /usr/bin/cmake --install /home/olympusforge/ros2_frost/build/tortoisebot_navigation
[0.480s] -- Install configuration: ""
[0.480s] -- Execute custom install script
[0.480s] -- Up-to-date symlink: /home/olympusforge/ros2_frost/install/tortoisebot_navigation/share/tortoisebot_navigation/launch/navigation.launch.py
[0.480s] -- Up-to-date symlink: /home/olympusforge/ros2_frost/install/tortoisebot_navigation/share/tortoisebot_navigation/config/nav2_params.yaml
[0.480s] -- Up-to-date symlink: /home/olympusforge/ros2_frost/install/tortoisebot_navigation/share/tortoisebot_navigation/config/nav2_params_robot.yaml
[0.480s] -- Up-to-date symlink: /home/olympusforge/ros2_frost/install/tortoisebot_navigation/share/tortoisebot_navigation/config/nav2_params_simulation.yaml
[0.480s] -- Up-to-date symlink: /home/olympusforge/ros2_frost/install/tortoisebot_navigation/share/ament_index/resource_index/package_run_dependencies/tortoisebot_navigation
[0.481s] -- Up-to-date symlink: /home/olympusforge/ros2_frost/install/tortoisebot_navigation/share/ament_index/resource_index/parent_prefix_path/tortoisebot_navigation
[0.481s] -- Up-to-date symlink: /home/olympusforge/ros2_frost/install/tortoisebot_navigation/share/tortoisebot_navigation/environment/ament_prefix_path.sh
[0.481s] -- Up-to-date symlink: /home/olympusforge/ros2_frost/install/tortoisebot_navigation/share/tortoisebot_navigation/environment/ament_prefix_path.dsv
[0.481s] -- Up-to-date symlink: /home/olympusforge/ros2_frost/install/tortoisebot_navigation/share/tortoisebot_navigation/environment/path.sh
[0.481s] -- Up-to-date symlink: /home/olympusforge/ros2_frost/install/tortoisebot_navigation/share/tortoisebot_navigation/environment/path.dsv
[0.481s] -- Up-to-date symlink: /home/olympusforge/ros2_frost/install/tortoisebot_navigation/share/tortoisebot_navigation/local_setup.bash
[0.481s] -- Up-to-date symlink: /home/olympusforge/ros2_frost/install/tortoisebot_navigation/share/tortoisebot_navigation/local_setup.sh
[0.481s] -- Up-to-date symlink: /home/olympusforge/ros2_frost/install/tortoisebot_navigation/share/tortoisebot_navigation/local_setup.zsh
[0.481s] -- Up-to-date symlink: /home/olympusforge/ros2_frost/install/tortoisebot_navigation/share/tortoisebot_navigation/local_setup.dsv
[0.481s] -- Symlinking: /home/olympusforge/ros2_frost/install/tortoisebot_navigation/share/tortoisebot_navigation/package.dsv
[0.481s] -- Up-to-date symlink: /home/olympusforge/ros2_frost/install/tortoisebot_navigation/share/ament_index/resource_index/packages/tortoisebot_navigation
[0.481s] -- Up-to-date symlink: /home/olympusforge/ros2_frost/install/tortoisebot_navigation/share/tortoisebot_navigation/cmake/tortoisebot_navigationConfig.cmake
[0.481s] -- Up-to-date symlink: /home/olympusforge/ros2_frost/install/tortoisebot_navigation/share/tortoisebot_navigation/cmake/tortoisebot_navigationConfig-version.cmake
[0.481s] -- Up-to-date symlink: /home/olympusforge/ros2_frost/install/tortoisebot_navigation/share/tortoisebot_navigation/package.xml
[0.866s] Invoked command in '/home/olympusforge/ros2_frost/build/tortoisebot_navigation' returned '0': CMAKE_PREFIX_PATH=${CMAKE_PREFIX_PATH}:/home/olympusforge/ros2_frost/install/tortoisebot_control:/opt/ros/humble /usr/bin/cmake --install /home/olympusforge/ros2_frost/build/tortoisebot_navigation
