[0.117s] Invoking command in '/home/olympusforge/ros2_frost/build/ydlidar_sdk': /usr/bin/cmake --build /home/olympusforge/ros2_frost/build/ydlidar_sdk -- -j8 -l8
[0.185s] [35m[1mConsolidate compiler generated dependencies of target ydlidar_sdk[0m
[0.215s] [ 40%] Built target ydlidar_sdk
[0.238s] [35m[1mConsolidate compiler generated dependencies of target gs_ota[0m
[0.238s] [35m[1mConsolidate compiler generated dependencies of target et_test[0m
[0.238s] [35m[1mConsolidate compiler generated dependencies of target sdm18_test[0m
[0.261s] [35m[1mConsolidate compiler generated dependencies of target gs_test[0m
[0.266s] [35m[1mConsolidate compiler generated dependencies of target sdm_test[0m
[0.268s] [35m[1mConsolidate compiler generated dependencies of target gs_test2[0m
[0.318s] [35m[1mConsolidate compiler generated dependencies of target scl_test[0m
[0.318s] [35m[1mConsolidate compiler generated dependencies of target tea_test[0m
[0.318s] [ 44%] Built target et_test
[0.331s] [ 48%] Built target gs_ota
[0.349s] [ 53%] Built target gs_test
[0.350s] [ 57%] Built target sdm_test
[0.352s] [ 61%] Built target sdm18_test
[0.378s] [ 70%] Built target scl_test
[0.378s] [ 70%] Built target gs_test2
[0.383s] [ 74%] Built target tea_test
[0.426s] [35m[1mConsolidate compiler generated dependencies of target tmini_test[0m
[0.431s] [35m[1mConsolidate compiler generated dependencies of target tof_test[0m
[0.450s] [35m[1mConsolidate compiler generated dependencies of target tri_and_gs_test[0m
[0.450s] [35m[1mConsolidate compiler generated dependencies of target tri_test[0m
[0.451s] [35m[1mConsolidate compiler generated dependencies of target tri_restart[0m
[0.460s] [35m[1mConsolidate compiler generated dependencies of target lidar_c_api_test[0m
[0.478s] [ 78%] Built target tof_test
[0.478s] [ 82%] Built target tmini_test
[0.479s] [ 87%] Built target tri_and_gs_test
[0.481s] [ 91%] Built target tri_restart
[0.481s] [ 95%] Built target lidar_c_api_test
[0.482s] [100%] Built target tri_test
[0.499s] Invoked command in '/home/olympusforge/ros2_frost/build/ydlidar_sdk' returned '0': /usr/bin/cmake --build /home/olympusforge/ros2_frost/build/ydlidar_sdk -- -j8 -l8
[0.500s] Invoking command in '/home/olympusforge/ros2_frost/build/ydlidar_sdk': /usr/bin/cmake --install /home/olympusforge/ros2_frost/build/ydlidar_sdk
[0.548s] -- Install configuration: ""
[0.548s] -- Installing: /home/olympusforge/ros2_frost/install/ydlidar_sdk/include/core/base/datatype.h
[0.548s] -- Installing: /home/olympusforge/ros2_frost/install/ydlidar_sdk/include/core/base/locker.h
[0.548s] -- Installing: /home/olympusforge/ros2_frost/install/ydlidar_sdk/include/core/base/thread.h
[0.548s] -- Installing: /home/olympusforge/ros2_frost/install/ydlidar_sdk/include/core/base/timer.h
[0.548s] -- Installing: /home/olympusforge/ros2_frost/install/ydlidar_sdk/include/core/base/typedef.h
[0.548s] -- Installing: /home/olympusforge/ros2_frost/install/ydlidar_sdk/include/core/base/utils.h
[0.548s] -- Installing: /home/olympusforge/ros2_frost/install/ydlidar_sdk/include/core/base/v8stdint.h
[0.548s] -- Installing: /home/olympusforge/ros2_frost/install/ydlidar_sdk/include/core/base/ydlidar.h
[0.548s] -- Installing: /home/olympusforge/ros2_frost/install/ydlidar_sdk/include/core/common/ChannelDevice.h
[0.548s] -- Installing: /home/olympusforge/ros2_frost/install/ydlidar_sdk/include/core/common/DriverInterface.h
[0.548s] -- Installing: /home/olympusforge/ros2_frost/install/ydlidar_sdk/include/core/common/ydlidar_datatype.h
[0.548s] -- Installing: /home/olympusforge/ros2_frost/install/ydlidar_sdk/include/core/common/ydlidar_def.h
[0.582s] -- Installing: /home/olympusforge/ros2_frost/install/ydlidar_sdk/include/core/common/ydlidar_help.h
[0.589s] -- Installing: /home/olympusforge/ros2_frost/install/ydlidar_sdk/include/core/common/ydlidar_protocol.h
[0.589s] -- Installing: /home/olympusforge/ros2_frost/install/ydlidar_sdk/include/core/math/angles.h
[0.589s] -- Installing: /home/olympusforge/ros2_frost/install/ydlidar_sdk/include/core/network/ActiveSocket.h
[0.589s] -- Installing: /home/olympusforge/ros2_frost/install/ydlidar_sdk/include/core/network/PassiveSocket.h
[0.589s] -- Installing: /home/olympusforge/ros2_frost/install/ydlidar_sdk/include/core/network/SimpleSocket.h
[0.589s] -- Installing: /home/olympusforge/ros2_frost/install/ydlidar_sdk/include/core/network/StatTimer.h
[0.589s] -- Installing: /home/olympusforge/ros2_frost/install/ydlidar_sdk/include/core/serial/common.h
[0.589s] -- Installing: /home/olympusforge/ros2_frost/install/ydlidar_sdk/include/core/serial/serial.h
[0.589s] -- Installing: /home/olympusforge/ros2_frost/install/ydlidar_sdk/include/core/serial/impl/unix/lock.h
[0.589s] -- Installing: /home/olympusforge/ros2_frost/install/ydlidar_sdk/include/core/serial/impl/unix/unix.h
[0.590s] -- Installing: /home/olympusforge/ros2_frost/install/ydlidar_sdk/include/core/serial/impl/unix/unix_serial.h
[0.590s] -- Installing: /home/olympusforge/ros2_frost/install/ydlidar_sdk/include/src/CYdLidar.h
[0.593s] -- Installing: /home/olympusforge/ros2_frost/install/ydlidar_sdk/include/src/DTSLidarDriver.h
[0.593s] -- Installing: /home/olympusforge/ros2_frost/install/ydlidar_sdk/include/src/ETLidarDriver.h
[0.593s] -- Installing: /home/olympusforge/ros2_frost/install/ydlidar_sdk/include/src/GSLidarDriver.h
[0.593s] -- Installing: /home/olympusforge/ros2_frost/install/ydlidar_sdk/include/src/SDMLidarDriver.h
[0.593s] -- Installing: /home/olympusforge/ros2_frost/install/ydlidar_sdk/include/src/YDlidarDriver.h
[0.594s] -- Installing: /home/olympusforge/ros2_frost/install/ydlidar_sdk/include/src/ydlidar_sdk.h
[0.594s] -- Installing: /home/olympusforge/ros2_frost/install/ydlidar_sdk/include/src/filters/FilterInterface.h
[0.594s] -- Installing: /home/olympusforge/ros2_frost/install/ydlidar_sdk/include/src/filters/NoiseFilter.h
[0.594s] -- Installing: /home/olympusforge/ros2_frost/install/ydlidar_sdk/include/src/filters/StrongLightFilter.h
[0.594s] -- Installing: /home/olympusforge/ros2_frost/install/ydlidar_sdk/include/ydlidar_config.h
[0.594s] -- Installing: /home/olympusforge/ros2_frost/install/ydlidar_sdk/lib/libydlidar_sdk.a
[0.594s] -- Installing: /home/olympusforge/ros2_frost/install/ydlidar_sdk/lib/pkgconfig/YDLIDAR_SDK.pc
[0.594s] -- Installing: /home/olympusforge/ros2_frost/install/ydlidar_sdk/lib/cmake/ydlidar_sdk/ydlidar_sdkConfig.cmake
[0.594s] -- Installing: /home/olympusforge/ros2_frost/install/ydlidar_sdk/lib/cmake/ydlidar_sdk/ydlidar_sdkTargets.cmake
[0.594s] -- Installing: /home/olympusforge/ros2_frost/install/ydlidar_sdk/lib/cmake/ydlidar_sdk/ydlidar_sdkConfigVersion.cmake
[0.594s] -- Installing: /home/olympusforge/ros2_frost/install/ydlidar_sdk/share/YDLIDAR_SDK/FindYDLIDAR_SDK.cmake
[0.594s] -- Up-to-date: /home/olympusforge/ros2_frost/install/ydlidar_sdk/share/YDLIDAR_SDK
[0.594s] -- Installing: /home/olympusforge/ros2_frost/install/ydlidar_sdk/share/YDLIDAR_SDK/install_package.cmake
[0.594s] -- Installing: /home/olympusforge/ros2_frost/install/ydlidar_sdk/share/YDLIDAR_SDK/PackageConfig.cmake.in
[0.595s] -- Installing: /home/olympusforge/ros2_frost/install/ydlidar_sdk/share/YDLIDAR_SDK/cmake_uninstall.cmake.in
[0.595s] -- Installing: /home/olympusforge/ros2_frost/install/ydlidar_sdk/share/YDLIDAR_SDK/common
[0.595s] -- Installing: /home/olympusforge/ros2_frost/install/ydlidar_sdk/share/YDLIDAR_SDK/common/ydlidar_base.cmake
[0.595s] -- Installing: /home/olympusforge/ros2_frost/install/ydlidar_sdk/share/YDLIDAR_SDK/common/ydlidar_parse.cmake
[0.595s] -- Installing: /home/olympusforge/ros2_frost/install/ydlidar_sdk/share/YDLIDAR_SDK/FindPackage.cmake.in
[0.595s] -- Installing: /home/olympusforge/ros2_frost/install/ydlidar_sdk/share/YDLIDAR_SDK/PackageConfigVersion.cmake.in
[0.595s] -- Installing: /home/olympusforge/ros2_frost/install/ydlidar_sdk/share/YDLIDAR_SDK/script_show_final_summary.cmake
[0.595s] -- Installing: /home/olympusforge/ros2_frost/install/ydlidar_sdk/share/YDLIDAR_SDK/PkgConfig.pc.in
[0.595s] -- Installing: /home/olympusforge/ros2_frost/install/ydlidar_sdk/share/YDLIDAR_SDK/LICENSE.txt
[0.595s] -- Installing: /home/olympusforge/ros2_frost/install/ydlidar_sdk/share/YDLIDAR_SDK/README.md
[0.595s] -- Installing: /home/olympusforge/ros2_frost/install/ydlidar_sdk/share/YDLIDAR_SDK/doc
[0.595s] -- Installing: /home/olympusforge/ros2_frost/install/ydlidar_sdk/share/YDLIDAR_SDK/doc/YDLIDAR_SDK_API_for_Developers.md
[0.595s] -- Installing: /home/olympusforge/ros2_frost/install/ydlidar_sdk/share/YDLIDAR_SDK/doc/YDLidar-SDK-Communication-Protocol.html
[0.595s] -- Installing: /home/olympusforge/ros2_frost/install/ydlidar_sdk/share/YDLIDAR_SDK/doc/FAQs
[0.595s] -- Installing: /home/olympusforge/ros2_frost/install/ydlidar_sdk/share/YDLIDAR_SDK/doc/FAQs/Hardware_FAQs.md
[0.595s] -- Installing: /home/olympusforge/ros2_frost/install/ydlidar_sdk/share/YDLIDAR_SDK/doc/FAQs/General_FAQs.md
[0.595s] -- Installing: /home/olympusforge/ros2_frost/install/ydlidar_sdk/share/YDLIDAR_SDK/doc/FAQs/General_FAQs_cn.md
[0.595s] -- Installing: /home/olympusforge/ros2_frost/install/ydlidar_sdk/share/YDLIDAR_SDK/doc/FAQs/Software_FAQs_cn.md
[0.595s] -- Installing: /home/olympusforge/ros2_frost/install/ydlidar_sdk/share/YDLIDAR_SDK/doc/FAQs/Hardware_FAQs_cn.md
[0.595s] -- Installing: /home/olympusforge/ros2_frost/install/ydlidar_sdk/share/YDLIDAR_SDK/doc/FAQs/README.md
[0.595s] -- Installing: /home/olympusforge/ros2_frost/install/ydlidar_sdk/share/YDLIDAR_SDK/doc/FAQs/Software_FAQs.md
[0.595s] -- Installing: /home/olympusforge/ros2_frost/install/ydlidar_sdk/share/YDLIDAR_SDK/doc/YDLidar-SDK-Communication-Protocol.pdf
[0.595s] -- Installing: /home/olympusforge/ros2_frost/install/ydlidar_sdk/share/YDLIDAR_SDK/doc/YDLidar_SDK_Communication_Protocol.pdf
[0.595s] -- Installing: /home/olympusforge/ros2_frost/install/ydlidar_sdk/share/YDLIDAR_SDK/doc/Dataset.md
[0.595s] -- Installing: /home/olympusforge/ros2_frost/install/ydlidar_sdk/share/YDLIDAR_SDK/doc/quickstart
[0.595s] -- Installing: /home/olympusforge/ros2_frost/install/ydlidar_sdk/share/YDLIDAR_SDK/doc/quickstart/ydlidar_sdk_software_installation_guide.md
[0.595s] -- Installing: /home/olympusforge/ros2_frost/install/ydlidar_sdk/share/YDLIDAR_SDK/doc/quickstart/README.md
[0.595s] -- Installing: /home/olympusforge/ros2_frost/install/ydlidar_sdk/share/YDLIDAR_SDK/doc/howto
[0.595s] -- Installing: /home/olympusforge/ros2_frost/install/ydlidar_sdk/share/YDLIDAR_SDK/doc/howto/how_to_build_and_debug_using_vscode.md
[0.595s] -- Installing: /home/olympusforge/ros2_frost/install/ydlidar_sdk/share/YDLIDAR_SDK/doc/howto/how_to_create_a_pull.md
[0.596s] -- Installing: /home/olympusforge/ros2_frost/install/ydlidar_sdk/share/YDLIDAR_SDK/doc/howto/how_to_build_and_install.md
[0.596s] -- Installing: /home/olympusforge/ros2_frost/install/ydlidar_sdk/share/YDLIDAR_SDK/doc/howto/how_to_create_a_udev_rules.md
[0.596s] -- Installing: /home/olympusforge/ros2_frost/install/ydlidar_sdk/share/YDLIDAR_SDK/doc/howto/how_to_solve_slow_pull_from_cn.md
[0.596s] -- Installing: /home/olympusforge/ros2_frost/install/ydlidar_sdk/share/YDLIDAR_SDK/doc/howto/how_to_create_a_csharp_project.md
[0.596s] -- Installing: /home/olympusforge/ros2_frost/install/ydlidar_sdk/share/YDLIDAR_SDK/doc/howto/images
[0.596s] -- Installing: /home/olympusforge/ros2_frost/install/ydlidar_sdk/share/YDLIDAR_SDK/doc/howto/images/csharp_build.png
[0.596s] -- Installing: /home/olympusforge/ros2_frost/install/ydlidar_sdk/share/YDLIDAR_SDK/doc/howto/images/cpack.png
[0.596s] -- Installing: /home/olympusforge/ros2_frost/install/ydlidar_sdk/share/YDLIDAR_SDK/doc/howto/images/csharp_library.png
[0.596s] -- Installing: /home/olympusforge/ros2_frost/install/ydlidar_sdk/share/YDLIDAR_SDK/doc/howto/images/vscode
[0.596s] -- Installing: /home/olympusforge/ros2_frost/install/ydlidar_sdk/share/YDLIDAR_SDK/doc/howto/images/vscode/run_tasks.jpg
[0.596s] -- Installing: /home/olympusforge/ros2_frost/install/ydlidar_sdk/share/YDLIDAR_SDK/doc/howto/images/vscode/tasks.png
[0.596s] -- Installing: /home/olympusforge/ros2_frost/install/ydlidar_sdk/share/YDLIDAR_SDK/doc/howto/images/csharp_running.png
[0.596s] -- Installing: /home/olympusforge/ros2_frost/install/ydlidar_sdk/share/YDLIDAR_SDK/doc/howto/images/ttyUSB0.png
[0.597s] -- Installing: /home/olympusforge/ros2_frost/install/ydlidar_sdk/share/YDLIDAR_SDK/doc/howto/images/sdk_init.png
[0.597s] -- Installing: /home/olympusforge/ros2_frost/install/ydlidar_sdk/share/YDLIDAR_SDK/doc/howto/images/csharp_exception.png
[0.597s] -- Installing: /home/olympusforge/ros2_frost/install/ydlidar_sdk/share/YDLIDAR_SDK/doc/howto/images/ydlidar_lidar_monitor.png
[0.597s] -- Installing: /home/olympusforge/ros2_frost/install/ydlidar_sdk/share/YDLIDAR_SDK/doc/howto/images/ttyUSB1.png
[0.597s] -- Installing: /home/olympusforge/ros2_frost/install/ydlidar_sdk/share/YDLIDAR_SDK/doc/howto/images/sequence.png
[0.597s] -- Installing: /home/olympusforge/ros2_frost/install/ydlidar_sdk/share/YDLIDAR_SDK/doc/howto/images/sdk_scanning.png
[0.597s] -- Installing: /home/olympusforge/ros2_frost/install/ydlidar_sdk/share/YDLIDAR_SDK/doc/howto/images/csharp_project.png
[0.597s] -- Installing: /home/olympusforge/ros2_frost/install/ydlidar_sdk/share/YDLIDAR_SDK/doc/howto/README.md
[0.597s] -- Installing: /home/olympusforge/ros2_frost/install/ydlidar_sdk/share/YDLIDAR_SDK/doc/howto/how_to_gerenrate_vs_project_by_cmake.md
[0.597s] -- Installing: /home/olympusforge/ros2_frost/install/ydlidar_sdk/share/YDLIDAR_SDK/doc/SDK.pdf
[0.597s] -- Installing: /home/olympusforge/ros2_frost/install/ydlidar_sdk/share/YDLIDAR_SDK/doc/Tutorials.md
[0.597s] -- Installing: /home/olympusforge/ros2_frost/install/ydlidar_sdk/share/YDLIDAR_SDK/doc/Diagram.md
[0.597s] -- Installing: /home/olympusforge/ros2_frost/install/ydlidar_sdk/share/YDLIDAR_SDK/doc/tutorials
[0.597s] -- Installing: /home/olympusforge/ros2_frost/install/ydlidar_sdk/share/YDLIDAR_SDK/doc/tutorials/writing_lidar_tutorial_c++.md
[0.597s] -- Installing: /home/olympusforge/ros2_frost/install/ydlidar_sdk/share/YDLIDAR_SDK/doc/tutorials/writing_lidar_tutorial_python.md
[0.597s] -- Installing: /home/olympusforge/ros2_frost/install/ydlidar_sdk/share/YDLIDAR_SDK/doc/tutorials/examine_the_simple_lidar_tutorial.md
[0.597s] -- Installing: /home/olympusforge/ros2_frost/install/ydlidar_sdk/share/YDLIDAR_SDK/doc/tutorials/writing_lidar_network_adapter_tutorial_c++.md
[0.597s] -- Installing: /home/olympusforge/ros2_frost/install/ydlidar_sdk/share/YDLIDAR_SDK/doc/tutorials/writing_lidar_tutorial_c.md
[0.597s] -- Installing: /home/olympusforge/ros2_frost/install/ydlidar_sdk/share/YDLIDAR_SDK/doc/YDLidar-SDK-Communication-Protocol.md
[0.597s] -- Installing: /home/olympusforge/ros2_frost/install/ydlidar_sdk/share/YDLIDAR_SDK/doc/images
[0.597s] -- Installing: /home/olympusforge/ros2_frost/install/ydlidar_sdk/share/YDLIDAR_SDK/doc/images/sdk_architecture.png
[0.597s] -- Installing: /home/olympusforge/ros2_frost/install/ydlidar_sdk/share/YDLIDAR_SDK/doc/images/FlowChart.png
[0.597s] -- Installing: /home/olympusforge/ros2_frost/install/ydlidar_sdk/share/YDLIDAR_SDK/doc/images/system_workflow.png
[0.597s] -- Installing: /home/olympusforge/ros2_frost/install/ydlidar_sdk/share/YDLIDAR_SDK/doc/images/EAI.png
[0.597s] -- Installing: /home/olympusforge/ros2_frost/install/ydlidar_sdk/share/YDLIDAR_SDK/doc/images/frame.png
[0.597s] -- Installing: /home/olympusforge/ros2_frost/install/ydlidar_sdk/share/YDLIDAR_SDK/doc/images/communication_mechanism.png
[0.598s] -- Installing: /home/olympusforge/ros2_frost/install/ydlidar_sdk/share/YDLIDAR_SDK/doc/images/sdk_init.png
[0.598s] -- Installing: /home/olympusforge/ros2_frost/install/ydlidar_sdk/share/YDLIDAR_SDK/doc/images/YDLidar.jpg
[0.598s] -- Installing: /home/olympusforge/ros2_frost/install/ydlidar_sdk/share/YDLIDAR_SDK/doc/images/angle_q2.png
[0.598s] -- Installing: /home/olympusforge/ros2_frost/install/ydlidar_sdk/share/YDLIDAR_SDK/doc/images/sequence.png
[0.598s] -- Installing: /home/olympusforge/ros2_frost/install/ydlidar_sdk/share/YDLIDAR_SDK/doc/images/YDLidar.png
[0.598s] -- Installing: /home/olympusforge/ros2_frost/install/ydlidar_sdk/share/YDLIDAR_SDK/doc/images/frame_intensity.png
[0.598s] -- Installing: /home/olympusforge/ros2_frost/install/ydlidar_sdk/share/YDLIDAR_SDK/doc/images/sdk_scanning.png
[0.598s] -- Installing: /home/olympusforge/ros2_frost/install/ydlidar_sdk/share/YDLIDAR_SDK/doc/README.md
[0.598s] -- Installing: /home/olympusforge/ros2_frost/install/ydlidar_sdk/startup/initenv.sh
[0.598s] -- Installing: /home/olympusforge/ros2_frost/install/ydlidar_sdk/bin/et_test
[0.598s] -- Installing: /home/olympusforge/ros2_frost/install/ydlidar_sdk/bin/gs_ota
[0.598s] -- Installing: /home/olympusforge/ros2_frost/install/ydlidar_sdk/bin/gs_test
[0.598s] -- Installing: /home/olympusforge/ros2_frost/install/ydlidar_sdk/bin/gs_test2
[0.598s] -- Installing: /home/olympusforge/ros2_frost/install/ydlidar_sdk/bin/scl_test
[0.598s] -- Installing: /home/olympusforge/ros2_frost/install/ydlidar_sdk/bin/sdm18_test
[0.598s] -- Installing: /home/olympusforge/ros2_frost/install/ydlidar_sdk/bin/sdm_test
[0.598s] -- Installing: /home/olympusforge/ros2_frost/install/ydlidar_sdk/bin/tea_test
[0.598s] -- Installing: /home/olympusforge/ros2_frost/install/ydlidar_sdk/bin/tmini_test
[0.598s] -- Installing: /home/olympusforge/ros2_frost/install/ydlidar_sdk/bin/tof_test
[0.599s] -- Installing: /home/olympusforge/ros2_frost/install/ydlidar_sdk/bin/tri_and_gs_test
[0.599s] -- Installing: /home/olympusforge/ros2_frost/install/ydlidar_sdk/bin/tri_restart
[0.599s] -- Installing: /home/olympusforge/ros2_frost/install/ydlidar_sdk/bin/tri_test
[0.599s] -- Installing: /home/olympusforge/ros2_frost/install/ydlidar_sdk/bin/lidar_c_api_test
[0.602s] Invoked command in '/home/olympusforge/ros2_frost/build/ydlidar_sdk' returned '0': /usr/bin/cmake --install /home/olympusforge/ros2_frost/build/ydlidar_sdk
