[0.174s] Invoking command in '/home/olympusforge/ros2_frost/build/v4l2_camera': CMAKE_PREFIX_PATH=${CMAKE_PREFIX_PATH}:/home/olympusforge/ros2_frost/install/tortoisebot_control:/opt/ros/humble /usr/bin/cmake /home/olympusforge/ros2_frost/src/tortoisebot/v4l2_camera -DCMAKE_INSTALL_PREFIX=/home/olympusforge/ros2_frost/install/v4l2_camera
[0.238s] -- Found ament_cmake: 1.3.11 (/opt/ros/humble/share/ament_cmake/cmake)
[0.514s] -- Override CMake install command with custom implementation using symlinks instead of copying resources
[0.522s] -- Found ament_cmake_ros: 0.10.0 (/opt/ros/humble/share/ament_cmake_ros/cmake)
[0.528s] -- Found rclcpp: 16.0.11 (/opt/ros/humble/share/rclcpp/cmake)
[0.582s] -- Found rosidl_generator_c: 3.1.6 (/opt/ros/humble/share/rosidl_generator_c/cmake)
[0.582s] -- Found rosidl_adapter: 3.1.6 (/opt/ros/humble/share/rosidl_adapter/cmake)
[0.582s] -- Found rosidl_generator_cpp: 3.1.6 (/opt/ros/humble/share/rosidl_generator_cpp/cmake)
[0.583s] -- Using all available rosidl_typesupport_c: rosidl_typesupport_fastrtps_c;rosidl_typesupport_introspection_c
[0.595s] -- Using all available rosidl_typesupport_cpp: rosidl_typesupport_fastrtps_cpp;rosidl_typesupport_introspection_cpp
[0.619s] -- Found rmw_implementation_cmake: 6.1.2 (/opt/ros/humble/share/rmw_implementation_cmake/cmake)
[0.620s] -- Found rmw_fastrtps_cpp: 6.2.7 (/opt/ros/humble/share/rmw_fastrtps_cpp/cmake)
[0.763s] -- Using RMW implementation 'rmw_fastrtps_cpp' as default
[0.892s] -- Found rclcpp_components: 16.0.11 (/opt/ros/humble/share/rclcpp_components/cmake)
[0.914s] -- Found camera_info_manager: 3.1.10 (/opt/ros/humble/share/camera_info_manager/cmake)
[0.963s] -- Found cv_bridge: 3.2.1 (/opt/ros/humble/share/cv_bridge/cmake)
[0.981s] -- Found image_transport: 3.1.10 (/opt/ros/humble/share/image_transport/cmake)
[1.022s] -- Found ament_lint_auto: 0.12.11 (/opt/ros/humble/share/ament_lint_auto/cmake)
[1.222s] -- Added test 'cppcheck' to perform static code analysis on C / C++ code
[1.222s] -- Configured cppcheck include dirs: $<BUILD_INTERFACE:/home/olympusforge/ros2_frost/src/tortoisebot/v4l2_camera/include>
[1.222s] -- Configured cppcheck exclude dirs and/or files: 
[1.222s] -- Added test 'cpplint' to check C / C++ code against the Google style
[1.222s] -- Configured cpplint exclude dirs and/or files: 
[1.222s] -- Added test 'lint_cmake' to check CMake code style
[1.222s] -- Added test 'uncrustify' to check C / C++ code style
[1.222s] -- Configured uncrustify additional arguments: 
[1.222s] -- Added test 'xmllint' to check XML markup files
[1.271s] -- Configuring done
[1.394s] -- Generating done
[1.415s] -- Build files have been written to: /home/olympusforge/ros2_frost/build/v4l2_camera
[1.473s] Invoked command in '/home/olympusforge/ros2_frost/build/v4l2_camera' returned '0': CMAKE_PREFIX_PATH=${CMAKE_PREFIX_PATH}:/home/olympusforge/ros2_frost/install/tortoisebot_control:/opt/ros/humble /usr/bin/cmake /home/olympusforge/ros2_frost/src/tortoisebot/v4l2_camera -DCMAKE_INSTALL_PREFIX=/home/olympusforge/ros2_frost/install/v4l2_camera
[1.473s] Invoking command in '/home/olympusforge/ros2_frost/build/v4l2_camera': CMAKE_PREFIX_PATH=${CMAKE_PREFIX_PATH}:/home/olympusforge/ros2_frost/install/tortoisebot_control:/opt/ros/humble /usr/bin/cmake --build /home/olympusforge/ros2_frost/build/v4l2_camera -- -j8 -l8
[1.779s] [35m[1mConsolidate compiler generated dependencies of target v4l2_camera[0m
[1.779s] [ 50%] Built target v4l2_camera
[1.850s] [35m[1mConsolidate compiler generated dependencies of target v4l2_camera_compose_test[0m
[1.859s] [35m[1mConsolidate compiler generated dependencies of target v4l2_camera_node[0m
[1.860s] [ 75%] Built target v4l2_camera_compose_test
[1.881s] [100%] Built target v4l2_camera_node
[1.917s] Invoked command in '/home/olympusforge/ros2_frost/build/v4l2_camera' returned '0': CMAKE_PREFIX_PATH=${CMAKE_PREFIX_PATH}:/home/olympusforge/ros2_frost/install/tortoisebot_control:/opt/ros/humble /usr/bin/cmake --build /home/olympusforge/ros2_frost/build/v4l2_camera -- -j8 -l8
[1.950s] Invoking command in '/home/olympusforge/ros2_frost/build/v4l2_camera': CMAKE_PREFIX_PATH=${CMAKE_PREFIX_PATH}:/home/olympusforge/ros2_frost/install/tortoisebot_control:/opt/ros/humble /usr/bin/cmake --install /home/olympusforge/ros2_frost/build/v4l2_camera
[1.975s] -- Install configuration: ""
[1.975s] -- Execute custom install script
[1.975s] -- Up-to-date symlink: /home/olympusforge/ros2_frost/install/v4l2_camera/include/v4l2_camera/control.hpp
[1.975s] -- Up-to-date symlink: /home/olympusforge/ros2_frost/install/v4l2_camera/include/v4l2_camera/fourcc.hpp
[1.975s] -- Up-to-date symlink: /home/olympusforge/ros2_frost/install/v4l2_camera/include/v4l2_camera/image_format.hpp
[1.975s] -- Up-to-date symlink: /home/olympusforge/ros2_frost/install/v4l2_camera/include/v4l2_camera/parameters.hpp
[1.975s] -- Up-to-date symlink: /home/olympusforge/ros2_frost/install/v4l2_camera/include/v4l2_camera/pixel_format.hpp
[1.976s] -- Up-to-date symlink: /home/olympusforge/ros2_frost/install/v4l2_camera/include/v4l2_camera/v4l2_camera.hpp
[1.976s] -- Up-to-date symlink: /home/olympusforge/ros2_frost/install/v4l2_camera/include/v4l2_camera/v4l2_camera_device.hpp
[1.976s] -- Up-to-date symlink: /home/olympusforge/ros2_frost/install/v4l2_camera/include/v4l2_camera/visibility_control.h
[1.976s] -- Up-to-date symlink: /home/olympusforge/ros2_frost/install/v4l2_camera/share/v4l2_camera/environment/library_path.sh
[1.976s] -- Up-to-date symlink: /home/olympusforge/ros2_frost/install/v4l2_camera/share/v4l2_camera/environment/library_path.dsv
[1.976s] -- Up-to-date symlink: /home/olympusforge/ros2_frost/install/v4l2_camera/share/ament_index/resource_index/package_run_dependencies/v4l2_camera
[1.976s] -- Up-to-date symlink: /home/olympusforge/ros2_frost/install/v4l2_camera/share/ament_index/resource_index/parent_prefix_path/v4l2_camera
[1.976s] -- Up-to-date symlink: /home/olympusforge/ros2_frost/install/v4l2_camera/share/v4l2_camera/environment/ament_prefix_path.sh
[1.977s] -- Up-to-date symlink: /home/olympusforge/ros2_frost/install/v4l2_camera/share/v4l2_camera/environment/ament_prefix_path.dsv
[1.977s] -- Up-to-date symlink: /home/olympusforge/ros2_frost/install/v4l2_camera/share/v4l2_camera/environment/path.sh
[1.977s] -- Up-to-date symlink: /home/olympusforge/ros2_frost/install/v4l2_camera/share/v4l2_camera/environment/path.dsv
[1.977s] -- Up-to-date symlink: /home/olympusforge/ros2_frost/install/v4l2_camera/share/v4l2_camera/local_setup.bash
[1.977s] -- Up-to-date symlink: /home/olympusforge/ros2_frost/install/v4l2_camera/share/v4l2_camera/local_setup.sh
[1.977s] -- Up-to-date symlink: /home/olympusforge/ros2_frost/install/v4l2_camera/share/v4l2_camera/local_setup.zsh
[1.977s] -- Up-to-date symlink: /home/olympusforge/ros2_frost/install/v4l2_camera/share/v4l2_camera/local_setup.dsv
[1.977s] -- Symlinking: /home/olympusforge/ros2_frost/install/v4l2_camera/share/v4l2_camera/package.dsv
[1.977s] -- Up-to-date symlink: /home/olympusforge/ros2_frost/install/v4l2_camera/share/ament_index/resource_index/packages/v4l2_camera
[1.978s] -- Up-to-date symlink: /home/olympusforge/ros2_frost/install/v4l2_camera/share/ament_index/resource_index/rclcpp_components/v4l2_camera
[1.978s] -- Up-to-date symlink: /home/olympusforge/ros2_frost/install/v4l2_camera/share/v4l2_camera/cmake/ament_cmake_export_include_directories-extras.cmake
[1.978s] -- Up-to-date symlink: /home/olympusforge/ros2_frost/install/v4l2_camera/share/v4l2_camera/cmake/ament_cmake_export_targets-extras.cmake
[1.978s] -- Up-to-date symlink: /home/olympusforge/ros2_frost/install/v4l2_camera/share/v4l2_camera/cmake/ament_cmake_export_libraries-extras.cmake
[1.986s] -- Up-to-date symlink: /home/olympusforge/ros2_frost/install/v4l2_camera/share/v4l2_camera/cmake/ament_cmake_export_dependencies-extras.cmake
[1.986s] -- Up-to-date symlink: /home/olympusforge/ros2_frost/install/v4l2_camera/share/v4l2_camera/cmake/v4l2_cameraConfig.cmake
[1.986s] -- Up-to-date symlink: /home/olympusforge/ros2_frost/install/v4l2_camera/share/v4l2_camera/cmake/v4l2_cameraConfig-version.cmake
[1.986s] -- Up-to-date symlink: /home/olympusforge/ros2_frost/install/v4l2_camera/share/v4l2_camera/package.xml
[2.036s] -- Up-to-date: /home/olympusforge/ros2_frost/install/v4l2_camera/lib/libv4l2_camera.so
[2.037s] -- Up-to-date: /home/olympusforge/ros2_frost/install/v4l2_camera/lib/v4l2_camera/v4l2_camera_node
[2.037s] -- Up-to-date: /home/olympusforge/ros2_frost/install/v4l2_camera/lib/v4l2_camera/v4l2_camera_compose_test
[2.055s] -- Up-to-date: /home/olympusforge/ros2_frost/install/v4l2_camera/share/v4l2_camera/cmake/export_v4l2_cameraExport.cmake
[2.057s] -- Up-to-date: /home/olympusforge/ros2_frost/install/v4l2_camera/share/v4l2_camera/cmake/export_v4l2_cameraExport-noconfig.cmake
[2.088s] Invoked command in '/home/olympusforge/ros2_frost/build/v4l2_camera' returned '0': CMAKE_PREFIX_PATH=${CMAKE_PREFIX_PATH}:/home/olympusforge/ros2_frost/install/tortoisebot_control:/opt/ros/humble /usr/bin/cmake --install /home/olympusforge/ros2_frost/build/v4l2_camera
