[0.017s] Invoking command in '/home/olympusforge/ros2_frost/build/nav2_amcl': CMAKE_PREFIX_PATH=${CMAKE_PREFIX_PATH}:/home/olympusforge/ros2_frost/install/tortoisebot_control:/opt/ros/humble /usr/bin/cmake /home/olympusforge/ros2_frost/src/navigation2/nav2_amcl -DCMAKE_INSTALL_PREFIX=/home/olympusforge/ros2_frost/install/nav2_amcl
[0.241s] -- The C compiler identification is GNU 11.4.0
[0.449s] -- The CXX compiler identification is GNU 11.4.0
[0.468s] -- Detecting C compiler ABI info
[0.564s] -- Detecting C compiler ABI info - done
[0.569s] -- Check for working C compiler: /usr/bin/cc - skipped
[0.570s] -- Detecting C compile features
[0.572s] -- Detecting C compile features - done
[0.575s] -- Detecting CXX compiler ABI info
[0.674s] -- Detecting CXX compiler ABI info - done
[0.679s] -- Check for working CXX compiler: /usr/bin/c++ - skipped
[0.680s] -- Detecting CXX compile features
[0.680s] -- Detecting CXX compile features - done
[0.704s] -- Found ament_cmake: 1.3.11 (/opt/ros/humble/share/ament_cmake/cmake)
[0.840s] -- Found Python3: /usr/bin/python3 (found version "3.10.12") found components: Interpreter 
[0.975s] -- Found geometry_msgs: 4.2.4 (/opt/ros/humble/share/geometry_msgs/cmake)
[1.049s] -- Found rosidl_generator_c: 3.1.6 (/opt/ros/humble/share/rosidl_generator_c/cmake)
[1.057s] -- Found rosidl_adapter: 3.1.6 (/opt/ros/humble/share/rosidl_adapter/cmake)
[1.072s] -- Found rosidl_generator_cpp: 3.1.6 (/opt/ros/humble/share/rosidl_generator_cpp/cmake)
[1.097s] -- Using all available rosidl_typesupport_c: rosidl_typesupport_fastrtps_c;rosidl_typesupport_introspection_c
[1.122s] -- Using all available rosidl_typesupport_cpp: rosidl_typesupport_fastrtps_cpp;rosidl_typesupport_introspection_cpp
[1.183s] -- Found message_filters: 4.3.5 (/opt/ros/humble/share/message_filters/cmake)
[1.279s] -- Found rmw_implementation_cmake: 6.1.2 (/opt/ros/humble/share/rmw_implementation_cmake/cmake)
[1.288s] -- Found rmw_fastrtps_cpp: 6.2.7 (/opt/ros/humble/share/rmw_fastrtps_cpp/cmake)
[1.437s] -- Found OpenSSL: /usr/lib/x86_64-linux-gnu/libcrypto.so (found version "3.0.2")  
[1.462s] -- Found FastRTPS: /opt/ros/humble/include  
[1.495s] -- Using RMW implementation 'rmw_fastrtps_cpp' as default
[1.514s] -- Looking for pthread.h
[1.628s] -- Looking for pthread.h - found
[1.628s] -- Performing Test CMAKE_HAVE_LIBC_PTHREAD
[1.748s] -- Performing Test CMAKE_HAVE_LIBC_PTHREAD - Success
[1.748s] -- Found Threads: TRUE  
[1.826s] -- Found nav_msgs: 4.2.4 (/opt/ros/humble/share/nav_msgs/cmake)
[1.856s] -- Found nav2_common: 1.1.18 (/opt/ros/humble/share/nav2_common/cmake)
[1.860s] -- Found nav2_msgs: 1.1.18 (/opt/ros/humble/share/nav2_msgs/cmake)
[1.942s] -- Found nav2_util: 1.1.18 (/opt/ros/humble/share/nav2_util/cmake)
[2.130s] -- Found eigen3_cmake_module: 0.1.1 (/opt/ros/humble/share/eigen3_cmake_module/cmake)
[2.132s] -- Found Eigen3: TRUE (found version "3.4.0") 
[2.135s] -- Ensuring Eigen3 include directory is part of orocos-kdl CMake target
[2.219s] -- Found pluginlib: 5.1.0 (/opt/ros/humble/share/pluginlib/cmake)
[2.237s] -- Found sensor_msgs: 4.2.4 (/opt/ros/humble/share/sensor_msgs/cmake)
[2.262s] -- Found std_srvs: 4.2.4 (/opt/ros/humble/share/std_srvs/cmake)
[2.282s] -- Setting build type to Release as none was specified.
[2.283s] -- Looking for drand48
[2.376s] -- Looking for drand48 - found
[2.380s] -- Found ament_lint_auto: 0.12.11 (/opt/ros/humble/share/ament_lint_auto/cmake)
[2.477s] -- Added test 'cppcheck' to perform static code analysis on C / C++ code
[2.478s] -- Configured cppcheck include dirs: $<BUILD_INTERFACE:/home/olympusforge/ros2_frost/src/navigation2/nav2_amcl/include>
[2.478s] -- Configured cppcheck exclude dirs and/or files: 
[2.480s] -- Added test 'lint_cmake' to check CMake code style
[2.483s] -- Added test 'uncrustify' to check C / C++ code style
[2.483s] -- Configured uncrustify additional arguments: 
[2.484s] -- Added test 'xmllint' to check XML markup files
[2.495s] -- Configuring done
[2.505s] [31mCMake Error at CMakeLists.txt:57 (add_library):
[2.505s]   Target "motions_lib" links to target "nav2_util::nav2_util_core" but the
[2.505s]   target was not found.  Perhaps a find_package() call is missing for an
[2.505s]   IMPORTED target, or an ALIAS target is missing?
[2.505s] 
[2.505s] [0m
[2.505s] [31mCMake Error at CMakeLists.txt:90 (add_library):
[2.505s]   Target "amcl_core" links to target "nav2_util::nav2_util_core" but the
[2.505s]   target was not found.  Perhaps a find_package() call is missing for an
[2.505s]   IMPORTED target, or an ALIAS target is missing?
[2.506s] 
[2.506s] [0m
[2.506s] [31mCMake Error at CMakeLists.txt:120 (add_executable):
[2.506s]   Target "amcl" links to target "nav2_util::nav2_util_core" but the target
[2.506s]   was not found.  Perhaps a find_package() call is missing for an IMPORTED
[2.506s]   target, or an ALIAS target is missing?
[2.506s] 
[2.506s] [0m
[2.526s] -- Generating done
[2.526s] [0mCMake Generate step failed.  Build files cannot be regenerated correctly.[0m
[2.536s] Invoked command in '/home/olympusforge/ros2_frost/build/nav2_amcl' returned '1': CMAKE_PREFIX_PATH=${CMAKE_PREFIX_PATH}:/home/olympusforge/ros2_frost/install/tortoisebot_control:/opt/ros/humble /usr/bin/cmake /home/olympusforge/ros2_frost/src/navigation2/nav2_amcl -DCMAKE_INSTALL_PREFIX=/home/olympusforge/ros2_frost/install/nav2_amcl
