[0.228s] Invoking command in '/home/olympusforge/ros2_frost/build/tortoisebot_firmware': CMAKE_PREFIX_PATH=${CMAKE_PREFIX_PATH}:/home/olympusforge/ros2_frost/install/tortoisebot_control:/opt/ros/humble /usr/bin/cmake /home/olympusforge/ros2_frost/src/tortoisebot/tortoisebot_firmware -DAMENT_CMAKE_SYMLINK_INSTALL=1 -DCMAKE_INSTALL_PREFIX=/home/olympusforge/ros2_frost/install/tortoisebot_firmware
[0.296s] -- The C compiler identification is GNU 11.4.0
[0.367s] -- The CXX compiler identification is GNU 11.4.0
[0.372s] -- Detecting C compiler ABI info
[0.499s] -- Detecting C compiler ABI info - done
[0.507s] -- Check for working C compiler: /usr/bin/cc - skipped
[0.507s] -- Detecting C compile features
[0.508s] -- Detecting C compile features - done
[0.509s] -- Detecting CXX compiler ABI info
[0.692s] -- Detecting CXX compiler ABI info - done
[0.702s] -- Check for working CXX compiler: /usr/bin/c++ - skipped
[0.703s] -- Detecting CXX compile features
[0.705s] -- Detecting CXX compile features - done
[0.721s] -- Found ament_cmake: 1.3.11 (/opt/ros/humble/share/ament_cmake/cmake)
[0.868s] -- Found Python3: /usr/bin/python3 (found version "3.10.12") found components: Interpreter 
[0.935s] -- Override CMake install command with custom implementation using symlinks instead of copying resources
[0.978s] -- Found rclcpp: 16.0.11 (/opt/ros/humble/share/rclcpp/cmake)
[1.008s] -- Found rosidl_generator_c: 3.1.6 (/opt/ros/humble/share/rosidl_generator_c/cmake)
[1.012s] -- Found rosidl_adapter: 3.1.6 (/opt/ros/humble/share/rosidl_adapter/cmake)
[1.018s] -- Found rosidl_generator_cpp: 3.1.6 (/opt/ros/humble/share/rosidl_generator_cpp/cmake)
[1.030s] -- Using all available rosidl_typesupport_c: rosidl_typesupport_fastrtps_c;rosidl_typesupport_introspection_c
[1.043s] -- Using all available rosidl_typesupport_cpp: rosidl_typesupport_fastrtps_cpp;rosidl_typesupport_introspection_cpp
[1.094s] -- Found rmw_implementation_cmake: 6.1.2 (/opt/ros/humble/share/rmw_implementation_cmake/cmake)
[1.094s] -- Found rmw_fastrtps_cpp: 6.2.7 (/opt/ros/humble/share/rmw_fastrtps_cpp/cmake)
[1.222s] -- Found OpenSSL: /usr/lib/x86_64-linux-gnu/libcrypto.so (found version "3.0.2")  
[1.274s] -- Found FastRTPS: /opt/ros/humble/include  
[1.315s] -- Using RMW implementation 'rmw_fastrtps_cpp' as default
[1.321s] -- Looking for pthread.h
[1.517s] -- Looking for pthread.h - found
[1.518s] -- Performing Test CMAKE_HAVE_LIBC_PTHREAD
[1.661s] -- Performing Test CMAKE_HAVE_LIBC_PTHREAD - Success
[1.661s] -- Found Threads: TRUE  
[1.744s] -- Found rclpy: 3.3.15 (/opt/ros/humble/share/rclpy/cmake)
[1.744s] -- Found ament_lint_auto: 0.12.11 (/opt/ros/humble/share/ament_lint_auto/cmake)
[1.832s] -- Added test 'copyright' to check source files copyright and LICENSE
[1.833s] -- Added test 'flake8' to check Python code syntax and style conventions
[1.836s] -- Added test 'lint_cmake' to check CMake code style
[1.836s] -- Added test 'pep257' to check Python code against some of the docstring style conventions in PEP 257
[1.837s] -- Added test 'xmllint' to check XML markup files
[1.837s] -- Configuring done
[1.842s] -- Generating done
[1.849s] -- Build files have been written to: /home/olympusforge/ros2_frost/build/tortoisebot_firmware
[1.852s] Invoked command in '/home/olympusforge/ros2_frost/build/tortoisebot_firmware' returned '0': CMAKE_PREFIX_PATH=${CMAKE_PREFIX_PATH}:/home/olympusforge/ros2_frost/install/tortoisebot_control:/opt/ros/humble /usr/bin/cmake /home/olympusforge/ros2_frost/src/tortoisebot/tortoisebot_firmware -DAMENT_CMAKE_SYMLINK_INSTALL=1 -DCMAKE_INSTALL_PREFIX=/home/olympusforge/ros2_frost/install/tortoisebot_firmware
[1.854s] Invoking command in '/home/olympusforge/ros2_frost/build/tortoisebot_firmware': CMAKE_PREFIX_PATH=${CMAKE_PREFIX_PATH}:/home/olympusforge/ros2_frost/install/tortoisebot_control:/opt/ros/humble /usr/bin/cmake --build /home/olympusforge/ros2_frost/build/tortoisebot_firmware -- -j8 -l8
[1.930s] Built target ament_cmake_python_symlink_tortoisebot_firmware
[2.077s] running egg_info
[2.083s] creating tortoisebot_firmware.egg-info
[2.095s] writing tortoisebot_firmware.egg-info/PKG-INFO
[2.095s] writing dependency_links to tortoisebot_firmware.egg-info/dependency_links.txt
[2.095s] writing top-level names to tortoisebot_firmware.egg-info/top_level.txt
[2.095s] writing manifest file 'tortoisebot_firmware.egg-info/SOURCES.txt'
[2.097s] reading manifest file 'tortoisebot_firmware.egg-info/SOURCES.txt'
[2.114s] writing manifest file 'tortoisebot_firmware.egg-info/SOURCES.txt'
[2.129s] Built target ament_cmake_python_build_tortoisebot_firmware_egg
[2.146s] Invoked command in '/home/olympusforge/ros2_frost/build/tortoisebot_firmware' returned '0': CMAKE_PREFIX_PATH=${CMAKE_PREFIX_PATH}:/home/olympusforge/ros2_frost/install/tortoisebot_control:/opt/ros/humble /usr/bin/cmake --build /home/olympusforge/ros2_frost/build/tortoisebot_firmware -- -j8 -l8
[2.150s] Invoking command in '/home/olympusforge/ros2_frost/build/tortoisebot_firmware': CMAKE_PREFIX_PATH=${CMAKE_PREFIX_PATH}:/home/olympusforge/ros2_frost/install/tortoisebot_control:/opt/ros/humble /usr/bin/cmake --install /home/olympusforge/ros2_frost/build/tortoisebot_firmware
[2.162s] -- Install configuration: ""
[2.162s] -- Execute custom install script
[2.162s] -- Symlinking: /home/olympusforge/ros2_frost/install/tortoisebot_firmware/share/tortoisebot_firmware/environment/pythonpath.sh
[2.173s] -- Symlinking: /home/olympusforge/ros2_frost/install/tortoisebot_firmware/share/tortoisebot_firmware/environment/pythonpath.dsv
[2.182s] -- Symlinking: /home/olympusforge/ros2_frost/install/tortoisebot_firmware/local/lib/python3.10/dist-packages/tortoisebot_firmware-0.0.0-py3.10.egg-info/PKG-INFO
[2.193s] -- Symlinking: /home/olympusforge/ros2_frost/install/tortoisebot_firmware/local/lib/python3.10/dist-packages/tortoisebot_firmware-0.0.0-py3.10.egg-info/SOURCES.txt
[2.211s] -- Symlinking: /home/olympusforge/ros2_frost/install/tortoisebot_firmware/local/lib/python3.10/dist-packages/tortoisebot_firmware-0.0.0-py3.10.egg-info/dependency_links.txt
[2.221s] -- Symlinking: /home/olympusforge/ros2_frost/install/tortoisebot_firmware/local/lib/python3.10/dist-packages/tortoisebot_firmware-0.0.0-py3.10.egg-info/top_level.txt
[2.242s] -- Symlinking: /home/olympusforge/ros2_frost/install/tortoisebot_firmware/local/lib/python3.10/dist-packages/tortoisebot_firmware/__init__.py
[2.253s] -- Symlinking: /home/olympusforge/ros2_frost/install/tortoisebot_firmware/lib/tortoisebot_firmware/differential.py
[2.263s] -- Symlinking: /home/olympusforge/ros2_frost/install/tortoisebot_firmware/share/ament_index/resource_index/package_run_dependencies/tortoisebot_firmware
[2.286s] -- Symlinking: /home/olympusforge/ros2_frost/install/tortoisebot_firmware/share/ament_index/resource_index/parent_prefix_path/tortoisebot_firmware
[2.309s] -- Symlinking: /home/olympusforge/ros2_frost/install/tortoisebot_firmware/share/tortoisebot_firmware/environment/ament_prefix_path.sh
[2.359s] -- Symlinking: /home/olympusforge/ros2_frost/install/tortoisebot_firmware/share/tortoisebot_firmware/environment/ament_prefix_path.dsv
[2.373s] -- Symlinking: /home/olympusforge/ros2_frost/install/tortoisebot_firmware/share/tortoisebot_firmware/environment/path.sh
[2.421s] -- Symlinking: /home/olympusforge/ros2_frost/install/tortoisebot_firmware/share/tortoisebot_firmware/environment/path.dsv
[2.429s] -- Symlinking: /home/olympusforge/ros2_frost/install/tortoisebot_firmware/share/tortoisebot_firmware/local_setup.bash
[2.472s] -- Symlinking: /home/olympusforge/ros2_frost/install/tortoisebot_firmware/share/tortoisebot_firmware/local_setup.sh
[2.492s] -- Symlinking: /home/olympusforge/ros2_frost/install/tortoisebot_firmware/share/tortoisebot_firmware/local_setup.zsh
[2.511s] -- Symlinking: /home/olympusforge/ros2_frost/install/tortoisebot_firmware/share/tortoisebot_firmware/local_setup.dsv
[2.592s] -- Symlinking: /home/olympusforge/ros2_frost/install/tortoisebot_firmware/share/tortoisebot_firmware/package.dsv
[2.778s] -- Symlinking: /home/olympusforge/ros2_frost/install/tortoisebot_firmware/share/ament_index/resource_index/packages/tortoisebot_firmware
[2.778s] -- Symlinking: /home/olympusforge/ros2_frost/install/tortoisebot_firmware/share/tortoisebot_firmware/cmake/tortoisebot_firmwareConfig.cmake
[2.778s] -- Symlinking: /home/olympusforge/ros2_frost/install/tortoisebot_firmware/share/tortoisebot_firmware/cmake/tortoisebot_firmwareConfig-version.cmake
[2.810s] -- Symlinking: /home/olympusforge/ros2_frost/install/tortoisebot_firmware/share/tortoisebot_firmware/package.xml
[2.874s] Listing '/home/olympusforge/ros2_frost/install/tortoisebot_firmware/local/lib/python3.10/dist-packages/tortoisebot_firmware'...
[2.876s] Compiling '/home/olympusforge/ros2_frost/install/tortoisebot_firmware/local/lib/python3.10/dist-packages/tortoisebot_firmware/__init__.py'...
[2.896s] Invoked command in '/home/olympusforge/ros2_frost/build/tortoisebot_firmware' returned '0': CMAKE_PREFIX_PATH=${CMAKE_PREFIX_PATH}:/home/olympusforge/ros2_frost/install/tortoisebot_control:/opt/ros/humble /usr/bin/cmake --install /home/olympusforge/ros2_frost/build/tortoisebot_firmware
