[0.259s] Invoking command in '/home/olympusforge/ros2_frost/build/tortoisebot_slam': CMAKE_PREFIX_PATH=${CMAKE_PREFIX_PATH}:/home/olympusforge/ros2_frost/install/tortoisebot_control:/opt/ros/humble /usr/bin/cmake /home/olympusforge/ros2_frost/src/tortoisebot/tortoisebot_slam -DAMENT_CMAKE_SYMLINK_INSTALL=1 -DCMAKE_INSTALL_PREFIX=/home/olympusforge/ros2_frost/install/tortoisebot_slam
[0.268s] -- Found ament_cmake: 1.3.11 (/opt/ros/humble/share/ament_cmake/cmake)
[0.421s] -- Override CMake install command with custom implementation using symlinks instead of copying resources
[0.435s] -- Found ament_lint_auto: 0.12.11 (/opt/ros/humble/share/ament_lint_auto/cmake)
[0.541s] -- Added test 'copyright' to check source files copyright and LICENSE
[0.541s] -- Added test 'flake8' to check Python code syntax and style conventions
[0.541s] -- Added test 'lint_cmake' to check CMake code style
[0.541s] -- Added test 'pep257' to check Python code against some of the docstring style conventions in PEP 257
[0.541s] -- Added test 'xmllint' to check XML markup files
[0.541s] -- Configuring done
[0.543s] -- Generating done
[0.558s] -- Build files have been written to: /home/olympusforge/ros2_frost/build/tortoisebot_slam
[0.639s] Invoked command in '/home/olympusforge/ros2_frost/build/tortoisebot_slam' returned '0': CMAKE_PREFIX_PATH=${CMAKE_PREFIX_PATH}:/home/olympusforge/ros2_frost/install/tortoisebot_control:/opt/ros/humble /usr/bin/cmake /home/olympusforge/ros2_frost/src/tortoisebot/tortoisebot_slam -DAMENT_CMAKE_SYMLINK_INSTALL=1 -DCMAKE_INSTALL_PREFIX=/home/olympusforge/ros2_frost/install/tortoisebot_slam
[0.639s] Invoking command in '/home/olympusforge/ros2_frost/build/tortoisebot_slam': CMAKE_PREFIX_PATH=${CMAKE_PREFIX_PATH}:/home/olympusforge/ros2_frost/install/tortoisebot_control:/opt/ros/humble /usr/bin/cmake --build /home/olympusforge/ros2_frost/build/tortoisebot_slam -- -j8 -l8
[0.807s] Invoked command in '/home/olympusforge/ros2_frost/build/tortoisebot_slam' returned '0': CMAKE_PREFIX_PATH=${CMAKE_PREFIX_PATH}:/home/olympusforge/ros2_frost/install/tortoisebot_control:/opt/ros/humble /usr/bin/cmake --build /home/olympusforge/ros2_frost/build/tortoisebot_slam -- -j8 -l8
[0.807s] Invoking command in '/home/olympusforge/ros2_frost/build/tortoisebot_slam': CMAKE_PREFIX_PATH=${CMAKE_PREFIX_PATH}:/home/olympusforge/ros2_frost/install/tortoisebot_control:/opt/ros/humble /usr/bin/cmake --install /home/olympusforge/ros2_frost/build/tortoisebot_slam
[0.885s] -- Install configuration: ""
[0.885s] -- Execute custom install script
[0.885s] -- Up-to-date symlink: /home/olympusforge/ros2_frost/install/tortoisebot_slam/share/tortoisebot_slam/launch/cartographer.launch.py
[0.885s] -- Up-to-date symlink: /home/olympusforge/ros2_frost/install/tortoisebot_slam/share/tortoisebot_slam/config/ekf.yaml
[0.885s] -- Up-to-date symlink: /home/olympusforge/ros2_frost/install/tortoisebot_slam/share/tortoisebot_slam/config/slam.lua
[0.885s] -- Up-to-date symlink: /home/olympusforge/ros2_frost/install/tortoisebot_slam/share/ament_index/resource_index/package_run_dependencies/tortoisebot_slam
[0.885s] -- Up-to-date symlink: /home/olympusforge/ros2_frost/install/tortoisebot_slam/share/ament_index/resource_index/parent_prefix_path/tortoisebot_slam
[0.885s] -- Up-to-date symlink: /home/olympusforge/ros2_frost/install/tortoisebot_slam/share/tortoisebot_slam/environment/ament_prefix_path.sh
[0.885s] -- Up-to-date symlink: /home/olympusforge/ros2_frost/install/tortoisebot_slam/share/tortoisebot_slam/environment/ament_prefix_path.dsv
[0.885s] -- Up-to-date symlink: /home/olympusforge/ros2_frost/install/tortoisebot_slam/share/tortoisebot_slam/environment/path.sh
[0.885s] -- Up-to-date symlink: /home/olympusforge/ros2_frost/install/tortoisebot_slam/share/tortoisebot_slam/environment/path.dsv
[0.885s] -- Up-to-date symlink: /home/olympusforge/ros2_frost/install/tortoisebot_slam/share/tortoisebot_slam/local_setup.bash
[0.885s] -- Up-to-date symlink: /home/olympusforge/ros2_frost/install/tortoisebot_slam/share/tortoisebot_slam/local_setup.sh
[0.885s] -- Up-to-date symlink: /home/olympusforge/ros2_frost/install/tortoisebot_slam/share/tortoisebot_slam/local_setup.zsh
[0.885s] -- Up-to-date symlink: /home/olympusforge/ros2_frost/install/tortoisebot_slam/share/tortoisebot_slam/local_setup.dsv
[0.885s] -- Symlinking: /home/olympusforge/ros2_frost/install/tortoisebot_slam/share/tortoisebot_slam/package.dsv
[0.930s] -- Up-to-date symlink: /home/olympusforge/ros2_frost/install/tortoisebot_slam/share/ament_index/resource_index/packages/tortoisebot_slam
[0.930s] -- Up-to-date symlink: /home/olympusforge/ros2_frost/install/tortoisebot_slam/share/tortoisebot_slam/cmake/tortoisebot_slamConfig.cmake
[0.930s] -- Up-to-date symlink: /home/olympusforge/ros2_frost/install/tortoisebot_slam/share/tortoisebot_slam/cmake/tortoisebot_slamConfig-version.cmake
[0.930s] -- Up-to-date symlink: /home/olympusforge/ros2_frost/install/tortoisebot_slam/share/tortoisebot_slam/package.xml
[1.004s] Invoked command in '/home/olympusforge/ros2_frost/build/tortoisebot_slam' returned '0': CMAKE_PREFIX_PATH=${CMAKE_PREFIX_PATH}:/home/olympusforge/ros2_frost/install/tortoisebot_control:/opt/ros/humble /usr/bin/cmake --install /home/olympusforge/ros2_frost/build/tortoisebot_slam
