[0.336s] Invoking command in '/home/olympusforge/ros2_frost/build/v4l2_camera': CMAKE_PREFIX_PATH=${CMAKE_PREFIX_PATH}:/home/olympusforge/ros2_frost/install/tortoisebot_control:/opt/ros/humble /usr/bin/cmake --build /home/olympusforge/ros2_frost/build/v4l2_camera -- -j8 -l8
[0.744s] [ 50%] Built target v4l2_camera
[0.890s] [ 75%] Built target v4l2_camera_compose_test
[0.916s] [100%] Built target v4l2_camera_node
[0.988s] Invoked command in '/home/olympusforge/ros2_frost/build/v4l2_camera' returned '0': CMAKE_PREFIX_PATH=${CMAKE_PREFIX_PATH}:/home/olympusforge/ros2_frost/install/tortoisebot_control:/opt/ros/humble /usr/bin/cmake --build /home/olympusforge/ros2_frost/build/v4l2_camera -- -j8 -l8
[0.989s] Invoking command in '/home/olympusforge/ros2_frost/build/v4l2_camera': CMAKE_PREFIX_PATH=${CMAKE_PREFIX_PATH}:/home/olympusforge/ros2_frost/install/tortoisebot_control:/opt/ros/humble /usr/bin/cmake --install /home/olympusforge/ros2_frost/build/v4l2_camera
[0.998s] -- Install configuration: ""
[1.012s] -- Execute custom install script
[1.012s] -- Up-to-date symlink: /home/olympusforge/ros2_frost/install/v4l2_camera/include/v4l2_camera/control.hpp
[1.016s] -- Up-to-date symlink: /home/olympusforge/ros2_frost/install/v4l2_camera/include/v4l2_camera/fourcc.hpp
[1.017s] -- Up-to-date symlink: /home/olympusforge/ros2_frost/install/v4l2_camera/include/v4l2_camera/image_format.hpp
[1.017s] -- Up-to-date symlink: /home/olympusforge/ros2_frost/install/v4l2_camera/include/v4l2_camera/parameters.hpp
[1.018s] -- Up-to-date symlink: /home/olympusforge/ros2_frost/install/v4l2_camera/include/v4l2_camera/pixel_format.hpp
[1.018s] -- Up-to-date symlink: /home/olympusforge/ros2_frost/install/v4l2_camera/include/v4l2_camera/v4l2_camera.hpp
[1.018s] -- Up-to-date symlink: /home/olympusforge/ros2_frost/install/v4l2_camera/include/v4l2_camera/v4l2_camera_device.hpp
[1.018s] -- Up-to-date symlink: /home/olympusforge/ros2_frost/install/v4l2_camera/include/v4l2_camera/visibility_control.h
[1.018s] -- Up-to-date symlink: /home/olympusforge/ros2_frost/install/v4l2_camera/share/v4l2_camera/environment/library_path.sh
[1.018s] -- Up-to-date symlink: /home/olympusforge/ros2_frost/install/v4l2_camera/share/v4l2_camera/environment/library_path.dsv
[1.019s] -- Up-to-date symlink: /home/olympusforge/ros2_frost/install/v4l2_camera/share/ament_index/resource_index/package_run_dependencies/v4l2_camera
[1.019s] -- Up-to-date symlink: /home/olympusforge/ros2_frost/install/v4l2_camera/share/ament_index/resource_index/parent_prefix_path/v4l2_camera
[1.019s] -- Up-to-date symlink: /home/olympusforge/ros2_frost/install/v4l2_camera/share/v4l2_camera/environment/ament_prefix_path.sh
[1.019s] -- Up-to-date symlink: /home/olympusforge/ros2_frost/install/v4l2_camera/share/v4l2_camera/environment/ament_prefix_path.dsv
[1.019s] -- Up-to-date symlink: /home/olympusforge/ros2_frost/install/v4l2_camera/share/v4l2_camera/environment/path.sh
[1.019s] -- Up-to-date symlink: /home/olympusforge/ros2_frost/install/v4l2_camera/share/v4l2_camera/environment/path.dsv
[1.020s] -- Up-to-date symlink: /home/olympusforge/ros2_frost/install/v4l2_camera/share/v4l2_camera/local_setup.bash
[1.020s] -- Up-to-date symlink: /home/olympusforge/ros2_frost/install/v4l2_camera/share/v4l2_camera/local_setup.sh
[1.020s] -- Up-to-date symlink: /home/olympusforge/ros2_frost/install/v4l2_camera/share/v4l2_camera/local_setup.zsh
[1.020s] -- Up-to-date symlink: /home/olympusforge/ros2_frost/install/v4l2_camera/share/v4l2_camera/local_setup.dsv
[1.021s] -- Symlinking: /home/olympusforge/ros2_frost/install/v4l2_camera/share/v4l2_camera/package.dsv
[1.046s] -- Up-to-date symlink: /home/olympusforge/ros2_frost/install/v4l2_camera/share/ament_index/resource_index/packages/v4l2_camera
[1.046s] -- Up-to-date symlink: /home/olympusforge/ros2_frost/install/v4l2_camera/share/ament_index/resource_index/rclcpp_components/v4l2_camera
[1.046s] -- Up-to-date symlink: /home/olympusforge/ros2_frost/install/v4l2_camera/share/v4l2_camera/cmake/ament_cmake_export_include_directories-extras.cmake
[1.046s] -- Up-to-date symlink: /home/olympusforge/ros2_frost/install/v4l2_camera/share/v4l2_camera/cmake/ament_cmake_export_targets-extras.cmake
[1.046s] -- Up-to-date symlink: /home/olympusforge/ros2_frost/install/v4l2_camera/share/v4l2_camera/cmake/ament_cmake_export_libraries-extras.cmake
[1.047s] -- Up-to-date symlink: /home/olympusforge/ros2_frost/install/v4l2_camera/share/v4l2_camera/cmake/ament_cmake_export_dependencies-extras.cmake
[1.047s] -- Up-to-date symlink: /home/olympusforge/ros2_frost/install/v4l2_camera/share/v4l2_camera/cmake/v4l2_cameraConfig.cmake
[1.047s] -- Up-to-date symlink: /home/olympusforge/ros2_frost/install/v4l2_camera/share/v4l2_camera/cmake/v4l2_cameraConfig-version.cmake
[1.047s] -- Up-to-date symlink: /home/olympusforge/ros2_frost/install/v4l2_camera/share/v4l2_camera/package.xml
[1.053s] -- Up-to-date: /home/olympusforge/ros2_frost/install/v4l2_camera/lib/libv4l2_camera.so
[1.053s] -- Up-to-date: /home/olympusforge/ros2_frost/install/v4l2_camera/lib/v4l2_camera/v4l2_camera_node
[1.090s] -- Up-to-date: /home/olympusforge/ros2_frost/install/v4l2_camera/lib/v4l2_camera/v4l2_camera_compose_test
[1.091s] -- Up-to-date: /home/olympusforge/ros2_frost/install/v4l2_camera/share/v4l2_camera/cmake/export_v4l2_cameraExport.cmake
[1.091s] -- Up-to-date: /home/olympusforge/ros2_frost/install/v4l2_camera/share/v4l2_camera/cmake/export_v4l2_cameraExport-noconfig.cmake
[1.107s] Invoked command in '/home/olympusforge/ros2_frost/build/v4l2_camera' returned '0': CMAKE_PREFIX_PATH=${CMAKE_PREFIX_PATH}:/home/olympusforge/ros2_frost/install/tortoisebot_control:/opt/ros/humble /usr/bin/cmake --install /home/olympusforge/ros2_frost/build/v4l2_camera
