[0.229s] Invoking command in '/home/olympusforge/ros2_frost/build/tortoisebot_firmware': CMAKE_PREFIX_PATH=${CMAKE_PREFIX_PATH}:/home/olympusforge/ros2_frost/install/tortoisebot_control:/opt/ros/humble /usr/bin/cmake --build /home/olympusforge/ros2_frost/build/tortoisebot_firmware -- -j8 -l8
[0.386s] Built target ament_cmake_python_symlink_tortoisebot_firmware
[1.023s] running egg_info
[1.023s] writing tortoisebot_firmware.egg-info/PKG-INFO
[1.069s] writing dependency_links to tortoisebot_firmware.egg-info/dependency_links.txt
[1.069s] writing top-level names to tortoisebot_firmware.egg-info/top_level.txt
[1.110s] reading manifest file 'tortoisebot_firmware.egg-info/SOURCES.txt'
[1.112s] writing manifest file 'tortoisebot_firmware.egg-info/SOURCES.txt'
[1.127s] Built target ament_cmake_python_build_tortoisebot_firmware_egg
[1.172s] Invoked command in '/home/olympusforge/ros2_frost/build/tortoisebot_firmware' returned '0': CMAKE_PREFIX_PATH=${CMAKE_PREFIX_PATH}:/home/olympusforge/ros2_frost/install/tortoisebot_control:/opt/ros/humble /usr/bin/cmake --build /home/olympusforge/ros2_frost/build/tortoisebot_firmware -- -j8 -l8
[1.172s] Invoking command in '/home/olympusforge/ros2_frost/build/tortoisebot_firmware': CMAKE_PREFIX_PATH=${CMAKE_PREFIX_PATH}:/home/olympusforge/ros2_frost/install/tortoisebot_control:/opt/ros/humble /usr/bin/cmake --install /home/olympusforge/ros2_frost/build/tortoisebot_firmware
[1.194s] -- Install configuration: ""
[1.195s] -- Execute custom install script
[1.195s] -- Up-to-date symlink: /home/olympusforge/ros2_frost/install/tortoisebot_firmware/share/tortoisebot_firmware/environment/pythonpath.sh
[1.195s] -- Up-to-date symlink: /home/olympusforge/ros2_frost/install/tortoisebot_firmware/share/tortoisebot_firmware/environment/pythonpath.dsv
[1.215s] -- Up-to-date symlink: /home/olympusforge/ros2_frost/install/tortoisebot_firmware/local/lib/python3.10/dist-packages/tortoisebot_firmware-0.0.0-py3.10.egg-info/PKG-INFO
[1.216s] -- Up-to-date symlink: /home/olympusforge/ros2_frost/install/tortoisebot_firmware/local/lib/python3.10/dist-packages/tortoisebot_firmware-0.0.0-py3.10.egg-info/SOURCES.txt
[1.216s] -- Up-to-date symlink: /home/olympusforge/ros2_frost/install/tortoisebot_firmware/local/lib/python3.10/dist-packages/tortoisebot_firmware-0.0.0-py3.10.egg-info/dependency_links.txt
[1.217s] -- Up-to-date symlink: /home/olympusforge/ros2_frost/install/tortoisebot_firmware/local/lib/python3.10/dist-packages/tortoisebot_firmware-0.0.0-py3.10.egg-info/top_level.txt
[1.217s] -- Up-to-date symlink: /home/olympusforge/ros2_frost/install/tortoisebot_firmware/local/lib/python3.10/dist-packages/tortoisebot_firmware/__init__.py
[1.217s] -- Up-to-date symlink: /home/olympusforge/ros2_frost/install/tortoisebot_firmware/lib/tortoisebot_firmware/differential.py
[1.217s] -- Up-to-date symlink: /home/olympusforge/ros2_frost/install/tortoisebot_firmware/share/ament_index/resource_index/package_run_dependencies/tortoisebot_firmware
[1.217s] -- Up-to-date symlink: /home/olympusforge/ros2_frost/install/tortoisebot_firmware/share/ament_index/resource_index/parent_prefix_path/tortoisebot_firmware
[1.217s] -- Up-to-date symlink: /home/olympusforge/ros2_frost/install/tortoisebot_firmware/share/tortoisebot_firmware/environment/ament_prefix_path.sh
[1.217s] -- Up-to-date symlink: /home/olympusforge/ros2_frost/install/tortoisebot_firmware/share/tortoisebot_firmware/environment/ament_prefix_path.dsv
[1.219s] -- Up-to-date symlink: /home/olympusforge/ros2_frost/install/tortoisebot_firmware/share/tortoisebot_firmware/environment/path.sh
[1.219s] -- Up-to-date symlink: /home/olympusforge/ros2_frost/install/tortoisebot_firmware/share/tortoisebot_firmware/environment/path.dsv
[1.219s] -- Up-to-date symlink: /home/olympusforge/ros2_frost/install/tortoisebot_firmware/share/tortoisebot_firmware/local_setup.bash
[1.219s] -- Up-to-date symlink: /home/olympusforge/ros2_frost/install/tortoisebot_firmware/share/tortoisebot_firmware/local_setup.sh
[1.219s] -- Up-to-date symlink: /home/olympusforge/ros2_frost/install/tortoisebot_firmware/share/tortoisebot_firmware/local_setup.zsh
[1.220s] -- Up-to-date symlink: /home/olympusforge/ros2_frost/install/tortoisebot_firmware/share/tortoisebot_firmware/local_setup.dsv
[1.220s] -- Symlinking: /home/olympusforge/ros2_frost/install/tortoisebot_firmware/share/tortoisebot_firmware/package.dsv
[1.341s] -- Up-to-date symlink: /home/olympusforge/ros2_frost/install/tortoisebot_firmware/share/ament_index/resource_index/packages/tortoisebot_firmware
[1.341s] -- Up-to-date symlink: /home/olympusforge/ros2_frost/install/tortoisebot_firmware/share/tortoisebot_firmware/cmake/tortoisebot_firmwareConfig.cmake
[1.341s] -- Up-to-date symlink: /home/olympusforge/ros2_frost/install/tortoisebot_firmware/share/tortoisebot_firmware/cmake/tortoisebot_firmwareConfig-version.cmake
[1.342s] -- Up-to-date symlink: /home/olympusforge/ros2_frost/install/tortoisebot_firmware/share/tortoisebot_firmware/package.xml
[1.421s] Listing '/home/olympusforge/ros2_frost/install/tortoisebot_firmware/local/lib/python3.10/dist-packages/tortoisebot_firmware'...
[1.483s] Invoked command in '/home/olympusforge/ros2_frost/build/tortoisebot_firmware' returned '0': CMAKE_PREFIX_PATH=${CMAKE_PREFIX_PATH}:/home/olympusforge/ros2_frost/install/tortoisebot_control:/opt/ros/humble /usr/bin/cmake --install /home/olympusforge/ros2_frost/build/tortoisebot_firmware
