[0.217s] Invoking command in '/home/olympusforge/ros2_frost/build/tortoisebot_gazebo': CMAKE_PREFIX_PATH=${CMAKE_PREFIX_PATH}:/home/olympusforge/ros2_frost/install/tortoisebot_control:/opt/ros/humble /usr/bin/cmake /home/olympusforge/ros2_frost/src/tortoisebot/tortoisebot_gazebo -DCMAKE_INSTALL_PREFIX=/home/olympusforge/ros2_frost/install/tortoisebot_gazebo
[0.230s] -- Found ament_cmake: 1.3.11 (/opt/ros/humble/share/ament_cmake/cmake)
[0.346s] -- Override CMake install command with custom implementation using symlinks instead of copying resources
[0.347s] -- Found ament_lint_auto: 0.12.11 (/opt/ros/humble/share/ament_lint_auto/cmake)
[0.417s] -- Added test 'copyright' to check source files copyright and LICENSE
[0.417s] -- Added test 'flake8' to check Python code syntax and style conventions
[0.417s] -- Added test 'lint_cmake' to check CMake code style
[0.417s] -- Added test 'pep257' to check Python code against some of the docstring style conventions in PEP 257
[0.417s] -- Added test 'xmllint' to check XML markup files
[0.417s] -- Configuring done
[0.419s] -- Generating done
[0.422s] -- Build files have been written to: /home/olympusforge/ros2_frost/build/tortoisebot_gazebo
[0.428s] Invoked command in '/home/olympusforge/ros2_frost/build/tortoisebot_gazebo' returned '0': CMAKE_PREFIX_PATH=${CMAKE_PREFIX_PATH}:/home/olympusforge/ros2_frost/install/tortoisebot_control:/opt/ros/humble /usr/bin/cmake /home/olympusforge/ros2_frost/src/tortoisebot/tortoisebot_gazebo -DCMAKE_INSTALL_PREFIX=/home/olympusforge/ros2_frost/install/tortoisebot_gazebo
[0.436s] Invoking command in '/home/olympusforge/ros2_frost/build/tortoisebot_gazebo': CMAKE_PREFIX_PATH=${CMAKE_PREFIX_PATH}:/home/olympusforge/ros2_frost/install/tortoisebot_control:/opt/ros/humble /usr/bin/cmake --build /home/olympusforge/ros2_frost/build/tortoisebot_gazebo -- -j8 -l8
[0.498s] Invoked command in '/home/olympusforge/ros2_frost/build/tortoisebot_gazebo' returned '0': CMAKE_PREFIX_PATH=${CMAKE_PREFIX_PATH}:/home/olympusforge/ros2_frost/install/tortoisebot_control:/opt/ros/humble /usr/bin/cmake --build /home/olympusforge/ros2_frost/build/tortoisebot_gazebo -- -j8 -l8
[0.501s] Invoking command in '/home/olympusforge/ros2_frost/build/tortoisebot_gazebo': CMAKE_PREFIX_PATH=${CMAKE_PREFIX_PATH}:/home/olympusforge/ros2_frost/install/tortoisebot_control:/opt/ros/humble /usr/bin/cmake --install /home/olympusforge/ros2_frost/build/tortoisebot_gazebo
[0.527s] -- Install configuration: ""
[0.527s] -- Execute custom install script
[0.527s] -- Up-to-date symlink: /home/olympusforge/ros2_frost/install/tortoisebot_gazebo/share/tortoisebot_gazebo/gazebo/tortoisebot_materials.gazebo
[0.527s] -- Up-to-date symlink: /home/olympusforge/ros2_frost/install/tortoisebot_gazebo/share/tortoisebot_gazebo/gazebo/tortoisebot_physics.gazebo
[0.527s] -- Up-to-date symlink: /home/olympusforge/ros2_frost/install/tortoisebot_gazebo/share/tortoisebot_gazebo/gazebo/tortoisebot_plugins.gazebo
[0.527s] -- Up-to-date symlink: /home/olympusforge/ros2_frost/install/tortoisebot_gazebo/share/tortoisebot_gazebo/launch/gazebo.launch.py
[0.528s] -- Up-to-date symlink: /home/olympusforge/ros2_frost/install/tortoisebot_gazebo/share/tortoisebot_gazebo/worlds/room2.sdf
[0.528s] -- Up-to-date symlink: /home/olympusforge/ros2_frost/install/tortoisebot_gazebo/share/ament_index/resource_index/package_run_dependencies/tortoisebot_gazebo
[0.528s] -- Up-to-date symlink: /home/olympusforge/ros2_frost/install/tortoisebot_gazebo/share/ament_index/resource_index/parent_prefix_path/tortoisebot_gazebo
[0.528s] -- Up-to-date symlink: /home/olympusforge/ros2_frost/install/tortoisebot_gazebo/share/tortoisebot_gazebo/environment/ament_prefix_path.sh
[0.528s] -- Up-to-date symlink: /home/olympusforge/ros2_frost/install/tortoisebot_gazebo/share/tortoisebot_gazebo/environment/ament_prefix_path.dsv
[0.528s] -- Up-to-date symlink: /home/olympusforge/ros2_frost/install/tortoisebot_gazebo/share/tortoisebot_gazebo/environment/path.sh
[0.528s] -- Up-to-date symlink: /home/olympusforge/ros2_frost/install/tortoisebot_gazebo/share/tortoisebot_gazebo/environment/path.dsv
[0.528s] -- Up-to-date symlink: /home/olympusforge/ros2_frost/install/tortoisebot_gazebo/share/tortoisebot_gazebo/local_setup.bash
[0.528s] -- Up-to-date symlink: /home/olympusforge/ros2_frost/install/tortoisebot_gazebo/share/tortoisebot_gazebo/local_setup.sh
[0.528s] -- Up-to-date symlink: /home/olympusforge/ros2_frost/install/tortoisebot_gazebo/share/tortoisebot_gazebo/local_setup.zsh
[0.528s] -- Up-to-date symlink: /home/olympusforge/ros2_frost/install/tortoisebot_gazebo/share/tortoisebot_gazebo/local_setup.dsv
[0.528s] -- Symlinking: /home/olympusforge/ros2_frost/install/tortoisebot_gazebo/share/tortoisebot_gazebo/package.dsv
[0.529s] -- Up-to-date symlink: /home/olympusforge/ros2_frost/install/tortoisebot_gazebo/share/ament_index/resource_index/packages/tortoisebot_gazebo
[0.529s] -- Up-to-date symlink: /home/olympusforge/ros2_frost/install/tortoisebot_gazebo/share/tortoisebot_gazebo/cmake/tortoisebot_gazeboConfig.cmake
[0.529s] -- Up-to-date symlink: /home/olympusforge/ros2_frost/install/tortoisebot_gazebo/share/tortoisebot_gazebo/cmake/tortoisebot_gazeboConfig-version.cmake
[0.529s] -- Up-to-date symlink: /home/olympusforge/ros2_frost/install/tortoisebot_gazebo/share/tortoisebot_gazebo/package.xml
[0.548s] Invoked command in '/home/olympusforge/ros2_frost/build/tortoisebot_gazebo' returned '0': CMAKE_PREFIX_PATH=${CMAKE_PREFIX_PATH}:/home/olympusforge/ros2_frost/install/tortoisebot_control:/opt/ros/humble /usr/bin/cmake --install /home/olympusforge/ros2_frost/build/tortoisebot_gazebo
