[0.254s] Invoking command in '/home/olympusforge/ros2_frost/build/tortoisebot_description': CMAKE_PREFIX_PATH=${CMAKE_PREFIX_PATH}:/home/olympusforge/ros2_frost/install/tortoisebot_control:/opt/ros/humble /usr/bin/cmake --build /home/olympusforge/ros2_frost/build/tortoisebot_description -- -j8 -l8
[0.349s] Invoked command in '/home/olympusforge/ros2_frost/build/tortoisebot_description' returned '0': CMAKE_PREFIX_PATH=${CMAKE_PREFIX_PATH}:/home/olympusforge/ros2_frost/install/tortoisebot_control:/opt/ros/humble /usr/bin/cmake --build /home/olympusforge/ros2_frost/build/tortoisebot_description -- -j8 -l8
[0.350s] Invoking command in '/home/olympusforge/ros2_frost/build/tortoisebot_description': CMAKE_PREFIX_PATH=${CMAKE_PREFIX_PATH}:/home/olympusforge/ros2_frost/install/tortoisebot_control:/opt/ros/humble /usr/bin/cmake --install /home/olympusforge/ros2_frost/build/tortoisebot_description
[0.353s] -- Install configuration: ""
[0.353s] -- Execute custom install script
[0.353s] -- Up-to-date symlink: /home/olympusforge/ros2_frost/install/tortoisebot_description/share/tortoisebot_description/launch/display.launch.py
[0.353s] -- Up-to-date symlink: /home/olympusforge/ros2_frost/install/tortoisebot_description/share/tortoisebot_description/launch/rviz.launch.py
[0.353s] -- Up-to-date symlink: /home/olympusforge/ros2_frost/install/tortoisebot_description/share/tortoisebot_description/launch/state_publisher.launch.py
[0.353s] -- Up-to-date symlink: /home/olympusforge/ros2_frost/install/tortoisebot_description/share/tortoisebot_description/models/meshes/base_link.stl
[0.353s] -- Up-to-date symlink: /home/olympusforge/ros2_frost/install/tortoisebot_description/share/tortoisebot_description/models/meshes/camera.stl
[0.356s] -- Up-to-date symlink: /home/olympusforge/ros2_frost/install/tortoisebot_description/share/tortoisebot_description/models/meshes/caster.stl
[0.356s] -- Up-to-date symlink: /home/olympusforge/ros2_frost/install/tortoisebot_description/share/tortoisebot_description/models/meshes/imu.stl
[0.357s] -- Up-to-date symlink: /home/olympusforge/ros2_frost/install/tortoisebot_description/share/tortoisebot_description/models/meshes/lidar_body.stl
[0.357s] -- Up-to-date symlink: /home/olympusforge/ros2_frost/install/tortoisebot_description/share/tortoisebot_description/models/meshes/lidar_bottom.stl
[0.357s] -- Up-to-date symlink: /home/olympusforge/ros2_frost/install/tortoisebot_description/share/tortoisebot_description/models/meshes/lidar_motorend.stl
[0.357s] -- Up-to-date symlink: /home/olympusforge/ros2_frost/install/tortoisebot_description/share/tortoisebot_description/models/meshes/lidar_top.stl
[0.357s] -- Up-to-date symlink: /home/olympusforge/ros2_frost/install/tortoisebot_description/share/tortoisebot_description/models/meshes/wheel_left.stl
[0.357s] -- Up-to-date symlink: /home/olympusforge/ros2_frost/install/tortoisebot_description/share/tortoisebot_description/models/meshes/wheel_right.stl
[0.367s] -- Up-to-date symlink: /home/olympusforge/ros2_frost/install/tortoisebot_description/share/tortoisebot_description/models/urdf/materials.xacro
[0.370s] -- Up-to-date symlink: /home/olympusforge/ros2_frost/install/tortoisebot_description/share/tortoisebot_description/models/urdf/tortoisebot.xacro
[0.370s] -- Up-to-date symlink: /home/olympusforge/ros2_frost/install/tortoisebot_description/share/tortoisebot_description/rviz/sensors.rviz
[0.370s] -- Up-to-date symlink: /home/olympusforge/ros2_frost/install/tortoisebot_description/share/tortoisebot_description/rviz/tortoisebot_navigation.rviz
[0.370s] -- Up-to-date symlink: /home/olympusforge/ros2_frost/install/tortoisebot_description/share/ament_index/resource_index/package_run_dependencies/tortoisebot_description
[0.370s] -- Up-to-date symlink: /home/olympusforge/ros2_frost/install/tortoisebot_description/share/ament_index/resource_index/parent_prefix_path/tortoisebot_description
[0.370s] -- Up-to-date symlink: /home/olympusforge/ros2_frost/install/tortoisebot_description/share/tortoisebot_description/environment/ament_prefix_path.sh
[0.370s] -- Up-to-date symlink: /home/olympusforge/ros2_frost/install/tortoisebot_description/share/tortoisebot_description/environment/ament_prefix_path.dsv
[0.370s] -- Up-to-date symlink: /home/olympusforge/ros2_frost/install/tortoisebot_description/share/tortoisebot_description/environment/path.sh
[0.372s] -- Up-to-date symlink: /home/olympusforge/ros2_frost/install/tortoisebot_description/share/tortoisebot_description/environment/path.dsv
[0.372s] -- Up-to-date symlink: /home/olympusforge/ros2_frost/install/tortoisebot_description/share/tortoisebot_description/local_setup.bash
[0.372s] -- Up-to-date symlink: /home/olympusforge/ros2_frost/install/tortoisebot_description/share/tortoisebot_description/local_setup.sh
[0.372s] -- Up-to-date symlink: /home/olympusforge/ros2_frost/install/tortoisebot_description/share/tortoisebot_description/local_setup.zsh
[0.378s] -- Up-to-date symlink: /home/olympusforge/ros2_frost/install/tortoisebot_description/share/tortoisebot_description/local_setup.dsv
[0.378s] -- Symlinking: /home/olympusforge/ros2_frost/install/tortoisebot_description/share/tortoisebot_description/package.dsv
[0.396s] -- Up-to-date symlink: /home/olympusforge/ros2_frost/install/tortoisebot_description/share/ament_index/resource_index/packages/tortoisebot_description
[0.398s] -- Up-to-date symlink: /home/olympusforge/ros2_frost/install/tortoisebot_description/share/tortoisebot_description/cmake/tortoisebot_descriptionConfig.cmake
[0.398s] -- Up-to-date symlink: /home/olympusforge/ros2_frost/install/tortoisebot_description/share/tortoisebot_description/cmake/tortoisebot_descriptionConfig-version.cmake
[0.399s] -- Up-to-date symlink: /home/olympusforge/ros2_frost/install/tortoisebot_description/share/tortoisebot_description/package.xml
[0.522s] Invoked command in '/home/olympusforge/ros2_frost/build/tortoisebot_description' returned '0': CMAKE_PREFIX_PATH=${CMAKE_PREFIX_PATH}:/home/olympusforge/ros2_frost/install/tortoisebot_control:/opt/ros/humble /usr/bin/cmake --install /home/olympusforge/ros2_frost/build/tortoisebot_description
