[0.230s] Invoking command in '/home/olympusforge/ros2_frost/build/tortoisebot_description': CMAKE_PREFIX_PATH=${CMAKE_PREFIX_PATH}:/home/olympusforge/ros2_frost/install/tortoisebot_control:/opt/ros/humble /usr/bin/cmake /home/olympusforge/ros2_frost/src/tortoisebot/tortoisebot_description -DAMENT_CMAKE_SYMLINK_INSTALL=1 -DCMAKE_INSTALL_PREFIX=/home/olympusforge/ros2_frost/install/tortoisebot_description
[0.294s] -- The C compiler identification is GNU 11.4.0
[0.375s] -- The CXX compiler identification is GNU 11.4.0
[0.383s] -- Detecting C compiler ABI info
[0.529s] -- Detecting C compiler ABI info - done
[0.534s] -- Check for working C compiler: /usr/bin/cc - skipped
[0.534s] -- Detecting C compile features
[0.536s] -- Detecting C compile features - done
[0.542s] -- Detecting CXX compiler ABI info
[0.704s] -- Detecting CXX compiler ABI info - done
[0.724s] -- Check for working CXX compiler: /usr/bin/c++ - skipped
[0.724s] -- Detecting CXX compile features
[0.724s] -- Detecting CXX compile features - done
[0.724s] -- Found ament_cmake: 1.3.11 (/opt/ros/humble/share/ament_cmake/cmake)
[0.936s] -- Found Python3: /usr/bin/python3 (found version "3.10.12") found components: Interpreter 
[0.982s] -- Override CMake install command with custom implementation using symlinks instead of copying resources
[1.036s] -- Found ament_lint_auto: 0.12.11 (/opt/ros/humble/share/ament_lint_auto/cmake)
[1.098s] -- Added test 'copyright' to check source files copyright and LICENSE
[1.103s] -- Added test 'flake8' to check Python code syntax and style conventions
[1.103s] -- Added test 'lint_cmake' to check CMake code style
[1.103s] -- Added test 'pep257' to check Python code against some of the docstring style conventions in PEP 257
[1.104s] -- Added test 'xmllint' to check XML markup files
[1.104s] -- Configuring done
[1.109s] -- Generating done
[1.109s] -- Build files have been written to: /home/olympusforge/ros2_frost/build/tortoisebot_description
[1.154s] Invoked command in '/home/olympusforge/ros2_frost/build/tortoisebot_description' returned '0': CMAKE_PREFIX_PATH=${CMAKE_PREFIX_PATH}:/home/olympusforge/ros2_frost/install/tortoisebot_control:/opt/ros/humble /usr/bin/cmake /home/olympusforge/ros2_frost/src/tortoisebot/tortoisebot_description -DAMENT_CMAKE_SYMLINK_INSTALL=1 -DCMAKE_INSTALL_PREFIX=/home/olympusforge/ros2_frost/install/tortoisebot_description
[1.154s] Invoking command in '/home/olympusforge/ros2_frost/build/tortoisebot_description': CMAKE_PREFIX_PATH=${CMAKE_PREFIX_PATH}:/home/olympusforge/ros2_frost/install/tortoisebot_control:/opt/ros/humble /usr/bin/cmake --build /home/olympusforge/ros2_frost/build/tortoisebot_description -- -j8 -l8
[1.211s] Invoked command in '/home/olympusforge/ros2_frost/build/tortoisebot_description' returned '0': CMAKE_PREFIX_PATH=${CMAKE_PREFIX_PATH}:/home/olympusforge/ros2_frost/install/tortoisebot_control:/opt/ros/humble /usr/bin/cmake --build /home/olympusforge/ros2_frost/build/tortoisebot_description -- -j8 -l8
[1.217s] Invoking command in '/home/olympusforge/ros2_frost/build/tortoisebot_description': CMAKE_PREFIX_PATH=${CMAKE_PREFIX_PATH}:/home/olympusforge/ros2_frost/install/tortoisebot_control:/opt/ros/humble /usr/bin/cmake --install /home/olympusforge/ros2_frost/build/tortoisebot_description
[1.226s] -- Install configuration: ""
[1.226s] -- Execute custom install script
[1.226s] -- Symlinking: /home/olympusforge/ros2_frost/install/tortoisebot_description/share/tortoisebot_description/launch/display.launch.py
[1.235s] -- Symlinking: /home/olympusforge/ros2_frost/install/tortoisebot_description/share/tortoisebot_description/launch/rviz.launch.py
[1.261s] -- Symlinking: /home/olympusforge/ros2_frost/install/tortoisebot_description/share/tortoisebot_description/launch/state_publisher.launch.py
[1.273s] -- Symlinking: /home/olympusforge/ros2_frost/install/tortoisebot_description/share/tortoisebot_description/models/meshes/base_link.stl
[1.287s] -- Symlinking: /home/olympusforge/ros2_frost/install/tortoisebot_description/share/tortoisebot_description/models/meshes/camera.stl
[1.294s] -- Symlinking: /home/olympusforge/ros2_frost/install/tortoisebot_description/share/tortoisebot_description/models/meshes/caster.stl
[1.302s] -- Symlinking: /home/olympusforge/ros2_frost/install/tortoisebot_description/share/tortoisebot_description/models/meshes/imu.stl
[1.318s] -- Symlinking: /home/olympusforge/ros2_frost/install/tortoisebot_description/share/tortoisebot_description/models/meshes/lidar_body.stl
[1.324s] -- Symlinking: /home/olympusforge/ros2_frost/install/tortoisebot_description/share/tortoisebot_description/models/meshes/lidar_bottom.stl
[1.350s] -- Symlinking: /home/olympusforge/ros2_frost/install/tortoisebot_description/share/tortoisebot_description/models/meshes/lidar_motorend.stl
[1.362s] -- Symlinking: /home/olympusforge/ros2_frost/install/tortoisebot_description/share/tortoisebot_description/models/meshes/lidar_top.stl
[1.376s] -- Symlinking: /home/olympusforge/ros2_frost/install/tortoisebot_description/share/tortoisebot_description/models/meshes/wheel_left.stl
[1.381s] -- Symlinking: /home/olympusforge/ros2_frost/install/tortoisebot_description/share/tortoisebot_description/models/meshes/wheel_right.stl
[1.396s] -- Symlinking: /home/olympusforge/ros2_frost/install/tortoisebot_description/share/tortoisebot_description/models/urdf/materials.xacro
[1.418s] -- Symlinking: /home/olympusforge/ros2_frost/install/tortoisebot_description/share/tortoisebot_description/models/urdf/tortoisebot.xacro
[1.439s] -- Symlinking: /home/olympusforge/ros2_frost/install/tortoisebot_description/share/tortoisebot_description/rviz/sensors.rviz
[1.472s] -- Symlinking: /home/olympusforge/ros2_frost/install/tortoisebot_description/share/tortoisebot_description/rviz/tortoisebot_navigation.rviz
[1.505s] -- Symlinking: /home/olympusforge/ros2_frost/install/tortoisebot_description/share/ament_index/resource_index/package_run_dependencies/tortoisebot_description
[1.521s] -- Symlinking: /home/olympusforge/ros2_frost/install/tortoisebot_description/share/ament_index/resource_index/parent_prefix_path/tortoisebot_description
[1.525s] -- Symlinking: /home/olympusforge/ros2_frost/install/tortoisebot_description/share/tortoisebot_description/environment/ament_prefix_path.sh
[1.554s] -- Symlinking: /home/olympusforge/ros2_frost/install/tortoisebot_description/share/tortoisebot_description/environment/ament_prefix_path.dsv
[1.564s] -- Symlinking: /home/olympusforge/ros2_frost/install/tortoisebot_description/share/tortoisebot_description/environment/path.sh
[1.577s] -- Symlinking: /home/olympusforge/ros2_frost/install/tortoisebot_description/share/tortoisebot_description/environment/path.dsv
[1.586s] -- Symlinking: /home/olympusforge/ros2_frost/install/tortoisebot_description/share/tortoisebot_description/local_setup.bash
[1.604s] -- Symlinking: /home/olympusforge/ros2_frost/install/tortoisebot_description/share/tortoisebot_description/local_setup.sh
[1.629s] -- Symlinking: /home/olympusforge/ros2_frost/install/tortoisebot_description/share/tortoisebot_description/local_setup.zsh
[1.658s] -- Symlinking: /home/olympusforge/ros2_frost/install/tortoisebot_description/share/tortoisebot_description/local_setup.dsv
[1.681s] -- Symlinking: /home/olympusforge/ros2_frost/install/tortoisebot_description/share/tortoisebot_description/package.dsv
[1.705s] -- Symlinking: /home/olympusforge/ros2_frost/install/tortoisebot_description/share/ament_index/resource_index/packages/tortoisebot_description
[1.721s] -- Symlinking: /home/olympusforge/ros2_frost/install/tortoisebot_description/share/tortoisebot_description/cmake/tortoisebot_descriptionConfig.cmake
[1.732s] -- Symlinking: /home/olympusforge/ros2_frost/install/tortoisebot_description/share/tortoisebot_description/cmake/tortoisebot_descriptionConfig-version.cmake
[1.739s] -- Symlinking: /home/olympusforge/ros2_frost/install/tortoisebot_description/share/tortoisebot_description/package.xml
[1.751s] Invoked command in '/home/olympusforge/ros2_frost/build/tortoisebot_description' returned '0': CMAKE_PREFIX_PATH=${CMAKE_PREFIX_PATH}:/home/olympusforge/ros2_frost/install/tortoisebot_control:/opt/ros/humble /usr/bin/cmake --install /home/olympusforge/ros2_frost/build/tortoisebot_description
