[0.349s] Invoking command in '/home/olympusforge/ros2_frost/build/ydlidar_sdk': /usr/bin/cmake --build /home/olympusforge/ros2_frost/build/ydlidar_sdk -- -j8 -l8
[0.599s] [ 40%] Built target ydlidar_sdk
[0.714s] [ 44%] Built target et_test
[0.827s] [ 48%] Built target tea_test
[1.025s] [ 53%] Built target tmini_test
[1.126s] [ 57%] Built target tof_test
[1.207s] [ 61%] Built target tri_and_gs_test
[1.297s] [ 65%] Built target tri_restart
[1.353s] [ 70%] Built target tri_test
[1.493s] [ 74%] Built target lidar_c_api_test
[1.565s] [ 78%] Built target sdm_test
[1.622s] [ 82%] Built target sdm18_test
[1.701s] [ 87%] Built target scl_test
[1.874s] [ 91%] Built target gs_test2
[2.062s] [ 95%] Built target gs_test
[2.111s] [100%] Built target gs_ota
[2.142s] Invoked command in '/home/olympusforge/ros2_frost/build/ydlidar_sdk' returned '0': /usr/bin/cmake --build /home/olympusforge/ros2_frost/build/ydlidar_sdk -- -j8 -l8
[2.164s] Invoking command in '/home/olympusforge/ros2_frost/build/ydlidar_sdk': /usr/bin/cmake --install /home/olympusforge/ros2_frost/build/ydlidar_sdk
[2.227s] -- Install configuration: ""
[2.227s] -- Up-to-date: /home/olympusforge/ros2_frost/install/ydlidar_sdk/include/core/base/datatype.h
[2.227s] -- Up-to-date: /home/olympusforge/ros2_frost/install/ydlidar_sdk/include/core/base/locker.h
[2.227s] -- Up-to-date: /home/olympusforge/ros2_frost/install/ydlidar_sdk/include/core/base/thread.h
[2.227s] -- Up-to-date: /home/olympusforge/ros2_frost/install/ydlidar_sdk/include/core/base/timer.h
[2.227s] -- Up-to-date: /home/olympusforge/ros2_frost/install/ydlidar_sdk/include/core/base/typedef.h
[2.227s] -- Up-to-date: /home/olympusforge/ros2_frost/install/ydlidar_sdk/include/core/base/utils.h
[2.227s] -- Up-to-date: /home/olympusforge/ros2_frost/install/ydlidar_sdk/include/core/base/v8stdint.h
[2.227s] -- Up-to-date: /home/olympusforge/ros2_frost/install/ydlidar_sdk/include/core/base/ydlidar.h
[2.227s] -- Up-to-date: /home/olympusforge/ros2_frost/install/ydlidar_sdk/include/core/common/ChannelDevice.h
[2.227s] -- Up-to-date: /home/olympusforge/ros2_frost/install/ydlidar_sdk/include/core/common/DriverInterface.h
[2.227s] -- Up-to-date: /home/olympusforge/ros2_frost/install/ydlidar_sdk/include/core/common/ydlidar_datatype.h
[2.227s] -- Up-to-date: /home/olympusforge/ros2_frost/install/ydlidar_sdk/include/core/common/ydlidar_def.h
[2.227s] -- Up-to-date: /home/olympusforge/ros2_frost/install/ydlidar_sdk/include/core/common/ydlidar_help.h
[2.229s] -- Up-to-date: /home/olympusforge/ros2_frost/install/ydlidar_sdk/include/core/common/ydlidar_protocol.h
[2.229s] -- Up-to-date: /home/olympusforge/ros2_frost/install/ydlidar_sdk/include/core/math/angles.h
[2.229s] -- Up-to-date: /home/olympusforge/ros2_frost/install/ydlidar_sdk/include/core/network/ActiveSocket.h
[2.229s] -- Up-to-date: /home/olympusforge/ros2_frost/install/ydlidar_sdk/include/core/network/PassiveSocket.h
[2.229s] -- Up-to-date: /home/olympusforge/ros2_frost/install/ydlidar_sdk/include/core/network/SimpleSocket.h
[2.229s] -- Up-to-date: /home/olympusforge/ros2_frost/install/ydlidar_sdk/include/core/network/StatTimer.h
[2.239s] -- Up-to-date: /home/olympusforge/ros2_frost/install/ydlidar_sdk/include/core/serial/common.h
[2.239s] -- Up-to-date: /home/olympusforge/ros2_frost/install/ydlidar_sdk/include/core/serial/serial.h
[2.247s] -- Up-to-date: /home/olympusforge/ros2_frost/install/ydlidar_sdk/include/core/serial/impl/unix/lock.h
[2.256s] -- Up-to-date: /home/olympusforge/ros2_frost/install/ydlidar_sdk/include/core/serial/impl/unix/unix.h
[2.257s] -- Up-to-date: /home/olympusforge/ros2_frost/install/ydlidar_sdk/include/core/serial/impl/unix/unix_serial.h
[2.258s] -- Up-to-date: /home/olympusforge/ros2_frost/install/ydlidar_sdk/include/src/CYdLidar.h
[2.259s] -- Up-to-date: /home/olympusforge/ros2_frost/install/ydlidar_sdk/include/src/DTSLidarDriver.h
[2.261s] -- Up-to-date: /home/olympusforge/ros2_frost/install/ydlidar_sdk/include/src/ETLidarDriver.h
[2.263s] -- Up-to-date: /home/olympusforge/ros2_frost/install/ydlidar_sdk/include/src/GSLidarDriver.h
[2.263s] -- Up-to-date: /home/olympusforge/ros2_frost/install/ydlidar_sdk/include/src/SDMLidarDriver.h
[2.264s] -- Up-to-date: /home/olympusforge/ros2_frost/install/ydlidar_sdk/include/src/YDlidarDriver.h
[2.264s] -- Up-to-date: /home/olympusforge/ros2_frost/install/ydlidar_sdk/include/src/ydlidar_sdk.h
[2.265s] -- Up-to-date: /home/olympusforge/ros2_frost/install/ydlidar_sdk/include/src/filters/FilterInterface.h
[2.266s] -- Up-to-date: /home/olympusforge/ros2_frost/install/ydlidar_sdk/include/src/filters/NoiseFilter.h
[2.266s] -- Up-to-date: /home/olympusforge/ros2_frost/install/ydlidar_sdk/include/src/filters/StrongLightFilter.h
[2.267s] -- Up-to-date: /home/olympusforge/ros2_frost/install/ydlidar_sdk/include/ydlidar_config.h
[2.267s] -- Up-to-date: /home/olympusforge/ros2_frost/install/ydlidar_sdk/lib/libydlidar_sdk.a
[2.268s] -- Up-to-date: /home/olympusforge/ros2_frost/install/ydlidar_sdk/lib/pkgconfig/YDLIDAR_SDK.pc
[2.268s] -- Up-to-date: /home/olympusforge/ros2_frost/install/ydlidar_sdk/lib/cmake/ydlidar_sdk/ydlidar_sdkConfig.cmake
[2.268s] -- Up-to-date: /home/olympusforge/ros2_frost/install/ydlidar_sdk/lib/cmake/ydlidar_sdk/ydlidar_sdkTargets.cmake
[2.268s] -- Up-to-date: /home/olympusforge/ros2_frost/install/ydlidar_sdk/lib/cmake/ydlidar_sdk/ydlidar_sdkConfigVersion.cmake
[2.269s] -- Up-to-date: /home/olympusforge/ros2_frost/install/ydlidar_sdk/share/YDLIDAR_SDK/FindYDLIDAR_SDK.cmake
[2.269s] -- Up-to-date: /home/olympusforge/ros2_frost/install/ydlidar_sdk/share/YDLIDAR_SDK
[2.269s] -- Up-to-date: /home/olympusforge/ros2_frost/install/ydlidar_sdk/share/YDLIDAR_SDK/install_package.cmake
[2.269s] -- Up-to-date: /home/olympusforge/ros2_frost/install/ydlidar_sdk/share/YDLIDAR_SDK/PackageConfig.cmake.in
[2.269s] -- Up-to-date: /home/olympusforge/ros2_frost/install/ydlidar_sdk/share/YDLIDAR_SDK/cmake_uninstall.cmake.in
[2.269s] -- Up-to-date: /home/olympusforge/ros2_frost/install/ydlidar_sdk/share/YDLIDAR_SDK/common
[2.269s] -- Up-to-date: /home/olympusforge/ros2_frost/install/ydlidar_sdk/share/YDLIDAR_SDK/common/ydlidar_base.cmake
[2.269s] -- Up-to-date: /home/olympusforge/ros2_frost/install/ydlidar_sdk/share/YDLIDAR_SDK/common/ydlidar_parse.cmake
[2.269s] -- Up-to-date: /home/olympusforge/ros2_frost/install/ydlidar_sdk/share/YDLIDAR_SDK/FindPackage.cmake.in
[2.270s] -- Up-to-date: /home/olympusforge/ros2_frost/install/ydlidar_sdk/share/YDLIDAR_SDK/PackageConfigVersion.cmake.in
[2.270s] -- Up-to-date: /home/olympusforge/ros2_frost/install/ydlidar_sdk/share/YDLIDAR_SDK/script_show_final_summary.cmake
[2.271s] -- Up-to-date: /home/olympusforge/ros2_frost/install/ydlidar_sdk/share/YDLIDAR_SDK/PkgConfig.pc.in
[2.271s] -- Up-to-date: /home/olympusforge/ros2_frost/install/ydlidar_sdk/share/YDLIDAR_SDK/LICENSE.txt
[2.271s] -- Up-to-date: /home/olympusforge/ros2_frost/install/ydlidar_sdk/share/YDLIDAR_SDK/README.md
[2.271s] -- Up-to-date: /home/olympusforge/ros2_frost/install/ydlidar_sdk/share/YDLIDAR_SDK/doc
[2.271s] -- Up-to-date: /home/olympusforge/ros2_frost/install/ydlidar_sdk/share/YDLIDAR_SDK/doc/YDLIDAR_SDK_API_for_Developers.md
[2.271s] -- Up-to-date: /home/olympusforge/ros2_frost/install/ydlidar_sdk/share/YDLIDAR_SDK/doc/YDLidar-SDK-Communication-Protocol.html
[2.271s] -- Up-to-date: /home/olympusforge/ros2_frost/install/ydlidar_sdk/share/YDLIDAR_SDK/doc/FAQs
[2.277s] -- Up-to-date: /home/olympusforge/ros2_frost/install/ydlidar_sdk/share/YDLIDAR_SDK/doc/FAQs/Hardware_FAQs.md
[2.277s] -- Up-to-date: /home/olympusforge/ros2_frost/install/ydlidar_sdk/share/YDLIDAR_SDK/doc/FAQs/General_FAQs.md
[2.277s] -- Up-to-date: /home/olympusforge/ros2_frost/install/ydlidar_sdk/share/YDLIDAR_SDK/doc/FAQs/General_FAQs_cn.md
[2.278s] -- Up-to-date: /home/olympusforge/ros2_frost/install/ydlidar_sdk/share/YDLIDAR_SDK/doc/FAQs/Software_FAQs_cn.md
[2.278s] -- Up-to-date: /home/olympusforge/ros2_frost/install/ydlidar_sdk/share/YDLIDAR_SDK/doc/FAQs/Hardware_FAQs_cn.md
[2.278s] -- Up-to-date: /home/olympusforge/ros2_frost/install/ydlidar_sdk/share/YDLIDAR_SDK/doc/FAQs/README.md
[2.278s] -- Up-to-date: /home/olympusforge/ros2_frost/install/ydlidar_sdk/share/YDLIDAR_SDK/doc/FAQs/Software_FAQs.md
[2.278s] -- Up-to-date: /home/olympusforge/ros2_frost/install/ydlidar_sdk/share/YDLIDAR_SDK/doc/YDLidar-SDK-Communication-Protocol.pdf
[2.278s] -- Up-to-date: /home/olympusforge/ros2_frost/install/ydlidar_sdk/share/YDLIDAR_SDK/doc/YDLidar_SDK_Communication_Protocol.pdf
[2.278s] -- Up-to-date: /home/olympusforge/ros2_frost/install/ydlidar_sdk/share/YDLIDAR_SDK/doc/Dataset.md
[2.278s] -- Up-to-date: /home/olympusforge/ros2_frost/install/ydlidar_sdk/share/YDLIDAR_SDK/doc/quickstart
[2.278s] -- Up-to-date: /home/olympusforge/ros2_frost/install/ydlidar_sdk/share/YDLIDAR_SDK/doc/quickstart/ydlidar_sdk_software_installation_guide.md
[2.279s] -- Up-to-date: /home/olympusforge/ros2_frost/install/ydlidar_sdk/share/YDLIDAR_SDK/doc/quickstart/README.md
[2.279s] -- Up-to-date: /home/olympusforge/ros2_frost/install/ydlidar_sdk/share/YDLIDAR_SDK/doc/howto
[2.279s] -- Up-to-date: /home/olympusforge/ros2_frost/install/ydlidar_sdk/share/YDLIDAR_SDK/doc/howto/how_to_build_and_debug_using_vscode.md
[2.279s] -- Up-to-date: /home/olympusforge/ros2_frost/install/ydlidar_sdk/share/YDLIDAR_SDK/doc/howto/how_to_create_a_pull.md
[2.279s] -- Up-to-date: /home/olympusforge/ros2_frost/install/ydlidar_sdk/share/YDLIDAR_SDK/doc/howto/how_to_build_and_install.md
[2.279s] -- Up-to-date: /home/olympusforge/ros2_frost/install/ydlidar_sdk/share/YDLIDAR_SDK/doc/howto/how_to_create_a_udev_rules.md
[2.283s] -- Up-to-date: /home/olympusforge/ros2_frost/install/ydlidar_sdk/share/YDLIDAR_SDK/doc/howto/how_to_solve_slow_pull_from_cn.md
[2.283s] -- Up-to-date: /home/olympusforge/ros2_frost/install/ydlidar_sdk/share/YDLIDAR_SDK/doc/howto/how_to_create_a_csharp_project.md
[2.283s] -- Up-to-date: /home/olympusforge/ros2_frost/install/ydlidar_sdk/share/YDLIDAR_SDK/doc/howto/images
[2.283s] -- Up-to-date: /home/olympusforge/ros2_frost/install/ydlidar_sdk/share/YDLIDAR_SDK/doc/howto/images/csharp_build.png
[2.283s] -- Up-to-date: /home/olympusforge/ros2_frost/install/ydlidar_sdk/share/YDLIDAR_SDK/doc/howto/images/cpack.png
[2.283s] -- Up-to-date: /home/olympusforge/ros2_frost/install/ydlidar_sdk/share/YDLIDAR_SDK/doc/howto/images/csharp_library.png
[2.283s] -- Up-to-date: /home/olympusforge/ros2_frost/install/ydlidar_sdk/share/YDLIDAR_SDK/doc/howto/images/vscode
[2.283s] -- Up-to-date: /home/olympusforge/ros2_frost/install/ydlidar_sdk/share/YDLIDAR_SDK/doc/howto/images/vscode/run_tasks.jpg
[2.283s] -- Up-to-date: /home/olympusforge/ros2_frost/install/ydlidar_sdk/share/YDLIDAR_SDK/doc/howto/images/vscode/tasks.png
[2.283s] -- Up-to-date: /home/olympusforge/ros2_frost/install/ydlidar_sdk/share/YDLIDAR_SDK/doc/howto/images/csharp_running.png
[2.283s] -- Up-to-date: /home/olympusforge/ros2_frost/install/ydlidar_sdk/share/YDLIDAR_SDK/doc/howto/images/ttyUSB0.png
[2.283s] -- Up-to-date: /home/olympusforge/ros2_frost/install/ydlidar_sdk/share/YDLIDAR_SDK/doc/howto/images/sdk_init.png
[2.283s] -- Up-to-date: /home/olympusforge/ros2_frost/install/ydlidar_sdk/share/YDLIDAR_SDK/doc/howto/images/csharp_exception.png
[2.283s] -- Up-to-date: /home/olympusforge/ros2_frost/install/ydlidar_sdk/share/YDLIDAR_SDK/doc/howto/images/ydlidar_lidar_monitor.png
[2.283s] -- Up-to-date: /home/olympusforge/ros2_frost/install/ydlidar_sdk/share/YDLIDAR_SDK/doc/howto/images/ttyUSB1.png
[2.284s] -- Up-to-date: /home/olympusforge/ros2_frost/install/ydlidar_sdk/share/YDLIDAR_SDK/doc/howto/images/sequence.png
[2.284s] -- Up-to-date: /home/olympusforge/ros2_frost/install/ydlidar_sdk/share/YDLIDAR_SDK/doc/howto/images/sdk_scanning.png
[2.285s] -- Up-to-date: /home/olympusforge/ros2_frost/install/ydlidar_sdk/share/YDLIDAR_SDK/doc/howto/images/csharp_project.png
[2.285s] -- Up-to-date: /home/olympusforge/ros2_frost/install/ydlidar_sdk/share/YDLIDAR_SDK/doc/howto/README.md
[2.285s] -- Up-to-date: /home/olympusforge/ros2_frost/install/ydlidar_sdk/share/YDLIDAR_SDK/doc/howto/how_to_gerenrate_vs_project_by_cmake.md
[2.285s] -- Up-to-date: /home/olympusforge/ros2_frost/install/ydlidar_sdk/share/YDLIDAR_SDK/doc/SDK.pdf
[2.286s] -- Up-to-date: /home/olympusforge/ros2_frost/install/ydlidar_sdk/share/YDLIDAR_SDK/doc/Tutorials.md
[2.286s] -- Up-to-date: /home/olympusforge/ros2_frost/install/ydlidar_sdk/share/YDLIDAR_SDK/doc/Diagram.md
[2.286s] -- Up-to-date: /home/olympusforge/ros2_frost/install/ydlidar_sdk/share/YDLIDAR_SDK/doc/tutorials
[2.286s] -- Up-to-date: /home/olympusforge/ros2_frost/install/ydlidar_sdk/share/YDLIDAR_SDK/doc/tutorials/writing_lidar_tutorial_c++.md
[2.286s] -- Up-to-date: /home/olympusforge/ros2_frost/install/ydlidar_sdk/share/YDLIDAR_SDK/doc/tutorials/writing_lidar_tutorial_python.md
[2.286s] -- Up-to-date: /home/olympusforge/ros2_frost/install/ydlidar_sdk/share/YDLIDAR_SDK/doc/tutorials/examine_the_simple_lidar_tutorial.md
[2.286s] -- Up-to-date: /home/olympusforge/ros2_frost/install/ydlidar_sdk/share/YDLIDAR_SDK/doc/tutorials/writing_lidar_network_adapter_tutorial_c++.md
[2.286s] -- Up-to-date: /home/olympusforge/ros2_frost/install/ydlidar_sdk/share/YDLIDAR_SDK/doc/tutorials/writing_lidar_tutorial_c.md
[2.286s] -- Up-to-date: /home/olympusforge/ros2_frost/install/ydlidar_sdk/share/YDLIDAR_SDK/doc/YDLidar-SDK-Communication-Protocol.md
[2.286s] -- Up-to-date: /home/olympusforge/ros2_frost/install/ydlidar_sdk/share/YDLIDAR_SDK/doc/images
[2.286s] -- Up-to-date: /home/olympusforge/ros2_frost/install/ydlidar_sdk/share/YDLIDAR_SDK/doc/images/sdk_architecture.png
[2.286s] -- Up-to-date: /home/olympusforge/ros2_frost/install/ydlidar_sdk/share/YDLIDAR_SDK/doc/images/FlowChart.png
[2.286s] -- Up-to-date: /home/olympusforge/ros2_frost/install/ydlidar_sdk/share/YDLIDAR_SDK/doc/images/system_workflow.png
[2.286s] -- Up-to-date: /home/olympusforge/ros2_frost/install/ydlidar_sdk/share/YDLIDAR_SDK/doc/images/EAI.png
[2.286s] -- Up-to-date: /home/olympusforge/ros2_frost/install/ydlidar_sdk/share/YDLIDAR_SDK/doc/images/frame.png
[2.286s] -- Up-to-date: /home/olympusforge/ros2_frost/install/ydlidar_sdk/share/YDLIDAR_SDK/doc/images/communication_mechanism.png
[2.286s] -- Up-to-date: /home/olympusforge/ros2_frost/install/ydlidar_sdk/share/YDLIDAR_SDK/doc/images/sdk_init.png
[2.286s] -- Up-to-date: /home/olympusforge/ros2_frost/install/ydlidar_sdk/share/YDLIDAR_SDK/doc/images/YDLidar.jpg
[2.286s] -- Up-to-date: /home/olympusforge/ros2_frost/install/ydlidar_sdk/share/YDLIDAR_SDK/doc/images/angle_q2.png
[2.286s] -- Up-to-date: /home/olympusforge/ros2_frost/install/ydlidar_sdk/share/YDLIDAR_SDK/doc/images/sequence.png
[2.286s] -- Up-to-date: /home/olympusforge/ros2_frost/install/ydlidar_sdk/share/YDLIDAR_SDK/doc/images/YDLidar.png
[2.286s] -- Up-to-date: /home/olympusforge/ros2_frost/install/ydlidar_sdk/share/YDLIDAR_SDK/doc/images/frame_intensity.png
[2.286s] -- Up-to-date: /home/olympusforge/ros2_frost/install/ydlidar_sdk/share/YDLIDAR_SDK/doc/images/sdk_scanning.png
[2.286s] -- Up-to-date: /home/olympusforge/ros2_frost/install/ydlidar_sdk/share/YDLIDAR_SDK/doc/README.md
[2.286s] -- Up-to-date: /home/olympusforge/ros2_frost/install/ydlidar_sdk/startup/initenv.sh
[2.286s] -- Up-to-date: /home/olympusforge/ros2_frost/install/ydlidar_sdk/bin/et_test
[2.286s] -- Up-to-date: /home/olympusforge/ros2_frost/install/ydlidar_sdk/bin/gs_ota
[2.287s] -- Up-to-date: /home/olympusforge/ros2_frost/install/ydlidar_sdk/bin/gs_test
[2.293s] -- Up-to-date: /home/olympusforge/ros2_frost/install/ydlidar_sdk/bin/gs_test2
[2.293s] -- Up-to-date: /home/olympusforge/ros2_frost/install/ydlidar_sdk/bin/scl_test
[2.293s] -- Up-to-date: /home/olympusforge/ros2_frost/install/ydlidar_sdk/bin/sdm18_test
[2.293s] -- Up-to-date: /home/olympusforge/ros2_frost/install/ydlidar_sdk/bin/sdm_test
[2.293s] -- Up-to-date: /home/olympusforge/ros2_frost/install/ydlidar_sdk/bin/tea_test
[2.293s] -- Up-to-date: /home/olympusforge/ros2_frost/install/ydlidar_sdk/bin/tmini_test
[2.293s] -- Up-to-date: /home/olympusforge/ros2_frost/install/ydlidar_sdk/bin/tof_test
[2.294s] -- Up-to-date: /home/olympusforge/ros2_frost/install/ydlidar_sdk/bin/tri_and_gs_test
[2.294s] -- Up-to-date: /home/olympusforge/ros2_frost/install/ydlidar_sdk/bin/tri_restart
[2.294s] -- Up-to-date: /home/olympusforge/ros2_frost/install/ydlidar_sdk/bin/tri_test
[2.294s] -- Up-to-date: /home/olympusforge/ros2_frost/install/ydlidar_sdk/bin/lidar_c_api_test
[2.294s] Invoked command in '/home/olympusforge/ros2_frost/build/ydlidar_sdk' returned '0': /usr/bin/cmake --install /home/olympusforge/ros2_frost/build/ydlidar_sdk
