running develop
Removing /home/olympusforge/ros2_frost/install/tortoisebot_control/lib/python3.10/site-packages/tortoisebot-control.egg-link (link to .)
running egg_info
writing ../../../build/tortoisebot_control/tortoisebot_control.egg-info/PKG-INFO
writing dependency_links to ../../../build/tortoisebot_control/tortoisebot_control.egg-info/dependency_links.txt
writing entry points to ../../../build/tortoisebot_control/tortoisebot_control.egg-info/entry_points.txt
writing requirements to ../../../build/tortoisebot_control/tortoisebot_control.egg-info/requires.txt
writing top-level names to ../../../build/tortoisebot_control/tortoisebot_control.egg-info/top_level.txt
reading manifest file '../../../build/tortoisebot_control/tortoisebot_control.egg-info/SOURCES.txt'
writing manifest file '../../../build/tortoisebot_control/tortoisebot_control.egg-info/SOURCES.txt'
running build
running build_py
creating /home/olympusforge/ros2_frost/build/tortoisebot_control/build
creating /home/olympusforge/ros2_frost/build/tortoisebot_control/build/lib
creating /home/olympusforge/ros2_frost/build/tortoisebot_control/build/lib/tortoisebot_control
copying tortoisebot_control/teleop_twist_keyboard.py -> /home/olympusforge/ros2_frost/build/tortoisebot_control/build/lib/tortoisebot_control
copying tortoisebot_control/__init__.py -> /home/olympusforge/ros2_frost/build/tortoisebot_control/build/lib/tortoisebot_control
running install
running install_lib
creating /home/olympusforge/ros2_frost/install/tortoisebot_control/lib/python3.10/site-packages/tortoisebot_control
copying /home/olympusforge/ros2_frost/build/tortoisebot_control/build/lib/tortoisebot_control/teleop_twist_keyboard.py -> /home/olympusforge/ros2_frost/install/tortoisebot_control/lib/python3.10/site-packages/tortoisebot_control
copying /home/olympusforge/ros2_frost/build/tortoisebot_control/build/lib/tortoisebot_control/__init__.py -> /home/olympusforge/ros2_frost/install/tortoisebot_control/lib/python3.10/site-packages/tortoisebot_control
byte-compiling /home/olympusforge/ros2_frost/install/tortoisebot_control/lib/python3.10/site-packages/tortoisebot_control/teleop_twist_keyboard.py to teleop_twist_keyboard.cpython-310.pyc
byte-compiling /home/olympusforge/ros2_frost/install/tortoisebot_control/lib/python3.10/site-packages/tortoisebot_control/__init__.py to __init__.cpython-310.pyc
running install_data
copying resource/tortoisebot_control -> /home/olympusforge/ros2_frost/install/tortoisebot_control/share/ament_index/resource_index/packages
copying package.xml -> /home/olympusforge/ros2_frost/install/tortoisebot_control/share/tortoisebot_control
running install_egg_info
Copying ../../../build/tortoisebot_control/tortoisebot_control.egg-info to /home/olympusforge/ros2_frost/install/tortoisebot_control/lib/python3.10/site-packages/tortoisebot_control-0.0.0-py3.10.egg-info
running install_scripts
Installing teleop_twist_keyboard script to /home/olympusforge/ros2_frost/install/tortoisebot_control/lib/tortoisebot_control
writing list of installed files to '/home/olympusforge/ros2_frost/build/tortoisebot_control/install.log'
