[0.648s] Invoking command in '/home/olympusforge/ros2_frost/build/tortoisebot_control': PYTHONPATH=/home/olympusforge/ros2_frost/build/tortoisebot_control/prefix_override:/usr/lib/python3/dist-packages/colcon_core/task/python/colcon_distutils_commands:/home/olympusforge/ros2_frost/install/tortoisebot_control/lib/python3.10/site-packages:${PYTHONPATH} /usr/bin/python3 -W ignore:setup.py install is deprecated -W ignore:easy_install command is deprecated setup.py develop --uninstall --editable --build-directory /home/olympusforge/ros2_frost/build/tortoisebot_control/build
[0.926s] running develop
[1.051s] Removing /home/olympusforge/ros2_frost/install/tortoisebot_control/lib/python3.10/site-packages/tortoisebot-control.egg-link (link to .)
[1.071s] Invoked command in '/home/olympusforge/ros2_frost/build/tortoisebot_control' returned '0': PYTHONPATH=/home/olympusforge/ros2_frost/build/tortoisebot_control/prefix_override:/usr/lib/python3/dist-packages/colcon_core/task/python/colcon_distutils_commands:/home/olympusforge/ros2_frost/install/tortoisebot_control/lib/python3.10/site-packages:${PYTHONPATH} /usr/bin/python3 -W ignore:setup.py install is deprecated -W ignore:easy_install command is deprecated setup.py develop --uninstall --editable --build-directory /home/olympusforge/ros2_frost/build/tortoisebot_control/build
[1.074s] Invoking command in '/home/olympusforge/ros2_frost/src/tortoisebot/tortoisebot_control': PYTHONPATH=/home/olympusforge/ros2_frost/build/tortoisebot_control/prefix_override:/usr/lib/python3/dist-packages/colcon_core/task/python/colcon_distutils_commands:/home/olympusforge/ros2_frost/install/tortoisebot_control/lib/python3.10/site-packages:${PYTHONPATH} /usr/bin/python3 -W ignore:setup.py install is deprecated -W ignore:easy_install command is deprecated setup.py egg_info --egg-base ../../../build/tortoisebot_control build --build-base /home/olympusforge/ros2_frost/build/tortoisebot_control/build install --record /home/olympusforge/ros2_frost/build/tortoisebot_control/install.log --single-version-externally-managed install_data --force
[1.273s] running egg_info
[1.273s] writing ../../../build/tortoisebot_control/tortoisebot_control.egg-info/PKG-INFO
[1.273s] writing dependency_links to ../../../build/tortoisebot_control/tortoisebot_control.egg-info/dependency_links.txt
[1.276s] writing entry points to ../../../build/tortoisebot_control/tortoisebot_control.egg-info/entry_points.txt
[1.276s] writing requirements to ../../../build/tortoisebot_control/tortoisebot_control.egg-info/requires.txt
[1.277s] writing top-level names to ../../../build/tortoisebot_control/tortoisebot_control.egg-info/top_level.txt
[1.278s] reading manifest file '../../../build/tortoisebot_control/tortoisebot_control.egg-info/SOURCES.txt'
[1.280s] writing manifest file '../../../build/tortoisebot_control/tortoisebot_control.egg-info/SOURCES.txt'
[1.280s] running build
[1.280s] running build_py
[1.280s] creating /home/olympusforge/ros2_frost/build/tortoisebot_control/build
[1.280s] creating /home/olympusforge/ros2_frost/build/tortoisebot_control/build/lib
[1.280s] creating /home/olympusforge/ros2_frost/build/tortoisebot_control/build/lib/tortoisebot_control
[1.281s] copying tortoisebot_control/teleop_twist_keyboard.py -> /home/olympusforge/ros2_frost/build/tortoisebot_control/build/lib/tortoisebot_control
[1.281s] copying tortoisebot_control/__init__.py -> /home/olympusforge/ros2_frost/build/tortoisebot_control/build/lib/tortoisebot_control
[1.281s] running install
[1.281s] running install_lib
[1.281s] creating /home/olympusforge/ros2_frost/install/tortoisebot_control/lib/python3.10/site-packages/tortoisebot_control
[1.281s] copying /home/olympusforge/ros2_frost/build/tortoisebot_control/build/lib/tortoisebot_control/teleop_twist_keyboard.py -> /home/olympusforge/ros2_frost/install/tortoisebot_control/lib/python3.10/site-packages/tortoisebot_control
[1.281s] copying /home/olympusforge/ros2_frost/build/tortoisebot_control/build/lib/tortoisebot_control/__init__.py -> /home/olympusforge/ros2_frost/install/tortoisebot_control/lib/python3.10/site-packages/tortoisebot_control
[1.281s] byte-compiling /home/olympusforge/ros2_frost/install/tortoisebot_control/lib/python3.10/site-packages/tortoisebot_control/teleop_twist_keyboard.py to teleop_twist_keyboard.cpython-310.pyc
[1.281s] byte-compiling /home/olympusforge/ros2_frost/install/tortoisebot_control/lib/python3.10/site-packages/tortoisebot_control/__init__.py to __init__.cpython-310.pyc
[1.282s] running install_data
[1.282s] copying resource/tortoisebot_control -> /home/olympusforge/ros2_frost/install/tortoisebot_control/share/ament_index/resource_index/packages
[1.283s] copying package.xml -> /home/olympusforge/ros2_frost/install/tortoisebot_control/share/tortoisebot_control
[1.283s] running install_egg_info
[1.284s] Copying ../../../build/tortoisebot_control/tortoisebot_control.egg-info to /home/olympusforge/ros2_frost/install/tortoisebot_control/lib/python3.10/site-packages/tortoisebot_control-0.0.0-py3.10.egg-info
[1.285s] running install_scripts
[1.299s] Installing teleop_twist_keyboard script to /home/olympusforge/ros2_frost/install/tortoisebot_control/lib/tortoisebot_control
[1.300s] writing list of installed files to '/home/olympusforge/ros2_frost/build/tortoisebot_control/install.log'
[1.328s] Invoked command in '/home/olympusforge/ros2_frost/src/tortoisebot/tortoisebot_control' returned '0': PYTHONPATH=/home/olympusforge/ros2_frost/build/tortoisebot_control/prefix_override:/usr/lib/python3/dist-packages/colcon_core/task/python/colcon_distutils_commands:/home/olympusforge/ros2_frost/install/tortoisebot_control/lib/python3.10/site-packages:${PYTHONPATH} /usr/bin/python3 -W ignore:setup.py install is deprecated -W ignore:easy_install command is deprecated setup.py egg_info --egg-base ../../../build/tortoisebot_control build --build-base /home/olympusforge/ros2_frost/build/tortoisebot_control/build install --record /home/olympusforge/ros2_frost/build/tortoisebot_control/install.log --single-version-externally-managed install_data --force
