[0.235s] Invoking command in '/home/olympusforge/ros2_frost/build/tortoisebot_slam': CMAKE_PREFIX_PATH=${CMAKE_PREFIX_PATH}:/home/olympusforge/ros2_frost/install/tortoisebot_control:/opt/ros/humble /usr/bin/cmake /home/olympusforge/ros2_frost/src/tortoisebot/tortoisebot_slam -DAMENT_CMAKE_SYMLINK_INSTALL=1 -DCMAKE_INSTALL_PREFIX=/home/olympusforge/ros2_frost/install/tortoisebot_slam
[0.289s] -- The C compiler identification is GNU 11.4.0
[0.363s] -- The CXX compiler identification is GNU 11.4.0
[0.374s] -- Detecting C compiler ABI info
[0.501s] -- Detecting C compiler ABI info - done
[0.515s] -- Check for working C compiler: /usr/bin/cc - skipped
[0.515s] -- Detecting C compile features
[0.515s] -- Detecting C compile features - done
[0.515s] -- Detecting CXX compiler ABI info
[0.690s] -- Detecting CXX compiler ABI info - done
[0.695s] -- Check for working CXX compiler: /usr/bin/c++ - skipped
[0.695s] -- Detecting CXX compile features
[0.710s] -- Detecting CXX compile features - done
[0.710s] -- Found ament_cmake: 1.3.11 (/opt/ros/humble/share/ament_cmake/cmake)
[0.865s] -- Found Python3: /usr/bin/python3 (found version "3.10.12") found components: Interpreter 
[0.968s] -- Override CMake install command with custom implementation using symlinks instead of copying resources
[1.002s] -- Found ament_lint_auto: 0.12.11 (/opt/ros/humble/share/ament_lint_auto/cmake)
[1.095s] -- Added test 'copyright' to check source files copyright and LICENSE
[1.095s] -- Added test 'flake8' to check Python code syntax and style conventions
[1.100s] -- Added test 'lint_cmake' to check CMake code style
[1.101s] -- Added test 'pep257' to check Python code against some of the docstring style conventions in PEP 257
[1.101s] -- Added test 'xmllint' to check XML markup files
[1.106s] -- Configuring done
[1.106s] -- Generating done
[1.111s] -- Build files have been written to: /home/olympusforge/ros2_frost/build/tortoisebot_slam
[1.150s] Invoked command in '/home/olympusforge/ros2_frost/build/tortoisebot_slam' returned '0': CMAKE_PREFIX_PATH=${CMAKE_PREFIX_PATH}:/home/olympusforge/ros2_frost/install/tortoisebot_control:/opt/ros/humble /usr/bin/cmake /home/olympusforge/ros2_frost/src/tortoisebot/tortoisebot_slam -DAMENT_CMAKE_SYMLINK_INSTALL=1 -DCMAKE_INSTALL_PREFIX=/home/olympusforge/ros2_frost/install/tortoisebot_slam
[1.160s] Invoking command in '/home/olympusforge/ros2_frost/build/tortoisebot_slam': CMAKE_PREFIX_PATH=${CMAKE_PREFIX_PATH}:/home/olympusforge/ros2_frost/install/tortoisebot_control:/opt/ros/humble /usr/bin/cmake --build /home/olympusforge/ros2_frost/build/tortoisebot_slam -- -j8 -l8
[1.211s] Invoked command in '/home/olympusforge/ros2_frost/build/tortoisebot_slam' returned '0': CMAKE_PREFIX_PATH=${CMAKE_PREFIX_PATH}:/home/olympusforge/ros2_frost/install/tortoisebot_control:/opt/ros/humble /usr/bin/cmake --build /home/olympusforge/ros2_frost/build/tortoisebot_slam -- -j8 -l8
[1.214s] Invoking command in '/home/olympusforge/ros2_frost/build/tortoisebot_slam': CMAKE_PREFIX_PATH=${CMAKE_PREFIX_PATH}:/home/olympusforge/ros2_frost/install/tortoisebot_control:/opt/ros/humble /usr/bin/cmake --install /home/olympusforge/ros2_frost/build/tortoisebot_slam
[1.528s] -- Install configuration: ""
[1.528s] -- Execute custom install script
[1.529s] -- Symlinking: /home/olympusforge/ros2_frost/install/tortoisebot_slam/share/tortoisebot_slam/launch/cartographer.launch.py
[1.529s] -- Symlinking: /home/olympusforge/ros2_frost/install/tortoisebot_slam/share/tortoisebot_slam/config/ekf.yaml
[1.529s] -- Symlinking: /home/olympusforge/ros2_frost/install/tortoisebot_slam/share/tortoisebot_slam/config/slam.lua
[1.529s] -- Symlinking: /home/olympusforge/ros2_frost/install/tortoisebot_slam/share/ament_index/resource_index/package_run_dependencies/tortoisebot_slam
[1.529s] -- Symlinking: /home/olympusforge/ros2_frost/install/tortoisebot_slam/share/ament_index/resource_index/parent_prefix_path/tortoisebot_slam
[1.529s] -- Symlinking: /home/olympusforge/ros2_frost/install/tortoisebot_slam/share/tortoisebot_slam/environment/ament_prefix_path.sh
[1.529s] -- Symlinking: /home/olympusforge/ros2_frost/install/tortoisebot_slam/share/tortoisebot_slam/environment/ament_prefix_path.dsv
[1.529s] -- Symlinking: /home/olympusforge/ros2_frost/install/tortoisebot_slam/share/tortoisebot_slam/environment/path.sh
[1.529s] -- Symlinking: /home/olympusforge/ros2_frost/install/tortoisebot_slam/share/tortoisebot_slam/environment/path.dsv
[1.529s] -- Symlinking: /home/olympusforge/ros2_frost/install/tortoisebot_slam/share/tortoisebot_slam/local_setup.bash
[1.529s] -- Symlinking: /home/olympusforge/ros2_frost/install/tortoisebot_slam/share/tortoisebot_slam/local_setup.sh
[1.529s] -- Symlinking: /home/olympusforge/ros2_frost/install/tortoisebot_slam/share/tortoisebot_slam/local_setup.zsh
[1.530s] -- Symlinking: /home/olympusforge/ros2_frost/install/tortoisebot_slam/share/tortoisebot_slam/local_setup.dsv
[1.530s] -- Symlinking: /home/olympusforge/ros2_frost/install/tortoisebot_slam/share/tortoisebot_slam/package.dsv
[1.530s] -- Symlinking: /home/olympusforge/ros2_frost/install/tortoisebot_slam/share/ament_index/resource_index/packages/tortoisebot_slam
[1.530s] -- Symlinking: /home/olympusforge/ros2_frost/install/tortoisebot_slam/share/tortoisebot_slam/cmake/tortoisebot_slamConfig.cmake
[1.530s] -- Symlinking: /home/olympusforge/ros2_frost/install/tortoisebot_slam/share/tortoisebot_slam/cmake/tortoisebot_slamConfig-version.cmake
[1.530s] -- Symlinking: /home/olympusforge/ros2_frost/install/tortoisebot_slam/share/tortoisebot_slam/package.xml
[1.563s] Invoked command in '/home/olympusforge/ros2_frost/build/tortoisebot_slam' returned '0': CMAKE_PREFIX_PATH=${CMAKE_PREFIX_PATH}:/home/olympusforge/ros2_frost/install/tortoisebot_control:/opt/ros/humble /usr/bin/cmake --install /home/olympusforge/ros2_frost/build/tortoisebot_slam
